
Gurobi 13.0.2 (linux64) logging started Thu Jul 30 11:54:28 2026

Set parameter LogFile to value "Logs/ALLGATHER_LP_RailOptimizedSpineLeaf_coarse_44-nodes_8-chunks_32-epochs_0.02-epoch_duration_ObjectiveType.PAPER.log"
Set parameter LogToConsole to value 0
Set parameter OutputFlag to value 1
Set parameter TimeLimit to value 7200
Set parameter FeasibilityTol to value 0.0001
Set parameter IntFeasTol to value 0.0001
Set parameter OptimalityTol to value 0.0001
Set parameter MIPGap to value 0.0001
Set parameter Crossover to value -1
Set parameter MIPFocus to value 0
Set parameter Method to value -1
Set parameter Heuristics to value 0.05
Set parameter Presolve to value -1
Set parameter SolutionLimit to value 2000000
Set parameter PreSOS1BigM to value 1000000
Gurobi Optimizer version 13.0.2 build v13.0.2rc1 (linux64 - "Ubuntu 22.04.5 LTS")

CPU model: Intel(R) Xeon(R) CPU E5-2680 v3 @ 2.50GHz, instruction set [SSE2|AVX|AVX2]
Thread count: 24 physical cores, 48 logical processors, using up to 24 threads

Non-default parameters:
SolutionLimit  2000000
TimeLimit  7200
FeasibilityTol  0.0001
IntFeasTol  0.0001
OptimalityTol  0.0001
LogToConsole  0
PreSOS1BigM  1000000

Academic license 2766017 - for non-commercial use only - registered to wa___@mit.edu
Optimize a model with 732160 rows, 724992 columns and 3232000 nonzeros (Min)
Model fingerprint: 0x424de166
Model has 634880 linear objective coefficients
Coefficient statistics:
  Matrix range     [1e+00, 1e+00]
  Objective range  [6e-02, 1e+01]
  Bounds range     [8e+00, 8e+03]
  RHS range        [1e+00, 2e+02]

Presolve removed 686368 rows and 593984 columns
Presolve time: 3.10s
Presolved: 45792 rows, 131008 columns, 343424 nonzeros

Iteration    Objective       Primal Inf.    Dual Inf.      Time
       0   -3.2160121e+05   1.149534e+01   0.000000e+00      3s
     121   -8.0878061e+04   0.000000e+00   0.000000e+00      3s

Use crossover to convert LP symmetric solution to basic solution...
Crossover log...

       0 DPushes remaining with DInf 0.0000000e+00                 3s

   31075 PPushes remaining with PInf 0.0000000e+00                 3s
   15673 PPushes remaining with PInf 9.3765484e+00                 5s
    4394 PPushes remaining with PInf 9.1585161e+00                10s
      63 PPushes remaining with PInf 8.1510000e+00                13s

  Push phase complete: Pinf 8.1510000e+00, Dinf 2.2554110e-10     13s

Iteration    Objective       Primal Inf.    Dual Inf.      Time
   33961   -8.0909596e+04   4.298996e+03   0.000000e+00     13s
   34201   -8.0909563e+04   1.769836e+03   0.000000e+00     15s
   35141   -8.0907936e+04   6.704287e+02   0.000000e+00     20s
   36201   -8.0878480e+04   3.794792e+01   0.000000e+00     25s
Crossover time: 25.25 seconds (21.87 work units)
   37619   -8.0878061e+04   0.000000e+00   0.000000e+00     30s

Solved in 37619 iterations and 29.67 seconds (24.51 work units)
Optimal objective -8.087806061e+04
