
Gurobi 13.0.2 (linux64) logging started Thu Jul 30 10:40:23 2026

Set parameter LogFile to value "Logs/ALLGATHER_LP_RailOptimizedSpineLeaf_coarse_44-nodes_8-chunks_40-epochs_176.00615999999997-epoch_duration_ObjectiveType.PAPER.log"
Set parameter LogToConsole to value 0
Set parameter OutputFlag to value 1
Set parameter TimeLimit to value 7200
Set parameter FeasibilityTol to value 0.0001
Set parameter IntFeasTol to value 0.0001
Set parameter OptimalityTol to value 0.0001
Set parameter MIPGap to value 0.0001
Set parameter Crossover to value -1
Set parameter MIPFocus to value 0
Set parameter Method to value -1
Set parameter Heuristics to value 0.05
Set parameter Presolve to value -1
Set parameter SolutionLimit to value 1
Set parameter PreSOS1BigM to value 1000000
Gurobi Optimizer version 13.0.2 build v13.0.2rc1 (linux64 - "Ubuntu 22.04.5 LTS")

CPU model: Intel(R) Xeon(R) CPU E5-2680 v3 @ 2.50GHz, instruction set [SSE2|AVX|AVX2]
Thread count: 24 physical cores, 48 logical processors, using up to 24 threads

Non-default parameters:
SolutionLimit  1
TimeLimit  7200
FeasibilityTol  0.0001
IntFeasTol  0.0001
OptimalityTol  0.0001
LogToConsole  0
PreSOS1BigM  1000000

Academic license 2766017 - for non-commercial use only - registered to wa___@mit.edu
Optimize a model with 914944 rows, 906240 columns and 4040960 nonzeros (Min)
Model fingerprint: 0x62a359cd
Model has 793600 linear objective coefficients
Coefficient statistics:
  Matrix range     [1e+00, 1e+00]
  Objective range  [5e-02, 1e+01]
  Bounds range     [8e+00, 8e+03]
  RHS range        [8e+00, 7e+04]

Presolve removed 859952 rows and 742208 columns
Presolve time: 4.06s
Presolved: 54992 rows, 164032 columns, 425376 nonzeros

Iteration    Objective       Primal Inf.    Dual Inf.      Time
       0   -3.7806381e+05   6.968750e+00   0.000000e+00      4s
       1   -3.3877093e+05   0.000000e+00   0.000000e+00      4s

Use crossover to convert LP symmetric solution to basic solution...
Crossover log...

       0 DPushes remaining with DInf 0.0000000e+00                 4s

       0 PPushes remaining with PInf 0.0000000e+00                 4s

  Push phase complete: Pinf 0.0000000e+00, Dinf 0.0000000e+00      4s

Crossover time: 0.08 seconds (0.03 work units)
Iteration    Objective       Primal Inf.    Dual Inf.      Time
    1082   -3.3877093e+05   0.000000e+00   0.000000e+00      5s

Solved in 1082 iterations and 5.45 seconds (3.52 work units)
Optimal objective -3.387709317e+05
Gurobi Optimizer version 13.0.2 build v13.0.2rc1 (linux64 - "Ubuntu 22.04.5 LTS")

CPU model: Intel(R) Xeon(R) CPU E5-2680 v3 @ 2.50GHz, instruction set [SSE2|AVX|AVX2]
Thread count: 24 physical cores, 48 logical processors, using up to 24 threads

Non-default parameters:
SolutionLimit  1
TimeLimit  7200
FeasibilityTol  0.0001
IntFeasTol  0.0001
OptimalityTol  0.0001
LogToConsole  0
PreSOS1BigM  1000000

Academic license 2766017 - for non-commercial use only - registered to wa___@mit.edu
Optimize a model with 914944 rows, 906240 columns and 4040960 nonzeros (Min)
Model has 793600 linear objective coefficients
Coefficient statistics:
  Matrix range     [1e+00, 1e+00]
  Objective range  [5e-02, 1e+01]
  Bounds range     [8e+00, 8e+03]
  RHS range        [8e+00, 9e+02]

LP warm-start: use basis

Iteration    Objective       Primal Inf.    Dual Inf.      Time
       0   -3.3877093e+05   0.000000e+00   0.000000e+00      1s

Solved in 0 iterations and 1.11 seconds (0.29 work units)
Optimal objective -3.387709317e+05
Gurobi Optimizer version 13.0.2 build v13.0.2rc1 (linux64 - "Ubuntu 22.04.5 LTS")

CPU model: Intel(R) Xeon(R) CPU E5-2680 v3 @ 2.50GHz, instruction set [SSE2|AVX|AVX2]
Thread count: 24 physical cores, 48 logical processors, using up to 24 threads

Non-default parameters:
SolutionLimit  1
TimeLimit  7200
FeasibilityTol  0.0001
IntFeasTol  0.0001
OptimalityTol  0.0001
LogToConsole  0
PreSOS1BigM  1000000

Academic license 2766017 - for non-commercial use only - registered to wa___@mit.edu
Optimize a model with 914944 rows, 906240 columns and 4040960 nonzeros (Min)
Model has 793600 linear objective coefficients
Coefficient statistics:
  Matrix range     [1e+00, 1e+00]
  Objective range  [5e-02, 1e+01]
  Bounds range     [8e+00, 8e+03]
  RHS range        [1e+00, 2e+02]

LP warm-start: use basis

Iteration    Objective       Primal Inf.    Dual Inf.      Time
       0   -3.3877093e+05   1.895997e+03   0.000000e+00      1s
   22366   -1.6092564e+05   3.269878e+04   0.000000e+00     10s
   26886   -1.4951729e+05   6.048501e+04   0.000000e+00     15s
   28546   -1.4834344e+05   1.812799e+05   0.000000e+00     21s
   32336   -1.4247262e+05   5.293413e+04   0.000000e+00     27s
   35606   -1.3829182e+05   6.196728e+04   0.000000e+00     32s
   38248   -1.3735958e+05   5.902850e+04   0.000000e+00     37s
   40786   -1.3550989e+05   7.824199e+04   0.000000e+00     41s
   42937   -1.3466446e+05   5.710031e+04   0.000000e+00     45s
   44957   -1.3424004e+05   5.387241e+04   0.000000e+00     51s
   47404   -1.3375980e+05   3.059101e+04   0.000000e+00     56s
   49814   -1.3193377e+05   5.588690e+04   0.000000e+00     62s
   52287   -1.3166110e+05   4.407658e+04   0.000000e+00     68s
   54053   -1.3145215e+05   3.533662e+04   0.000000e+00     73s
   55503   -1.2935356e+05   2.335626e+05   0.000000e+00     80s
   56563   -1.2853422e+05   9.294271e+04   0.000000e+00     87s
   57403   -1.2830561e+05   1.800807e+05   0.000000e+00     93s
   58193   -1.2817062e+05   8.015776e+04   0.000000e+00     99s
   58533   -1.2817036e+05   9.954218e+04   0.000000e+00    106s
   58973   -1.2817025e+05   6.354783e+04   0.000000e+00    112s
   59373   -1.2817014e+05   7.974257e+04   0.000000e+00    118s
   60333   -1.2547381e+05   1.710470e+05   0.000000e+00    125s
   60533   -1.2547372e+05   1.739576e+05   0.000000e+00    131s
   60873   -1.2522736e+05   6.144085e+04   0.000000e+00    137s
   61453   -1.2500671e+05   7.178039e+04   0.000000e+00    144s
   61803   -1.2469968e+05   1.868178e+05   0.000000e+00    150s
   62233   -1.2466522e+05   9.515553e+04   0.000000e+00    157s
   62693   -1.2466502e+05   1.038822e+05   0.000000e+00    163s
   63183   -1.2465933e+05   7.536646e+04   0.000000e+00    169s
   63523   -1.2463358e+05   9.267867e+04   0.000000e+00    175s
   63783   -1.2463259e+05   3.385280e+05   0.000000e+00    182s
   63983   -1.2461570e+05   8.299931e+04   0.000000e+00    188s
   64273   -1.2461557e+05   1.104221e+05   0.000000e+00    195s
   64953   -1.2440273e+05   2.620658e+05   0.000000e+00    201s
   65413   -1.2422143e+05   8.402066e+04   0.000000e+00    208s
   66033   -1.2419450e+05   1.222232e+05   0.000000e+00    214s
   66453   -1.2418085e+05   1.820478e+05   0.000000e+00    221s
   66943   -1.2399957e+05   1.524518e+05   0.000000e+00    227s
   67613   -1.2377507e+05   1.569367e+05   0.000000e+00    234s
   67793   -1.2377497e+05   9.897571e+04   0.000000e+00    240s
   68403   -1.2376874e+05   9.588076e+04   0.000000e+00    247s
   68723   -1.2376175e+05   7.130921e+04   0.000000e+00    253s
   68903   -1.2376169e+05   6.934168e+04   0.000000e+00    260s
   69083   -1.2376161e+05   7.123039e+04   0.000000e+00    267s
   69283   -1.2376153e+05   1.388166e+05   0.000000e+00    273s
   69813   -1.2373184e+05   1.035835e+05   0.000000e+00    279s
   70123   -1.2373171e+05   1.120880e+05   0.000000e+00    286s
   70503   -1.2371075e+05   9.866748e+04   0.000000e+00    292s
   70803   -1.2370983e+05   3.819082e+05   0.000000e+00    299s
   71043   -1.2370970e+05   7.535876e+04   0.000000e+00    305s
   71283   -1.2370960e+05   2.316693e+05   0.000000e+00    311s
   71523   -1.2370950e+05   1.947222e+05   0.000000e+00    318s
   71833   -1.2370936e+05   7.821845e+04   0.000000e+00    324s
   72253   -1.2370048e+05   8.937981e+04   0.000000e+00    330s
   72782   -1.2369091e+05   2.615284e+04   0.000000e+00    336s
   73333   -1.2365368e+05   1.576755e+05   0.000000e+00    341s
   73803   -1.2364503e+05   8.591988e+04   0.000000e+00    348s
   74386   -1.2363633e+05   5.713829e+04   0.000000e+00    351s
   74786   -1.2363617e+05   1.232627e+05   0.000000e+00    357s
   75086   -1.2363526e+05   7.964287e+04   0.000000e+00    363s
   75286   -1.2363519e+05   6.701315e+04   0.000000e+00    369s
   75536   -1.2363507e+05   4.226439e+04   0.000000e+00    376s
   76496   -1.2362527e+05   1.299793e+05   0.000000e+00    385s
   76646   -1.2362442e+05   1.290856e+05   0.000000e+00    391s
   76856   -1.2362430e+05   1.371400e+05   0.000000e+00    398s
   77256   -1.2360705e+05   3.841573e+05   0.000000e+00    404s
   77636   -1.2360149e+05   1.039270e+05   0.000000e+00    410s
   77966   -1.2359351e+05   2.134942e+05   0.000000e+00    417s
   78156   -1.2359340e+05   1.350239e+05   0.000000e+00    423s
   78662   -1.2359157e+05   2.189278e+05   0.000000e+00    428s
   78792   -1.2359151e+05   1.787790e+05   0.000000e+00    435s
   78922   -1.2359144e+05   8.167914e+04   0.000000e+00    441s
   79062   -1.2359138e+05   7.836317e+04   0.000000e+00    447s
   79222   -1.2359132e+05   9.087447e+04   0.000000e+00    454s
   79512   -1.2359122e+05   1.250567e+05   0.000000e+00    461s
   79982   -1.2355611e+05   1.156222e+05   0.000000e+00    467s
   80182   -1.2355603e+05   1.069205e+05   0.000000e+00    474s
   80372   -1.2355590e+05   9.892905e+04   0.000000e+00    480s
   80542   -1.2355580e+05   2.748912e+05   0.000000e+00    486s
   80862   -1.2354240e+05   4.490296e+04   0.000000e+00    493s
   81182   -1.2354227e+05   2.261534e+05   0.000000e+00    499s
   81452   -1.2354216e+05   5.123482e+04   0.000000e+00    505s
   81622   -1.2354206e+05   5.007303e+04   0.000000e+00    511s
   82274   -1.2353315e+05   5.677303e+04   0.000000e+00    521s
   82414   -1.2353308e+05   6.785079e+04   0.000000e+00    527s
   82574   -1.2353303e+05   9.250526e+04   0.000000e+00    533s
   82714   -1.2353298e+05   9.433729e+04   0.000000e+00    539s
   83196   -1.2353280e+05   8.626642e+04   0.000000e+00    544s
   83396   -1.2353273e+05   1.050748e+05   0.000000e+00    551s
   83566   -1.2353268e+05   8.660864e+04   0.000000e+00    557s
   83736   -1.2353262e+05   6.332184e+04   0.000000e+00    564s
   84218   -1.2352390e+05   8.402641e+04   0.000000e+00    569s
   84378   -1.2352383e+05   1.105634e+05   0.000000e+00    576s
   84568   -1.2352373e+05   8.668118e+04   0.000000e+00    582s
   84818   -1.2352365e+05   1.834734e+05   0.000000e+00    589s
   84968   -1.2352358e+05   1.208336e+05   0.000000e+00    595s
   85148   -1.2352351e+05   7.049268e+04   0.000000e+00    602s
   85398   -1.2351520e+05   8.428754e+04   0.000000e+00    608s
   85558   -1.2351513e+05   1.731940e+05   0.000000e+00    615s
   85718   -1.2351508e+05   4.956908e+04   0.000000e+00    621s
   85858   -1.2351502e+05   1.393994e+05   0.000000e+00    627s
   86038   -1.2351495e+05   1.327946e+05   0.000000e+00    634s
   86228   -1.2351487e+05   2.166554e+05   0.000000e+00    641s
   86378   -1.2351481e+05   4.448951e+04   0.000000e+00    647s
   86618   -1.2351468e+05   7.422790e+04   0.000000e+00    654s
   86758   -1.2351460e+05   1.560050e+05   0.000000e+00    660s
   87038   -1.2351447e+05   8.227270e+04   0.000000e+00    667s
   87418   -1.2350624e+05   7.978889e+04   0.000000e+00    674s
   87578   -1.2350617e+05   8.950017e+04   0.000000e+00    680s
   87758   -1.2350611e+05   8.156464e+04   0.000000e+00    687s
   87968   -1.2350604e+05   9.072636e+04   0.000000e+00    693s
   88118   -1.2350598e+05   1.119575e+05   0.000000e+00    699s
   88398   -1.2349810e+05   1.244024e+05   0.000000e+00    706s
   88718   -1.2349794e+05   1.557124e+05   0.000000e+00    712s
   88958   -1.2349597e+05   4.846144e+04   0.000000e+00    718s
   89198   -1.2349587e+05   5.135988e+04   0.000000e+00    725s
   89680   -1.2348779e+05   3.739030e+04   0.000000e+00    730s
   89890   -1.2348770e+05   3.478363e+04   0.000000e+00    736s
   90010   -1.2348767e+05   5.752194e+04   0.000000e+00    742s
   90260   -1.2348755e+05   3.894194e+04   0.000000e+00    749s
   90420   -1.2348749e+05   9.632613e+04   0.000000e+00    756s
   90750   -1.2348722e+05   1.224799e+05   0.000000e+00    762s
   90880   -1.2348716e+05   1.366599e+05   0.000000e+00    768s
   91020   -1.2348711e+05   1.112655e+05   0.000000e+00    775s
   91502   -1.2347882e+05   1.156944e+05   0.000000e+00    780s
   91662   -1.2347873e+05   6.247420e+04   0.000000e+00    787s
   91822   -1.2347867e+05   6.282423e+04   0.000000e+00    793s
   91942   -1.2347862e+05   1.882522e+05   0.000000e+00    800s
   92082   -1.2347855e+05   1.088588e+05   0.000000e+00    806s
   92232   -1.2347847e+05   8.226357e+04   0.000000e+00    812s
   92662   -1.2347021e+05   6.097407e+04   0.000000e+00    819s
   92882   -1.2347014e+05   6.198170e+04   0.000000e+00    825s
   93012   -1.2347009e+05   9.355288e+04   0.000000e+00    831s
   93152   -1.2347003e+05   5.698583e+04   0.000000e+00    838s
   93312   -1.2346997e+05   5.960628e+04   0.000000e+00    845s
   93462   -1.2346991e+05   7.094953e+04   0.000000e+00    851s
   93632   -1.2346983e+05   4.681222e+04   0.000000e+00    858s
   93782   -1.2346977e+05   6.387506e+04   0.000000e+00    864s
   93922   -1.2346974e+05   4.897539e+04   0.000000e+00    871s
   94062   -1.2346969e+05   1.664932e+05   0.000000e+00    877s
   94302   -1.2346416e+05   7.056329e+04   0.000000e+00    884s
   94602   -1.2346221e+05   7.037311e+04   0.000000e+00    890s
   94822   -1.2346213e+05   6.460971e+04   0.000000e+00    897s
   95082   -1.2346205e+05   4.049995e+04   0.000000e+00    903s
   95302   -1.2346197e+05   8.518502e+04   0.000000e+00    910s
   95532   -1.2346188e+05   6.720253e+04   0.000000e+00    916s
   95692   -1.2346183e+05   1.041531e+05   0.000000e+00    922s
   95862   -1.2346177e+05   4.807137e+04   0.000000e+00    929s
   95992   -1.2346173e+05   3.342995e+04   0.000000e+00    935s
   96142   -1.2346169e+05   4.416976e+04   0.000000e+00    942s
   96272   -1.2346163e+05   6.010281e+04   0.000000e+00    948s
   96372   -1.2346160e+05   3.359046e+04   0.000000e+00    954s
   96502   -1.2346156e+05   7.332598e+04   0.000000e+00    961s
   96672   -1.2345433e+05   4.497205e+04   0.000000e+00    967s
   96932   -1.2345412e+05   9.471609e+04   0.000000e+00    973s
   97162   -1.2345402e+05   1.076863e+05   0.000000e+00    980s
   97282   -1.2345399e+05   7.718150e+04   0.000000e+00    986s
   97412   -1.2345395e+05   9.819840e+04   0.000000e+00    993s
   97572   -1.2345389e+05   5.520824e+04   0.000000e+00    999s
   97792   -1.2345380e+05   6.209541e+04   0.000000e+00   1012s
   97922   -1.2345377e+05   2.947350e+04   0.000000e+00   1019s
   98052   -1.2345373e+05   1.879601e+05   0.000000e+00   1025s
   98182   -1.2345368e+05   4.429771e+04   0.000000e+00   1031s
   98342   -1.2345362e+05   1.076957e+05   0.000000e+00   1038s
   98452   -1.2345359e+05   7.352907e+04   0.000000e+00   1044s
   98552   -1.2345353e+05   1.037050e+05   0.000000e+00   1051s
   98822   -1.2344598e+05   8.597217e+04   0.000000e+00   1057s
   98952   -1.2344593e+05   7.779484e+04   0.000000e+00   1064s
   99142   -1.2344582e+05   1.890418e+05   0.000000e+00   1071s
   99432   -1.2343825e+05   1.245572e+05   0.000000e+00   1077s
   99542   -1.2343820e+05   8.233016e+04   0.000000e+00   1083s
   99802   -1.2343807e+05   7.009993e+04   0.000000e+00   1090s
  100022   -1.2343798e+05   1.209897e+05   0.000000e+00   1096s
  100162   -1.2343791e+05   7.994173e+04   0.000000e+00   1103s
  100282   -1.2343787e+05   4.411549e+04   0.000000e+00   1110s
  100462   -1.2343781e+05   6.122008e+04   0.000000e+00   1116s
  100672   -1.2343772e+05   8.490826e+04   0.000000e+00   1122s
  100812   -1.2343767e+05   5.627111e+04   0.000000e+00   1128s
  101142   -1.2343752e+05   1.052666e+05   0.000000e+00   1141s
  101432   -1.2343743e+05   5.331866e+04   0.000000e+00   1148s
  101572   -1.2343737e+05   1.547539e+05   0.000000e+00   1154s
  101792   -1.2343728e+05   1.010077e+05   0.000000e+00   1160s
  102082   -1.2343707e+05   1.732744e+05   0.000000e+00   1167s
  102232   -1.2343701e+05   1.347375e+05   0.000000e+00   1174s
  102472   -1.2343687e+05   1.065680e+05   0.000000e+00   1180s
  102792   -1.2342948e+05   5.693703e+04   0.000000e+00   1186s
  102902   -1.2342944e+05   7.507059e+04   0.000000e+00   1193s
  103152   -1.2342208e+05   4.369077e+04   0.000000e+00   1199s
  103402   -1.2342199e+05   9.907883e+04   0.000000e+00   1205s
  103502   -1.2342195e+05   1.266272e+05   0.000000e+00   1212s
  103672   -1.2342188e+05   9.480918e+04   0.000000e+00   1219s
  103852   -1.2342180e+05   1.034267e+05   0.000000e+00   1225s
  104012   -1.2342172e+05   6.370367e+04   0.000000e+00   1232s
  104142   -1.2342167e+05   1.020486e+05   0.000000e+00   1238s
  104262   -1.2342163e+05   8.849033e+04   0.000000e+00   1245s
  104522   -1.2342094e+05   1.040669e+05   0.000000e+00   1251s
  105004   -1.2341267e+05   3.538129e+04   0.000000e+00   1257s
  105164   -1.2341260e+05   7.868505e+04   0.000000e+00   1263s
  105284   -1.2341255e+05   6.682199e+04   0.000000e+00   1270s
  105544   -1.2341245e+05   2.451423e+05   0.000000e+00   1282s
  105664   -1.2341240e+05   9.193825e+04   0.000000e+00   1289s
  105784   -1.2341236e+05   1.070005e+05   0.000000e+00   1296s
  105924   -1.2341230e+05   4.885647e+04   0.000000e+00   1302s
  106024   -1.2341227e+05   6.175896e+04   0.000000e+00   1308s
  106164   -1.2341224e+05   5.564702e+04   0.000000e+00   1314s
  106324   -1.2341216e+05   8.544153e+04   0.000000e+00   1321s
  106634   -1.2340469e+05   1.044658e+05   0.000000e+00   1327s
  106824   -1.2340461e+05   7.794671e+04   0.000000e+00   1334s
  107004   -1.2340454e+05   4.524663e+04   0.000000e+00   1341s
  107264   -1.2340444e+05   5.587853e+04   0.000000e+00   1347s
  107394   -1.2340440e+05   5.498237e+04   0.000000e+00   1353s
  107514   -1.2340437e+05   6.996991e+04   0.000000e+00   1360s
  107624   -1.2340433e+05   7.477882e+04   0.000000e+00   1366s
  107784   -1.2340428e+05   4.265321e+04   0.000000e+00   1373s
  107894   -1.2340425e+05   6.035888e+04   0.000000e+00   1379s
  108024   -1.2340420e+05   8.135075e+04   0.000000e+00   1386s
  108174   -1.2340416e+05   3.608767e+04   0.000000e+00   1393s
  108314   -1.2340413e+05   5.812079e+04   0.000000e+00   1400s
  108484   -1.2340409e+05   9.663591e+04   0.000000e+00   1406s
  108714   -1.2340398e+05   9.717481e+04   0.000000e+00   1413s
  108864   -1.2340390e+05   2.063371e+05   0.000000e+00   1419s
  108984   -1.2336643e+05   1.550351e+05   0.000000e+00   1426s
  109174   -1.2336594e+05   1.134432e+05   0.000000e+00   1432s
  109394   -1.2335016e+05   1.877184e+05   0.000000e+00   1438s
  109524   -1.2334935e+05   2.010076e+05   0.000000e+00   1445s
  109654   -1.2334923e+05   1.909961e+05   0.000000e+00   1452s
  109764   -1.2334917e+05   1.991150e+05   0.000000e+00   1458s
  109984   -1.2334896e+05   3.568611e+05   0.000000e+00   1464s
  110264   -1.2334504e+05   1.995933e+05   0.000000e+00   1471s
  110394   -1.2334497e+05   4.206624e+05   0.000000e+00   1477s
  110554   -1.2334490e+05   2.871794e+05   0.000000e+00   1484s
  110944   -1.2333760e+05   2.347584e+05   0.000000e+00   1490s
  111294   -1.2333742e+05   1.657229e+05   0.000000e+00   1496s
  111404   -1.2333735e+05   2.650364e+05   0.000000e+00   1503s
  111504   -1.2333730e+05   9.623444e+04   0.000000e+00   1509s
  111864   -1.2332799e+05   9.617051e+04   0.000000e+00   1516s
  112054   -1.2332788e+05   9.272285e+04   0.000000e+00   1522s
  112514   -1.2332764e+05   1.215463e+05   0.000000e+00   1529s
  112704   -1.2332757e+05   5.976670e+04   0.000000e+00   1535s
  112814   -1.2332753e+05   9.419301e+04   0.000000e+00   1542s
  112954   -1.2332747e+05   1.114535e+05   0.000000e+00   1548s
  113084   -1.2332744e+05   4.653217e+04   0.000000e+00   1555s
  113244   -1.2332738e+05   6.946903e+04   0.000000e+00   1561s
  113364   -1.2332734e+05   1.846600e+05   0.000000e+00   1568s
  113504   -1.2332728e+05   1.145012e+05   0.000000e+00   1575s
  113664   -1.2332722e+05   5.584300e+04   0.000000e+00   1581s
  113814   -1.2332718e+05   5.278993e+04   0.000000e+00   1588s
  113934   -1.2332713e+05   4.777152e+04   0.000000e+00   1595s
  114054   -1.2332709e+05   5.836284e+04   0.000000e+00   1601s
  114184   -1.2332704e+05   1.043985e+05   0.000000e+00   1608s
  114314   -1.2332701e+05   9.634875e+04   0.000000e+00   1614s
  114424   -1.2332697e+05   2.456093e+05   0.000000e+00   1621s
  114544   -1.2332692e+05   1.681425e+05   0.000000e+00   1627s
  114694   -1.2332686e+05   1.872762e+05   0.000000e+00   1634s
  114804   -1.2332682e+05   2.052531e+05   0.000000e+00   1641s
  114914   -1.2332676e+05   1.408528e+05   0.000000e+00   1647s
  115044   -1.2332672e+05   9.403712e+04   0.000000e+00   1654s
  115204   -1.2332663e+05   1.069526e+05   0.000000e+00   1660s
  115334   -1.2332658e+05   1.258207e+05   0.000000e+00   1666s
  115474   -1.2332652e+05   1.702517e+05   0.000000e+00   1673s
  115624   -1.2332646e+05   5.229855e+05   0.000000e+00   1679s
  115724   -1.2332637e+05   1.581802e+05   0.000000e+00   1686s
  115844   -1.2332630e+05   1.851314e+05   0.000000e+00   1692s
  115944   -1.2332623e+05   2.383639e+05   0.000000e+00   1698s
  116064   -1.2332617e+05   1.250517e+05   0.000000e+00   1705s
  116214   -1.2332611e+05   9.208390e+04   0.000000e+00   1711s
  116344   -1.2332600e+05   9.792430e+04   0.000000e+00   1718s
  116464   -1.2332594e+05   2.462313e+05   0.000000e+00   1724s
  116564   -1.2332588e+05   1.195660e+05   0.000000e+00   1730s
  116704   -1.2332580e+05   1.005031e+05   0.000000e+00   1737s
  116814   -1.2332575e+05   7.023153e+04   0.000000e+00   1744s
  116924   -1.2332569e+05   1.505200e+05   0.000000e+00   1750s
  117034   -1.2332555e+05   1.211451e+05   0.000000e+00   1756s
  117194   -1.2332547e+05   2.032090e+05   0.000000e+00   1763s
  117314   -1.2332539e+05   2.640529e+05   0.000000e+00   1769s
  117474   -1.2332532e+05   1.928755e+05   0.000000e+00   1775s
  117594   -1.2332526e+05   1.563543e+05   0.000000e+00   1782s
  117734   -1.2332519e+05   1.458368e+05   0.000000e+00   1789s
  117844   -1.2332513e+05   8.006663e+04   0.000000e+00   1795s
  117984   -1.2332507e+05   9.615290e+04   0.000000e+00   1802s
  118124   -1.2332500e+05   1.463359e+05   0.000000e+00   1808s
  118254   -1.2332492e+05   1.131834e+05   0.000000e+00   1815s
  118354   -1.2332484e+05   2.448402e+05   0.000000e+00   1821s
  118464   -1.2332478e+05   9.847480e+04   0.000000e+00   1828s
  118584   -1.2332472e+05   1.594104e+05   0.000000e+00   1834s
  118704   -1.2332467e+05   9.235523e+04   0.000000e+00   1841s
  118814   -1.2332461e+05   2.235549e+05   0.000000e+00   1847s
  118924   -1.2332454e+05   2.158159e+05   0.000000e+00   1854s
  119034   -1.2332448e+05   9.859421e+04   0.000000e+00   1861s
  119304   -1.2331570e+05   1.734930e+05   0.000000e+00   1867s
  119584   -1.2331538e+05   1.818595e+05   0.000000e+00   1874s
  119694   -1.2331532e+05   6.713168e+04   0.000000e+00   1880s
  119844   -1.2331525e+05   6.741513e+04   0.000000e+00   1886s
  119964   -1.2331519e+05   1.280225e+05   0.000000e+00   1893s
  120104   -1.2331511e+05   2.069614e+05   0.000000e+00   1900s
  120224   -1.2331504e+05   8.461377e+04   0.000000e+00   1906s
  120324   -1.2331499e+05   1.082881e+05   0.000000e+00   1912s
  120424   -1.2331494e+05   1.927098e+05   0.000000e+00   1919s
  120534   -1.2331489e+05   1.225975e+05   0.000000e+00   1925s
  120644   -1.2331483e+05   1.943842e+05   0.000000e+00   1932s
  120764   -1.2331477e+05   1.179555e+05   0.000000e+00   1939s
  120904   -1.2331470e+05   1.400432e+05   0.000000e+00   1945s
  121034   -1.2331464e+05   2.365230e+05   0.000000e+00   1952s
  121154   -1.2331458e+05   1.049689e+05   0.000000e+00   1958s
  121304   -1.2331441e+05   1.452252e+05   0.000000e+00   1965s
  121434   -1.2331433e+05   8.475582e+04   0.000000e+00   1971s
  121544   -1.2331425e+05   4.426745e+05   0.000000e+00   1978s
  121684   -1.2331414e+05   4.481782e+05   0.000000e+00   1984s
  121784   -1.2331406e+05   2.549466e+05   0.000000e+00   1991s
  121894   -1.2331399e+05   3.798827e+04   0.000000e+00   1997s
  122054   -1.2331388e+05   8.349228e+04   0.000000e+00   2003s
  122194   -1.2331381e+05   8.908154e+04   0.000000e+00   2010s
  122314   -1.2331374e+05   1.999741e+05   0.000000e+00   2016s
  122424   -1.2331367e+05   1.987491e+05   0.000000e+00   2023s
  122554   -1.2331361e+05   1.760308e+05   0.000000e+00   2029s
  122674   -1.2331352e+05   1.658128e+05   0.000000e+00   2036s
  122784   -1.2331347e+05   5.523089e+04   0.000000e+00   2042s
  122934   -1.2331336e+05   2.004777e+05   0.000000e+00   2049s
  123054   -1.2331326e+05   1.090033e+05   0.000000e+00   2055s
  123204   -1.2331310e+05   1.349234e+05   0.000000e+00   2062s
  123354   -1.2331300e+05   2.951216e+05   0.000000e+00   2068s
  123494   -1.2331287e+05   1.280345e+05   0.000000e+00   2074s
  123614   -1.2331267e+05   1.834020e+05   0.000000e+00   2081s
  123734   -1.2331255e+05   1.060300e+05   0.000000e+00   2088s
  123864   -1.2331250e+05   2.108478e+05   0.000000e+00   2094s
  123974   -1.2331244e+05   2.611274e+05   0.000000e+00   2100s
  124104   -1.2331233e+05   4.151460e+04   0.000000e+00   2107s
  124274   -1.2331221e+05   1.183004e+05   0.000000e+00   2114s
  124404   -1.2331208e+05   1.237304e+05   0.000000e+00   2120s
  124554   -1.2331194e+05   7.731572e+04   0.000000e+00   2126s
  124664   -1.2331187e+05   1.423176e+05   0.000000e+00   2133s
  124804   -1.2331178e+05   7.640084e+04   0.000000e+00   2140s
  124944   -1.2331170e+05   8.870905e+04   0.000000e+00   2146s
  125084   -1.2331164e+05   7.452667e+04   0.000000e+00   2153s
  125194   -1.2331157e+05   7.930557e+04   0.000000e+00   2160s
  125324   -1.2331150e+05   8.504769e+04   0.000000e+00   2166s
  125494   -1.2331141e+05   1.175281e+05   0.000000e+00   2173s
  125594   -1.2331136e+05   3.851366e+05   0.000000e+00   2179s
  125724   -1.2331130e+05   9.306138e+04   0.000000e+00   2186s
  125834   -1.2331125e+05   9.567420e+04   0.000000e+00   2192s
  125954   -1.2331119e+05   1.206025e+05   0.000000e+00   2199s
  126064   -1.2331114e+05   8.747195e+04   0.000000e+00   2206s
  126184   -1.2331109e+05   1.178883e+05   0.000000e+00   2212s
  126314   -1.2331102e+05   2.435798e+05   0.000000e+00   2219s
  126434   -1.2331096e+05   1.418555e+05   0.000000e+00   2225s
  126544   -1.2331091e+05   2.391571e+05   0.000000e+00   2232s
  126654   -1.2331080e+05   4.043397e+05   0.000000e+00   2239s
  126774   -1.2331074e+05   1.809652e+05   0.000000e+00   2245s
  126904   -1.2331060e+05   2.993168e+05   0.000000e+00   2252s
  127024   -1.2331047e+05   8.505954e+04   0.000000e+00   2258s
  127144   -1.2331036e+05   1.018513e+05   0.000000e+00   2264s
  127274   -1.2331029e+05   1.672570e+05   0.000000e+00   2271s
  127384   -1.2331020e+05   1.727056e+05   0.000000e+00   2277s
  127514   -1.2331003e+05   5.139562e+04   0.000000e+00   2283s
  127664   -1.2330992e+05   2.392907e+05   0.000000e+00   2290s
  127784   -1.2330981e+05   1.292909e+05   0.000000e+00   2296s
  127904   -1.2330972e+05   1.545246e+05   0.000000e+00   2303s
  128034   -1.2330965e+05   1.553328e+05   0.000000e+00   2309s
  128144   -1.2330960e+05   2.077464e+05   0.000000e+00   2316s
  128254   -1.2330952e+05   2.829353e+05   0.000000e+00   2322s
  128384   -1.2330946e+05   1.434114e+05   0.000000e+00   2329s
  128504   -1.2330939e+05   2.881635e+05   0.000000e+00   2336s
  128624   -1.2330921e+05   7.537752e+04   0.000000e+00   2342s
  128734   -1.2330908e+05   1.219157e+05   0.000000e+00   2349s
  128844   -1.2330902e+05   2.227366e+05   0.000000e+00   2355s
  128944   -1.2330896e+05   3.927886e+05   0.000000e+00   2361s
  129064   -1.2330883e+05   2.674057e+05   0.000000e+00   2368s
  129194   -1.2330875e+05   2.223323e+05   0.000000e+00   2374s
  129314   -1.2330864e+05   2.622195e+05   0.000000e+00   2380s
  129434   -1.2330855e+05   9.551417e+04   0.000000e+00   2387s
  129584   -1.2330840e+05   2.299021e+05   0.000000e+00   2393s
  129734   -1.2330819e+05   1.191601e+05   0.000000e+00   2400s
  129874   -1.2330802e+05   2.041407e+05   0.000000e+00   2406s
  129984   -1.2330795e+05   1.185670e+05   0.000000e+00   2412s
  130144   -1.2330787e+05   9.114375e+04   0.000000e+00   2419s
  130294   -1.2330780e+05   1.596986e+05   0.000000e+00   2425s
  130414   -1.2330761e+05   4.427829e+05   0.000000e+00   2432s
  130554   -1.2330746e+05   4.694253e+05   0.000000e+00   2439s
  130674   -1.2330724e+05   8.843399e+04   0.000000e+00   2445s
  130814   -1.2330713e+05   2.450211e+05   0.000000e+00   2452s
  130944   -1.2330689e+05   1.329379e+05   0.000000e+00   2458s
  131094   -1.2330670e+05   7.818692e+04   0.000000e+00   2464s
  131224   -1.2330664e+05   1.343674e+05   0.000000e+00   2471s
  131324   -1.2330659e+05   1.014652e+05   0.000000e+00   2477s
  131444   -1.2330654e+05   2.062839e+05   0.000000e+00   2483s
  131564   -1.2330645e+05   2.515206e+05   0.000000e+00   2490s
  131674   -1.2330639e+05   4.767577e+04   0.000000e+00   2496s
  131774   -1.2330634e+05   2.601782e+04   0.000000e+00   2503s
  131874   -1.2330625e+05   9.944083e+04   0.000000e+00   2509s
  132004   -1.2330607e+05   7.819900e+04   0.000000e+00   2515s
  132104   -1.2330597e+05   7.482575e+04   0.000000e+00   2522s
  132234   -1.2330578e+05   4.149731e+04   0.000000e+00   2528s
  132364   -1.2330552e+05   9.913081e+04   0.000000e+00   2534s
  132524   -1.2330528e+05   5.140566e+04   0.000000e+00   2541s
  132704   -1.2330490e+05   4.187288e+04   0.000000e+00   2547s
  132844   -1.2330480e+05   1.106889e+05   0.000000e+00   2553s
  133004   -1.2330431e+05   2.592973e+04   0.000000e+00   2559s
  133124   -1.2330411e+05   3.507426e+05   0.000000e+00   2566s
  133254   -1.2330389e+05   1.353131e+05   0.000000e+00   2572s
  133404   -1.2330368e+05   1.272897e+05   0.000000e+00   2578s
  133524   -1.2330341e+05   3.682493e+05   0.000000e+00   2585s
  133664   -1.2330324e+05   1.721751e+05   0.000000e+00   2591s
  133804   -1.2330310e+05   1.011631e+05   0.000000e+00   2598s
  133904   -1.2330299e+05   1.570741e+05   0.000000e+00   2604s
  134024   -1.2330286e+05   6.265781e+04   0.000000e+00   2611s
  134144   -1.2330268e+05   1.023629e+05   0.000000e+00   2617s
  134284   -1.2330236e+05   3.076446e+05   0.000000e+00   2624s
  134444   -1.2330229e+05   7.578649e+04   0.000000e+00   2630s
  134564   -1.2330214e+05   2.195839e+05   0.000000e+00   2636s
  134694   -1.2330192e+05   1.065461e+05   0.000000e+00   2643s
  134814   -1.2330182e+05   6.841196e+05   0.000000e+00   2650s
  134944   -1.2330169e+05   9.315243e+04   0.000000e+00   2656s
  135064   -1.2330142e+05   3.962732e+04   0.000000e+00   2662s
  135214   -1.2329799e+05   8.503375e+04   0.000000e+00   2669s
  135334   -1.2329777e+05   4.182829e+05   0.000000e+00   2675s
  135444   -1.2329769e+05   1.765969e+05   0.000000e+00   2681s
  135544   -1.2329761e+05   2.500097e+05   0.000000e+00   2687s
  135674   -1.2329755e+05   2.361109e+05   0.000000e+00   2694s
  135774   -1.2329750e+05   6.910973e+04   0.000000e+00   2700s
  135874   -1.2329745e+05   1.272223e+05   0.000000e+00   2707s
  135974   -1.2329739e+05   6.396355e+04   0.000000e+00   2713s
  136124   -1.2329731e+05   1.044459e+05   0.000000e+00   2720s
  136264   -1.2329725e+05   5.647935e+04   0.000000e+00   2726s
  136394   -1.2329721e+05   2.182797e+04   0.000000e+00   2732s
  136554   -1.2329715e+05   3.053848e+04   0.000000e+00   2738s
  136684   -1.2329711e+05   4.653917e+04   0.000000e+00   2745s
  136794   -1.2329708e+05   1.707678e+04   0.000000e+00   2752s
  136904   -1.2329706e+05   1.013154e+05   0.000000e+00   2758s
  137024   -1.2329702e+05   5.157959e+04   0.000000e+00   2764s
  137144   -1.2329699e+05   4.085849e+04   0.000000e+00   2771s
  137244   -1.2329697e+05   8.379167e+04   0.000000e+00   2777s
  137424   -1.2329691e+05   4.048671e+04   0.000000e+00   2790s
  137524   -1.2329688e+05   2.180985e+04   0.000000e+00   2796s
  137624   -1.2329686e+05   2.372733e+04   0.000000e+00   2802s
  137764   -1.2329663e+05   2.949074e+04   0.000000e+00   2809s
  137874   -1.2329660e+05   2.545843e+04   0.000000e+00   2815s
  137994   -1.2329658e+05   2.114067e+04   0.000000e+00   2821s
  138114   -1.2329655e+05   4.768375e+04   0.000000e+00   2828s
  138214   -1.2329653e+05   2.837520e+04   0.000000e+00   2835s
  138424   -1.2329649e+05   6.246839e+04   0.000000e+00   2847s
  138544   -1.2329647e+05   3.139829e+04   0.000000e+00   2854s
  138664   -1.2329645e+05   2.671650e+04   0.000000e+00   2860s
  138774   -1.2329643e+05   3.373681e+04   0.000000e+00   2866s
  138884   -1.2329640e+05   4.751171e+04   0.000000e+00   2872s
  138984   -1.2329638e+05   1.284701e+04   0.000000e+00   2879s
  139114   -1.2329635e+05   2.284664e+04   0.000000e+00   2885s
  139224   -1.2329633e+05   3.783083e+04   0.000000e+00   2891s
  139354   -1.2329632e+05   2.204527e+04   0.000000e+00   2897s
  139464   -1.2329630e+05   1.693477e+04   0.000000e+00   2903s
  139564   -1.2329627e+05   1.874216e+04   0.000000e+00   2910s
  139694   -1.2329625e+05   2.755386e+04   0.000000e+00   2917s
  139844   -1.2329622e+05   4.187809e+04   0.000000e+00   2923s
  139974   -1.2329619e+05   3.455732e+04   0.000000e+00   2930s
  140124   -1.2329616e+05   1.660951e+04   0.000000e+00   2936s
  140234   -1.2329614e+05   3.828941e+04   0.000000e+00   2943s
  140334   -1.2329612e+05   1.841183e+04   0.000000e+00   2950s
  140434   -1.2329610e+05   3.570692e+04   0.000000e+00   2956s
  140624   -1.2329606e+05   2.267170e+04   0.000000e+00   2963s
  140734   -1.2329605e+05   7.271292e+03   0.000000e+00   2970s
  140834   -1.2329603e+05   2.963178e+04   0.000000e+00   2976s
  141024   -1.2329599e+05   1.588967e+04   0.000000e+00   2989s
  141154   -1.2329597e+05   7.150739e+03   0.000000e+00   2995s
  141254   -1.2329595e+05   2.566689e+04   0.000000e+00   3002s
  141374   -1.2329594e+05   6.849570e+03   0.000000e+00   3009s
  141484   -1.2329592e+05   2.486467e+04   0.000000e+00   3015s
  141674   -1.2329589e+05   1.300514e+04   0.000000e+00   3028s
  141774   -1.2329588e+05   2.502842e+04   0.000000e+00   3034s
  141884   -1.2329587e+05   1.422503e+04   0.000000e+00   3041s
  141994   -1.2329586e+05   1.195144e+04   0.000000e+00   3047s
  142094   -1.2329585e+05   1.391298e+04   0.000000e+00   3053s
  142194   -1.2329584e+05   1.106354e+04   0.000000e+00   3059s
  142304   -1.2329582e+05   4.248089e+03   0.000000e+00   3066s
  142404   -1.2329581e+05   1.370469e+04   0.000000e+00   3073s
  142504   -1.2329580e+05   2.274955e+04   0.000000e+00   3079s
  142604   -1.2329578e+05   1.412697e+04   0.000000e+00   3086s
  142794   -1.2329576e+05   1.972288e+04   0.000000e+00   3098s
  142914   -1.2329575e+05   2.942975e+04   0.000000e+00   3105s
  143094   -1.2329573e+05   5.349555e+03   0.000000e+00   3118s
  143284   -1.2329572e+05   9.005343e+03   0.000000e+00   3131s
  143474   -1.2329570e+05   7.581872e+03   0.000000e+00   3144s
  143674   -1.2329569e+05   1.133394e+04   0.000000e+00   3157s
  143794   -1.2329567e+05   8.697532e+03   0.000000e+00   3164s
  143974   -1.2329566e+05   1.553155e+04   0.000000e+00   3177s
  144164   -1.2329563e+05   5.856342e+03   0.000000e+00   3191s
  144344   -1.2329561e+05   1.081598e+04   0.000000e+00   3204s
  144524   -1.2329560e+05   1.275582e+04   0.000000e+00   3217s
  144634   -1.2329559e+05   9.576621e+03   0.000000e+00   3223s
  144814   -1.2329557e+05   7.624217e+03   0.000000e+00   3237s
  144994   -1.2329555e+05   5.189096e+03   0.000000e+00   3249s
  145184   -1.2329553e+05   1.246151e+04   0.000000e+00   3263s
  145284   -1.2329552e+05   1.777389e+04   0.000000e+00   3270s
  145384   -1.2329551e+05   1.896240e+04   0.000000e+00   3276s
  145564   -1.2329549e+05   1.644186e+04   0.000000e+00   3290s
  145744   -1.2329548e+05   7.853694e+03   0.000000e+00   3303s
  145844   -1.2329547e+05   9.227144e+03   0.000000e+00   3309s
  146034   -1.2329543e+05   8.425121e+03   0.000000e+00   3322s
  146134   -1.2329542e+05   2.054068e+04   0.000000e+00   3329s
  146244   -1.2329541e+05   5.140131e+03   0.000000e+00   3336s
  146354   -1.2329540e+05   1.391008e+04   0.000000e+00   3342s
  146534   -1.2329539e+05   1.101059e+04   0.000000e+00   3355s
  146714   -1.2329537e+05   1.130332e+04   0.000000e+00   3368s
  146894   -1.2329535e+05   1.312021e+04   0.000000e+00   3381s
  147074   -1.2329534e+05   3.296816e+03   0.000000e+00   3394s
  147174   -1.2329533e+05   8.140041e+03   0.000000e+00   3401s
  147354   -1.2329532e+05   1.302131e+04   0.000000e+00   3414s
  147534   -1.2329530e+05   9.044157e+03   0.000000e+00   3427s
  147714   -1.2329529e+05   7.632189e+03   0.000000e+00   3440s
  147894   -1.2329528e+05   1.570635e+04   0.000000e+00   3453s
  148074   -1.2329527e+05   1.596561e+04   0.000000e+00   3467s
  148254   -1.2329526e+05   3.970446e+03   0.000000e+00   3480s
  148434   -1.2329525e+05   1.335017e+04   0.000000e+00   3493s
  148614   -1.2329523e+05   1.297798e+03   0.000000e+00   3506s
  148714   -1.2329523e+05   6.272530e+03   0.000000e+00   3513s
  148894   -1.2329521e+05   8.678084e+03   0.000000e+00   3526s
  149074   -1.2329520e+05   9.560683e+03   0.000000e+00   3540s
  149254   -1.2329519e+05   6.673928e+03   0.000000e+00   3553s
  149434   -1.2329518e+05   1.703993e+04   0.000000e+00   3566s
  149614   -1.2329516e+05   7.163002e+03   0.000000e+00   3579s
  149794   -1.2329515e+05   5.474735e+03   0.000000e+00   3592s
  149974   -1.2329515e+05   3.928678e+03   0.000000e+00   3606s
  150154   -1.2329513e+05   6.395868e+03   0.000000e+00   3619s
  150334   -1.2329512e+05   1.753200e+03   0.000000e+00   3632s
  150514   -1.2329512e+05   4.834848e+03   0.000000e+00   3646s
  150694   -1.2329508e+05   3.516260e+03   0.000000e+00   3659s
  150874   -1.2329507e+05   7.657187e+03   0.000000e+00   3673s
  151054   -1.2329505e+05   6.341872e+03   0.000000e+00   3686s
  151154   -1.2329505e+05   4.100366e+03   0.000000e+00   3693s
  151334   -1.2329504e+05   2.614065e+03   0.000000e+00   3707s
  151514   -1.2329503e+05   3.721873e+03   0.000000e+00   3720s
  151694   -1.2329499e+05   4.263212e+03   0.000000e+00   3734s
  151874   -1.2329498e+05   1.292930e+04   0.000000e+00   3747s
  152054   -1.2329497e+05   3.182961e+03   0.000000e+00   3761s
  152234   -1.2329496e+05   3.708295e+03   0.000000e+00   3774s
  152414   -1.2329495e+05   1.291077e+04   0.000000e+00   3788s
  152594   -1.2329493e+05   1.401320e+04   0.000000e+00   3801s
  152774   -1.2329492e+05   7.196217e+03   0.000000e+00   3815s
  152954   -1.2329490e+05   5.061962e+03   0.000000e+00   3828s
  153134   -1.2329489e+05   7.168576e+03   0.000000e+00   3842s
  153314   -1.2329488e+05   6.145715e+03   0.000000e+00   3855s
  153494   -1.2329487e+05   1.115859e+04   0.000000e+00   3869s
  153674   -1.2329486e+05   4.958748e+03   0.000000e+00   3882s
  153854   -1.2329485e+05   1.776518e+03   0.000000e+00   3895s
  154034   -1.2329484e+05   6.119490e+03   0.000000e+00   3909s
  154214   -1.2329483e+05   4.352717e+03   0.000000e+00   3923s
  154394   -1.2329482e+05   1.296488e+03   0.000000e+00   3936s
  154574   -1.2329481e+05   1.016058e+04   0.000000e+00   3950s
  154754   -1.2329480e+05   8.979075e+03   0.000000e+00   3963s
  154934   -1.2329479e+05   7.953625e+02   0.000000e+00   3977s
  155114   -1.2329479e+05   7.827336e+03   0.000000e+00   3990s
  155294   -1.2329477e+05   2.568492e+03   0.000000e+00   4003s
  155474   -1.2329476e+05   8.497417e+03   0.000000e+00   4017s
  155654   -1.2329475e+05   3.516647e+03   0.000000e+00   4030s
  155834   -1.2329475e+05   2.036839e+03   0.000000e+00   4044s
  156014   -1.2329474e+05   6.968829e+02   0.000000e+00   4057s
  156194   -1.2329474e+05   5.743328e+03   0.000000e+00   4071s
  156374   -1.2329473e+05   3.093886e+03   0.000000e+00   4085s
  156554   -1.2329472e+05   6.343933e+03   0.000000e+00   4098s
  156734   -1.2329472e+05   2.787024e+03   0.000000e+00   4112s
  156914   -1.2329471e+05   6.832513e+02   0.000000e+00   4125s
  157094   -1.2329470e+05   2.386933e+03   0.000000e+00   4138s
  157194   -1.2329469e+05   5.006299e+02   0.000000e+00   4145s
  157374   -1.2329469e+05   9.427366e+02   0.000000e+00   4159s
  157554   -1.2329469e+05   5.036639e+02   0.000000e+00   4172s
  157734   -1.2329468e+05   2.694444e+03   0.000000e+00   4186s
  157914   -1.2329468e+05   9.104202e+02   0.000000e+00   4199s
  158094   -1.2329467e+05   1.434396e+03   0.000000e+00   4213s
  158274   -1.2329466e+05   8.358328e+03   0.000000e+00   4227s
  158454   -1.2329465e+05   1.303822e+03   0.000000e+00   4240s
  158634   -1.2329465e+05   4.601138e+03   0.000000e+00   4254s
  158814   -1.2329464e+05   6.966509e+02   0.000000e+00   4267s
  158994   -1.2329463e+05   7.017901e+03   0.000000e+00   4281s
  159174   -1.2329463e+05   1.396305e+03   0.000000e+00   4294s
  159354   -1.2329462e+05   1.996633e+03   0.000000e+00   4308s
  159534   -1.2329462e+05   1.537052e+03   0.000000e+00   4322s
  159714   -1.2329462e+05   1.454506e+02   0.000000e+00   4335s
  159894   -1.2329461e+05   2.851645e+02   0.000000e+00   4349s
  160074   -1.2329461e+05   1.025504e+02   0.000000e+00   4362s
  160254   -1.2329461e+05   3.118412e+02   0.000000e+00   4376s
  160434   -1.2329461e+05   4.490681e+01   0.000000e+00   4390s
  160614   -1.2329461e+05   3.305301e+00   0.000000e+00   4403s
  160710   -1.2331070e+05   0.000000e+00   0.000000e+00   4414s

Solved in 160710 iterations and 4414.50 seconds (2045.15 work units)
Optimal objective -1.233107025e+05
