
Gurobi 13.0.2 (linux64) logging started Tue Aug 18 03:09:23 2026

Set parameter LogFile to value "Logs/ALLGATHER_LP_TwoPodRailHostBound_14-nodes_1-chunks_9-epochs_0.04-epoch_duration_ObjectiveType.LEXICOGRAPHIC_hostbound_lex.log"
Set parameter LogToConsole to value 0
Set parameter OutputFlag to value 1
Set parameter TimeLimit to value 7200
Set parameter FeasibilityTol to value 1e-05
Set parameter IntFeasTol to value 1e-05
Set parameter OptimalityTol to value 1e-05
Set parameter MIPGap to value 1e-05
Set parameter Crossover to value 1
Set parameter MIPFocus to value 0
Set parameter Method to value 1
Set parameter Heuristics to value 0.05
Set parameter Presolve to value -1
Set parameter SolutionLimit to value 2000000
Set parameter PreSOS1BigM to value 1000000
Gurobi Optimizer version 13.0.2 build v13.0.2rc1 (linux64 - "Ubuntu 22.04.5 LTS")

CPU model: Intel(R) Xeon(R) CPU E5-2680 v3 @ 2.50GHz, instruction set [SSE2|AVX|AVX2]
Thread count: 24 physical cores, 48 logical processors, using up to 24 threads

Non-default parameters:
SolutionLimit  2000000
TimeLimit  7200
FeasibilityTol  1e-05
MIPGap  1e-05
OptimalityTol  1e-05
Method  1
Crossover  1
LogToConsole  0
PreSOS1BigM  1000000

Academic license 2766017 - for non-commercial use only - registered to wa___@mit.edu
Optimize a model with 5680 rows, 6480 columns and 20736 nonzeros (Min)
Model fingerprint: 0x66c20072
Model has 1008 linear objective coefficients
Variable types: 6480 continuous, 0 integer (0 binary)
Coefficient statistics:
  Matrix range     [1e+00, 1e+00]
  Objective range  [1e+00, 1e+00]
  Bounds range     [1e+00, 6e+01]
  RHS range        [5e-01, 7e+00]


---------------------------------------------------------------------------
Multi-objectives: starting optimization (min) with 3 objectives... 
---------------------------------------------------------------------------

Multi-objectives: applying initial presolve...
---------------------------------------------------------------------------

Presolve removed 4440 rows and 3792 columns
Presolved: 1240 rows, 2688 columns, 7264 nonzeros
---------------------------------------------------------------------------

Multi-objectives: optimize objective 1 (latency) ...
---------------------------------------------------------------------------

Presolve removed 64 rows and 128 columns
Presolve time: 0.01s
Presolved: 1176 rows, 2560 columns, 7056 nonzeros

Iteration    Objective       Primal Inf.    Dual Inf.      Time
       0   -5.0400000e+02   3.039083e+00   0.000000e+00      0s
      94   -3.3600000e+02   0.000000e+00   0.000000e+00      0s

Use crossover to convert LP symmetric solution to basic solution...
Crossover log...

       0 DPushes remaining with DInf 0.0000000e+00                 0s

     456 PPushes remaining with PInf 0.0000000e+00                 0s
       0 PPushes remaining with PInf 0.0000000e+00                 0s

  Push phase complete: Pinf 0.0000000e+00, Dinf 0.0000000e+00      0s

Crossover time: 0.01 seconds (0.00 work units)
Iteration    Objective       Primal Inf.    Dual Inf.      Time
     590   -3.3600000e+02   0.000000e+00   0.000000e+00      0s

Solved in 590 iterations and 0.02 seconds (0.02 work units)
Optimal objective -3.360000000e+02
---------------------------------------------------------------------------

Multi-objectives: optimize objective 2 (host_relay) ...
---------------------------------------------------------------------------

LP warm-start: use basis

Iteration    Objective       Primal Inf.    Dual Inf.      Time
       0    0.0000000e+00   0.000000e+00   0.000000e+00      0s

Solved in 0 iterations and 0.02 seconds (0.02 work units)
Optimal objective  0.000000000e+00
---------------------------------------------------------------------------

Multi-objectives: optimize objective 3 (switch_chain) ...
---------------------------------------------------------------------------

LP warm-start: use basis

Iteration    Objective       Primal Inf.    Dual Inf.      Time
       0    1.2400000e+02   0.000000e+00   2.765000e+02      0s
      75    1.2000000e+02   0.000000e+00   0.000000e+00      0s

Solved in 75 iterations and 0.03 seconds (0.02 work units)
Optimal objective  1.200000000e+02

---------------------------------------------------------------------------
Multi-objectives: solved in 0.03 seconds (0.02 work units), solution count 2

