
Gurobi 13.0.2 (linux64) logging started Thu Jul 30 08:59:03 2026

Set parameter LogFile to value "Logs/AllGather_MILP_RailOptimizedSpineLeaf_coarse_44-nodes_1-chunks_12-epochs_0.02-epochduration_ObjectiveType.PAPER.log"
Set parameter LogToConsole to value 0
Set parameter OutputFlag to value 1
Set parameter TimeLimit to value 7200
Set parameter FeasibilityTol to value 0.0001
Set parameter IntFeasTol to value 0.0001
Set parameter OptimalityTol to value 0.0001
Set parameter MIPGap to value 0.0001
Set parameter Crossover to value -1
Set parameter MIPFocus to value 0
Set parameter Method to value -1
Set parameter Heuristics to value 0.05
Set parameter Presolve to value -1
Set parameter SolutionLimit to value 2000000
Set parameter PreSOS1BigM to value 1000000
Gurobi Optimizer version 13.0.2 build v13.0.2rc1 (linux64 - "Ubuntu 22.04.5 LTS")

CPU model: Intel(R) Xeon(R) CPU E5-2680 v3 @ 2.50GHz, instruction set [SSE2|AVX|AVX2]
Thread count: 24 physical cores, 48 logical processors, using up to 24 threads

Non-default parameters:
SolutionLimit  2000000
TimeLimit  7200
FeasibilityTol  0.0001
IntFeasTol  0.0001
OptimalityTol  0.0001
LogToConsole  0
PreSOS1BigM  1000000

Academic license 2766017 - for non-commercial use only - registered to wa___@mit.edu
Optimize a model with 53620 rows, 255616 columns and 896224 nonzeros (Min)
Model fingerprint: 0xef43da95
Model has 11904 linear objective coefficients
Model has 16896 simple general constraints
  16896 MAX
Variable types: 16896 continuous, 238720 integer (0 binary)
Coefficient statistics:
  Matrix range     [1e+00, 1e+00]
  Objective range  [1e+02, 1e+02]
  Bounds range     [1e+00, 1e+00]
  RHS range        [1e+00, 8e+00]

Presolve removed 142208 rows and 269120 columns (presolve time = 5s)...
Presolve added 270848 rows and 60352 columns
Presolve time: 8.59s
Presolved: 324468 rows, 315968 columns, 1438464 nonzeros
Variable types: 0 continuous, 315968 integer (315968 binary)

Root simplex log...

Iteration    Objective       Primal Inf.    Dual Inf.      Time
       0   -1.0467264e+06   4.077235e+00   0.000000e+00     11s
      21   -1.0464000e+06   0.000000e+00   0.000000e+00     11s
      21   -1.0464000e+06   0.000000e+00   0.000000e+00     11s

Use crossover to convert LP symmetric solution to basic solution...

Root crossover log...

       0 DPushes remaining with DInf 0.0000000e+00                11s

  123929 PPushes remaining with PInf 0.0000000e+00                11s
   12343 PPushes remaining with PInf 0.0000000e+00                15s
    6283 PPushes remaining with PInf 0.0000000e+00                20s
    1435 PPushes remaining with PInf 0.0000000e+00                25s
       0 PPushes remaining with PInf 0.0000000e+00                27s

  Push phase complete: Pinf 0.0000000e+00, Dinf 1.5092411e-09     27s


Root simplex log...

Iteration    Objective       Primal Inf.    Dual Inf.      Time
  124945   -1.0464000e+06   0.000000e+00   0.000000e+00     27s
Crossover time: 15.83 seconds (13.25 work units)

Root relaxation: objective -1.046400e+06, 124945 iterations, 16.79 seconds (13.92 work units)

    Nodes    |    Current Node    |     Objective Bounds      |     Work
 Expl Unexpl |  Obj  Depth IntInf | Incumbent    BestBd   Gap | It/Node Time

     0     0 -1046400.0    0 29376          - -1046400.0      -     -  129s
H    0     0                    -1041600.000 -1046400.0  0.46%     -  130s
     0     0 -1046400.0    0 38065 -1041600.0 -1046400.0  0.46%     - 1180s
H    0     0                    -1041800.000 -1046400.0  0.44%     - 1197s
H    0     0                    -1041900.000 -1046400.0  0.43%     - 1198s
     0     0 -1046400.0    0 22887 -1041900.0 -1046400.0  0.43%     - 1349s
     0     0 -1046400.0    0 22887 -1041900.0 -1046400.0  0.43%     - 1446s
     0     0 -1046400.0    0 16057 -1041900.0 -1046400.0  0.43%     - 1500s
     0     0 -1046400.0    0 12355 -1041900.0 -1046400.0  0.43%     - 1562s
H    0     0                    -1042600.000 -1046400.0  0.36%     - 1567s
H    0     0                    -1046400.000 -1046400.0  0.00%     - 1569s
     0     0 -1046400.0    0 12355 -1046400.0 -1046400.0  0.00%     - 1569s

Cutting planes:
  Gomory: 11
  Cover: 17
  MIR: 7
  Zero half: 1279
  RLT: 2258
  BQP: 5427

Explored 1 nodes (697777 simplex iterations) in 1569.12 seconds (1584.47 work units)
Thread count was 24 (of 48 available processors)

Solution count 5: -1.0464e+06 -1.0426e+06 -1.0419e+06 ... -1.0416e+06
No other solutions better than -1.0464e+06

Optimal solution found (tolerance 1.00e-04)
Best objective -1.046400000000e+06, best bound -1.046400000000e+06, gap 0.0000%
