
Gurobi 13.0.2 (linux64) logging started Fri Jul 31 02:28:35 2026

Set parameter LogFile to value "Logs/AllGather_MILP_HeteroTaperedCluster_19-nodes_1-chunks_20-epochs_0.02-epochduration_ObjectiveType.TOTAL_DEMAND.log"
Set parameter LogToConsole to value 0
Set parameter OutputFlag to value 1
Set parameter TimeLimit to value 7200
Set parameter FeasibilityTol to value 0.0001
Set parameter IntFeasTol to value 0.0001
Set parameter OptimalityTol to value 0.0001
Set parameter MIPGap to value 0.0001
Set parameter Crossover to value -1
Set parameter MIPFocus to value 1
Set parameter Method to value -1
Set parameter Heuristics to value 0.05
Set parameter Presolve to value -1
Set parameter SolutionLimit to value 2000000
Set parameter PreSOS1BigM to value 1000000
Gurobi Optimizer version 13.0.2 build v13.0.2rc1 (linux64 - "Ubuntu 22.04.5 LTS")

CPU model: Intel(R) Xeon(R) CPU E5-2680 v3 @ 2.50GHz, instruction set [SSE2|AVX|AVX2]
Thread count: 24 physical cores, 48 logical processors, using up to 24 threads

Non-default parameters:
SolutionLimit  2000000
TimeLimit  7200
FeasibilityTol  0.0001
IntFeasTol  0.0001
OptimalityTol  0.0001
MIPFocus  1
LogToConsole  0
PreSOS1BigM  1000000

Academic license 2766017 - for non-commercial use only - registered to wa___@mit.edu
Optimize a model with 15322 rows, 25400 columns and 51278 nonzeros (Min)
Model fingerprint: 0x710c5c66
Model has 20 linear objective coefficients
Model has 5340 simple general constraints
  5340 MAX
Variable types: 5360 continuous, 20040 integer (0 binary)
Coefficient statistics:
  Matrix range     [1e+00, 1e+00]
  Objective range  [1e+02, 1e+02]
  Bounds range     [1e+00, 2e+02]
  RHS range        [1e+00, 2e+02]

Presolve added 2011 rows and 0 columns
Presolve removed 0 rows and 9112 columns
Presolve time: 0.46s
Presolved: 17333 rows, 16288 columns, 57873 nonzeros
Variable types: 32 continuous, 16256 integer (16255 binary)

Root relaxation: objective -1.786264e+03, 8332 iterations, 0.29 seconds (0.24 work units)

    Nodes    |    Current Node    |     Objective Bounds      |     Work
 Expl Unexpl |  Obj  Depth IntInf | Incumbent    BestBd   Gap | It/Node Time

     0     0 -1786.2637    0  396          - -1786.2637      -     -    0s
     0     0 -1600.0000    0  443          - -1600.0000      -     -    1s
     0     0 -1600.0000    0  414          - -1600.0000      -     -    1s
     0     0 -1600.0000    0  401          - -1600.0000      -     -    1s
     0     0 -1600.0000    0  466          - -1600.0000      -     -    2s
     0     0 -1600.0000    0  387          - -1600.0000      -     -    2s
     0     0 -1600.0000    0  260          - -1600.0000      -     -    2s
     0     0 -1600.0000    0  354          - -1600.0000      -     -    2s
H    0     0                    -200.0000000 -1600.0000   700%     -    2s
     0     0 -1600.0000    0  307 -200.00000 -1600.0000   700%     -    2s
     0     0 -1600.0000    0  241 -200.00000 -1600.0000   700%     -    2s
     0     0 -1600.0000    0  343 -200.00000 -1600.0000   700%     -    3s
     0     0 -1600.0000    0  333 -200.00000 -1600.0000   700%     -    3s
     0     0 -1600.0000    0  233 -200.00000 -1600.0000   700%     -    3s
H    0     0                    -300.0000000 -1600.0000   433%     -    3s
     0     2 -1600.0000    0  222 -300.00000 -1600.0000   433%     -    4s
    13    10 -1400.0000    4  219 -300.00000 -1500.0000   400%   241    5s
H   49    61                    -400.0000000 -1500.0000   275%   243    7s
H   55    61                    -500.0000000 -1500.0000   200%   244    7s
   310   278 -1196.7033   19  119 -500.00000 -1500.0000   200%   163   10s
H  342   297                    -700.0000000 -1500.0000   114%   158   11s
H  357   297                    -900.0000000 -1500.0000  66.7%   157   11s
H  500   387                    -1000.000000 -1500.0000  50.0%   149   12s
  1256   523 infeasible   15      -1000.0000 -1500.0000  50.0%   124   15s
  2100   652 -1294.5055   24  202 -1000.0000 -1500.0000  50.0%   114   20s
  2437   778 -1298.3516   24  228 -1000.0000 -1400.2941  40.0%   114   25s
  3560  1160 -1196.7033   30  315 -1000.0000 -1400.0000  40.0%   110   30s
  5257  1530 -1200.0000   20  251 -1000.0000 -1400.0000  40.0%   106   35s
  5862  1620 -1366.6667   18  239 -1000.0000 -1400.0000  40.0%   106   40s
  5866  1623 -1100.0000   25  476 -1000.0000 -1400.0000  40.0%   106   45s
  5874  1628 -1200.0000   30  418 -1000.0000 -1398.7729  39.9%   106   50s
  5897  1655 -1300.0000   19  229 -1000.0000 -1300.0000  30.0%   109   55s
  6174  1825 -1300.0000   26  199 -1000.0000 -1300.0000  30.0%   108   60s
  6681  1919 infeasible   36      -1000.0000 -1300.0000  30.0%   109   67s
  7288  1810 -1300.0000   27  158 -1000.0000 -1300.0000  30.0%   109   71s
  7715  1865 -1300.0000   31  202 -1000.0000 -1300.0000  30.0%   110   75s
  8661  1776 -1100.0000   34  104 -1000.0000 -1300.0000  30.0%   110   81s
  9090  1739 -1100.0000   37  193 -1000.0000 -1300.0000  30.0%   110   85s
 10170  1487 infeasible   40      -1000.0000 -1300.0000  30.0%   110   91s
 10643  1351 -1196.7033   35   79 -1000.0000 -1300.0000  30.0%   110   96s
 11327  1392 -1293.9560   30  197 -1000.0000 -1300.0000  30.0%   110  101s
 11692  1554 infeasible   37      -1000.0000 -1300.0000  30.0%   110  105s
 12426  1770 -1200.0000   30  264 -1000.0000 -1300.0000  30.0%   111  111s
 13039  1922 -1100.0000   37  261 -1000.0000 -1300.0000  30.0%   113  116s
 13646  2033 -1100.0000   34  124 -1000.0000 -1300.0000  30.0%   115  121s
 14218  2133 -1200.0000   30  166 -1000.0000 -1300.0000  30.0%   118  126s
 14965  2215 -1200.0000   29  221 -1000.0000 -1300.0000  30.0%   120  131s
 15620  2028 -1199.9988   26  326 -1000.0000 -1300.0000  30.0%   121  137s
 16157  1735 infeasible   31      -1000.0000 -1298.3516  29.8%   122  140s
 16778   864 infeasible   40      -1000.0000 -1200.0000  20.0%   126  146s

Cutting planes:
  Gomory: 20
  Lift-and-project: 31
  Cover: 1
  Implied bound: 1
  Clique: 41
  MIR: 16
  Flow cover: 15
  Inf proof: 8
  Zero half: 47
  RLT: 74
  Relax-and-lift: 4
  BQP: 10
  PSD: 1

Explored 19047 nodes (2487790 simplex iterations) in 149.07 seconds (63.51 work units)
Thread count was 24 (of 48 available processors)

Solution count 7: -1000 -900 -700 ... -200
No other solutions better than -1000

Optimal solution found (tolerance 1.00e-04)
Best objective -1.000000000000e+03, best bound -1.000000000000e+03, gap 0.0000%
