
Gurobi 13.0.2 (linux64) logging started Fri Jul 31 01:53:30 2026

Set parameter LogFile to value "Logs/ALLTOALL_LP_HeteroTaperedCluster_coarse_5-nodes_1-chunks_41-epochs_0.02-epoch_duration_ObjectiveType.PAPER.log"
Set parameter LogToConsole to value 0
Set parameter OutputFlag to value 1
Set parameter TimeLimit to value 7200
Set parameter FeasibilityTol to value 0.0001
Set parameter IntFeasTol to value 0.0001
Set parameter OptimalityTol to value 0.0001
Set parameter MIPGap to value 0.0001
Set parameter Crossover to value -1
Set parameter MIPFocus to value 0
Set parameter Method to value -1
Set parameter Heuristics to value 0.05
Set parameter Presolve to value -1
Set parameter SolutionLimit to value 2000000
Set parameter PreSOS1BigM to value 1000000
Gurobi Optimizer version 13.0.2 build v13.0.2rc1 (linux64 - "Ubuntu 22.04.5 LTS")

CPU model: Intel(R) Xeon(R) CPU E5-2680 v3 @ 2.50GHz, instruction set [SSE2|AVX|AVX2]
Thread count: 24 physical cores, 48 logical processors, using up to 24 threads

Non-default parameters:
SolutionLimit  2000000
TimeLimit  7200
FeasibilityTol  0.0001
IntFeasTol  0.0001
OptimalityTol  0.0001
LogToConsole  0
PreSOS1BigM  1000000

Academic license 2766017 - for non-commercial use only - registered to wa___@mit.edu
Optimize a model with 2592 rows, 3321 columns and 8817 nonzeros (Min)
Model fingerprint: 0x3a08a275
Model has 2091 linear objective coefficients
Coefficient statistics:
  Matrix range     [1e+00, 1e+00]
  Objective range  [5e-02, 1e+01]
  Bounds range     [2e+01, 1e+02]
  RHS range        [1e+00, 5e+01]

Presolve removed 1442 rows and 1255 columns
Presolve time: 0.01s
Presolved: 1150 rows, 2066 columns, 5686 nonzeros

Iteration    Objective       Primal Inf.    Dual Inf.      Time
       0   -5.5058498e+03   1.189960e+02   0.000000e+00      0s
    1039   -2.1761583e+03   0.000000e+00   0.000000e+00      0s

Solved in 1039 iterations and 0.02 seconds (0.02 work units)
Optimal objective -2.176158266e+03
