
Gurobi 13.0.2 (linux64) logging started Fri Jul 31 01:53:30 2026

Set parameter LogFile to value "Logs/ALLTOALL_LP_HeteroTaperedCluster_coarse_5-nodes_1-chunks_40-epochs_2.5000875000000002-epoch_duration_ObjectiveType.PAPER.log"
Set parameter LogToConsole to value 0
Set parameter OutputFlag to value 1
Set parameter TimeLimit to value 7200
Set parameter FeasibilityTol to value 0.0001
Set parameter IntFeasTol to value 0.0001
Set parameter OptimalityTol to value 0.0001
Set parameter MIPGap to value 0.0001
Set parameter Crossover to value -1
Set parameter MIPFocus to value 0
Set parameter Method to value -1
Set parameter Heuristics to value 0.05
Set parameter Presolve to value -1
Set parameter SolutionLimit to value 1
Set parameter PreSOS1BigM to value 1000000
Gurobi Optimizer version 13.0.2 build v13.0.2rc1 (linux64 - "Ubuntu 22.04.5 LTS")

CPU model: Intel(R) Xeon(R) CPU E5-2680 v3 @ 2.50GHz, instruction set [SSE2|AVX|AVX2]
Thread count: 24 physical cores, 48 logical processors, using up to 24 threads

Non-default parameters:
SolutionLimit  1
TimeLimit  7200
FeasibilityTol  0.0001
IntFeasTol  0.0001
OptimalityTol  0.0001
LogToConsole  0
PreSOS1BigM  1000000

Academic license 2766017 - for non-commercial use only - registered to wa___@mit.edu
Optimize a model with 2529 rows, 3240 columns and 8601 nonzeros (Min)
Model fingerprint: 0xfd399778
Model has 2040 linear objective coefficients
Coefficient statistics:
  Matrix range     [1e+00, 1e+00]
  Objective range  [5e-02, 1e+01]
  Bounds range     [2e+01, 1e+02]
  RHS range        [2e+01, 5e+02]

Presolve removed 1564 rows and 1223 columns
Presolve time: 0.01s
Presolved: 965 rows, 2017 columns, 5074 nonzeros

Iteration    Objective       Primal Inf.    Dual Inf.      Time
       0   -5.4745839e+03   1.600000e+01   0.000000e+00      0s
       9   -5.4640473e+03   0.000000e+00   0.000000e+00      0s

Solved in 9 iterations and 0.01 seconds (0.01 work units)
Optimal objective -5.464047285e+03
Gurobi Optimizer version 13.0.2 build v13.0.2rc1 (linux64 - "Ubuntu 22.04.5 LTS")

CPU model: Intel(R) Xeon(R) CPU E5-2680 v3 @ 2.50GHz, instruction set [SSE2|AVX|AVX2]
Thread count: 24 physical cores, 48 logical processors, using up to 24 threads

Non-default parameters:
SolutionLimit  1
TimeLimit  7200
FeasibilityTol  0.0001
IntFeasTol  0.0001
OptimalityTol  0.0001
LogToConsole  0
PreSOS1BigM  1000000

Academic license 2766017 - for non-commercial use only - registered to wa___@mit.edu
Optimize a model with 2529 rows, 3240 columns and 8601 nonzeros (Min)
Model has 2040 linear objective coefficients
Coefficient statistics:
  Matrix range     [1e+00, 1e+00]
  Objective range  [5e-02, 1e+01]
  Bounds range     [2e+01, 1e+02]
  RHS range        [2e+00, 5e+01]

LP warm-start: use basis

Iteration    Objective       Primal Inf.    Dual Inf.      Time
       0   -5.4640473e+03   2.770297e+01   0.000000e+00      0s
     493   -2.6871139e+03   0.000000e+00   0.000000e+00      0s

Solved in 493 iterations and 0.01 seconds (0.01 work units)
Optimal objective -2.687113878e+03
