cpu-bind=MASK - lanka27, task  0  0 [197686]: mask 0xffffffffffff set
cpu-bind=MASK - lanka27, task  0  0 [197909]: mask 0xff0000ff set
Traceback (most recent call last):
  File "/data/commit/graphit/wangyj05/miniconda3/envs/teccl/bin/teccl", line 6, in <module>
    sys.exit(main())
             ~~~~^^
  File "/data/commit/graphit/wangyj05/miniconda3/envs/teccl/lib/python3.14t/site-packages/teccl/__main__.py", line 21, in main
    if handler(args, args.command):
       ~~~~~~~^^^^^^^^^^^^^^^^^^^^
  File "/data/commit/graphit/wangyj05/miniconda3/envs/teccl/lib/python3.14t/site-packages/teccl/cli/solve.py", line 41, in handler
    solver.solve()
    ~~~~~~~~~~~~^^
  File "/data/commit/graphit/wangyj05/miniconda3/envs/teccl/lib/python3.14t/site-packages/teccl/scheduler.py", line 370, in solve
    self.solve_hierarchy(start)
    ~~~~~~~~~~~~~~~~~~~~^^^^^^^
  File "/data/commit/graphit/wangyj05/miniconda3/envs/teccl/lib/python3.14t/site-packages/teccl/scheduler.py", line 338, in solve_hierarchy
    info, solution = solve_hierarchical(
                     ~~~~~~~~~~~~~~~~~~^
        topology, level_input, instance.collective, num_chunks,
        ^^^^^^^^^^^^^^^^^^^^^^^^^^^^^^^^^^^^^^^^^^^^^^^^^^^^^^^
        prefix=prefix, debug=instance.debug, level_chunk=instance.level_chunk)
        ^^^^^^^^^^^^^^^^^^^^^^^^^^^^^^^^^^^^^^^^^^^^^^^^^^^^^^^^^^^^^^^^^^^^^^
  File "/data/commit/graphit/wangyj05/miniconda3/envs/teccl/lib/python3.14t/site-packages/teccl/hierarchy/solve.py", line 630, in solve_hierarchical
    solution = solve_level(root, ctx)
  File "/data/commit/graphit/wangyj05/miniconda3/envs/teccl/lib/python3.14t/site-packages/teccl/hierarchy/solve.py", line 311, in solve_level
    return _solve_recursive(problem, ctx)
  File "/data/commit/graphit/wangyj05/miniconda3/envs/teccl/lib/python3.14t/site-packages/teccl/hierarchy/solve.py", line 390, in _solve_recursive
    res = _lower(solution, problem, coarse, mapping, fine_tensor, g, level_demand)
  File "/data/commit/graphit/wangyj05/miniconda3/envs/teccl/lib/python3.14t/site-packages/teccl/hierarchy/solve.py", line 465, in _lower
    assignments, targets, epoch = assign_identities_free(
                                  ~~~~~~~~~~~~~~~~~~~~~~^
        solution, mapping, fine_tensor, problem.topology, level_chunk=g,
        ^^^^^^^^^^^^^^^^^^^^^^^^^^^^^^^^^^^^^^^^^^^^^^^^^^^^^^^^^^^^^^^^
        relabel=relabel, holder_of=holder)
        ^^^^^^^^^^^^^^^^^^^^^^^^^^^^^^^^^^
  File "/data/commit/graphit/wangyj05/miniconda3/envs/teccl/lib/python3.14t/site-packages/teccl/hierarchy/reconstruct.py", line 1006, in assign_identities_free
    assert abs(total_cap - len(identities)) < 1e-3, (
           ^^^^^^^^^^^^^^^^^^^^^^^^^^^^^^^^^^^^^^^
AssertionError: pair (0, 1): egress volume 32.0 (level chunk 8) != identity count 16. pieces filed under (0, 1) are TRANSIT legs of other flows [origin (0, 4):vol=1, origin (0, 7):vol=1]
srun: error: lanka27: task 0: Exited with exit code 1
