Processing ./.
  Installing build dependencies: started
  Installing build dependencies: finished with status 'done'
  Getting requirements to build wheel: started
  Getting requirements to build wheel: finished with status 'done'
  Preparing metadata (pyproject.toml): started
  Preparing metadata (pyproject.toml): finished with status 'done'
Requirement already satisfied: dataclasses in /data/commit/graphit/wangyj05/miniconda3/envs/teccl/lib/python3.14t/site-packages (from teccl==1.0.0) (0.6)
Requirement already satisfied: argcomplete in /data/commit/graphit/wangyj05/miniconda3/envs/teccl/lib/python3.14t/site-packages (from teccl==1.0.0) (3.6.3)
Requirement already satisfied: gurobipy in /data/commit/graphit/wangyj05/miniconda3/envs/teccl/lib/python3.14t/site-packages (from teccl==1.0.0) (13.0.2)
Requirement already satisfied: numpy in /data/commit/graphit/wangyj05/miniconda3/envs/teccl/lib/python3.14t/site-packages (from teccl==1.0.0) (2.4.6)
Requirement already satisfied: seaborn in /data/commit/graphit/wangyj05/miniconda3/envs/teccl/lib/python3.14t/site-packages (from teccl==1.0.0) (0.13.2)
Requirement already satisfied: pandas>=1.2 in /data/commit/graphit/wangyj05/miniconda3/envs/teccl/lib/python3.14t/site-packages (from seaborn->teccl==1.0.0) (3.0.3)
Requirement already satisfied: matplotlib!=3.6.1,>=3.4 in /data/commit/graphit/wangyj05/miniconda3/envs/teccl/lib/python3.14t/site-packages (from seaborn->teccl==1.0.0) (3.11.0)
Requirement already satisfied: contourpy>=1.0.1 in /data/commit/graphit/wangyj05/miniconda3/envs/teccl/lib/python3.14t/site-packages (from matplotlib!=3.6.1,>=3.4->seaborn->teccl==1.0.0) (1.3.3)
Requirement already satisfied: cycler>=0.10 in /data/commit/graphit/wangyj05/miniconda3/envs/teccl/lib/python3.14t/site-packages (from matplotlib!=3.6.1,>=3.4->seaborn->teccl==1.0.0) (0.12.1)
Requirement already satisfied: fonttools>=4.22.0 in /data/commit/graphit/wangyj05/miniconda3/envs/teccl/lib/python3.14t/site-packages (from matplotlib!=3.6.1,>=3.4->seaborn->teccl==1.0.0) (4.63.0)
Requirement already satisfied: kiwisolver>=1.3.1 in /data/commit/graphit/wangyj05/miniconda3/envs/teccl/lib/python3.14t/site-packages (from matplotlib!=3.6.1,>=3.4->seaborn->teccl==1.0.0) (1.5.0)
Requirement already satisfied: packaging>=20.0 in /data/commit/graphit/wangyj05/miniconda3/envs/teccl/lib/python3.14t/site-packages (from matplotlib!=3.6.1,>=3.4->seaborn->teccl==1.0.0) (26.2)
Requirement already satisfied: pillow>=9 in /data/commit/graphit/wangyj05/miniconda3/envs/teccl/lib/python3.14t/site-packages (from matplotlib!=3.6.1,>=3.4->seaborn->teccl==1.0.0) (12.2.0)
Requirement already satisfied: pyparsing>=3 in /data/commit/graphit/wangyj05/miniconda3/envs/teccl/lib/python3.14t/site-packages (from matplotlib!=3.6.1,>=3.4->seaborn->teccl==1.0.0) (3.3.2)
Requirement already satisfied: python-dateutil>=2.7 in /data/commit/graphit/wangyj05/miniconda3/envs/teccl/lib/python3.14t/site-packages (from matplotlib!=3.6.1,>=3.4->seaborn->teccl==1.0.0) (2.9.0.post0)
Requirement already satisfied: six>=1.5 in /data/commit/graphit/wangyj05/miniconda3/envs/teccl/lib/python3.14t/site-packages (from python-dateutil>=2.7->matplotlib!=3.6.1,>=3.4->seaborn->teccl==1.0.0) (1.17.0)
Building wheels for collected packages: teccl
  Building wheel for teccl (pyproject.toml): started
  Building wheel for teccl (pyproject.toml): finished with status 'done'
  Created wheel for teccl: filename=teccl-1.0.0-py3-none-any.whl size=219529 sha256=072ffd9a6a528b5b0addc5e1c561fe3305a5309267c38912d95aa64f37a38e13
  Stored in directory: /tmp/home/wangyj05/.cache/pip/wheels/2d/31/f1/88ef48e0a336b237a128de3fcf8e52662d1ed0bfbd5a678f6e
Successfully built teccl
Installing collected packages: teccl
  Attempting uninstall: teccl
    Found existing installation: teccl 1.0.0
    Uninstalling teccl-1.0.0:
      Successfully uninstalled teccl-1.0.0
Successfully installed teccl-1.0.0
Set parameter WLSAccessID
Set parameter WLSSecret
Set parameter LicenseID to value 2766017
Academic license 2766017 - for non-commercial use only - registered to wa___@mit.edu
Set parameter LogFile to value "Logs/ALLGATHER_LP_TwoPodRail_14-nodes_1-chunks_80-epochs_28.000245000000007-epoch_duration_ObjectiveType.LEXICOGRAPHIC.log"
Set parameter LogToConsole to value 0
Set parameter LogFile to value "Logs/ALLGATHER_LP_TwoPodRail_14-nodes_1-chunks_9-epochs_0.04-epoch_duration_ObjectiveType.LEXICOGRAPHIC.log"
Set parameter LogToConsole to value 0

==============================================================================
RAW LP FLOW VARS  f_s_i_j_k = flow[source s][link i->j][epoch k]
(continuous volume, summed over all of source s's chunks; not yet per-chunk)
==============================================================================

-- source 0 --
   epoch 0:   0(gpu) ->  8(SW)   volume = 1.0
   epoch 0:   0(gpu) ->  9(SW)   volume = 1.0
   epoch 0:   8(SW) ->  1(gpu)   volume = 0.2
   epoch 0:   8(SW) ->  2(gpu)   volume = 0.2
   epoch 0:   8(SW) ->  3(gpu)   volume = 0.3
   epoch 0:   8(SW) -> 12(SW)   volume = 0.3
   epoch 0:   9(SW) ->  1(gpu)   volume = 0.2
   epoch 0:   9(SW) ->  2(gpu)   volume = 0.2
   epoch 0:   9(SW) ->  3(gpu)   volume = 0.3
   epoch 0:   9(SW) -> 12(SW)   volume = 0.3
   epoch 0:  10(SW) ->  4(gpu)   volume = 0.3
   epoch 0:  11(SW) ->  4(gpu)   volume = 0.3
   epoch 0:  12(SW) -> 10(SW)   volume = 0.3
   epoch 0:  12(SW) -> 11(SW)   volume = 0.3
   epoch 1:   0(gpu) ->  8(SW)   volume = 1.0
   epoch 1:   0(gpu) ->  9(SW)   volume = 1.0
   epoch 1:   8(SW) ->  1(gpu)   volume = 0.3
   epoch 1:   8(SW) ->  3(gpu)   volume = 0.2
   epoch 1:   8(SW) -> 12(SW)   volume = 0.5
   epoch 1:   9(SW) ->  1(gpu)   volume = 0.3
   epoch 1:   9(SW) ->  3(gpu)   volume = 0.2
   epoch 1:   9(SW) -> 12(SW)   volume = 0.5
   epoch 1:  10(SW) ->  5(gpu)   volume = 0.1
   epoch 1:  10(SW) ->  7(gpu)   volume = 0.4
   epoch 1:  11(SW) ->  5(gpu)   volume = 0.1
   epoch 1:  11(SW) ->  7(gpu)   volume = 0.4
   epoch 1:  12(SW) -> 10(SW)   volume = 0.5
   epoch 1:  12(SW) -> 11(SW)   volume = 0.5
   epoch 2:   0(gpu) ->  8(SW)   volume = 0.4
   epoch 2:   0(gpu) ->  9(SW)   volume = 0.4
   epoch 2:   8(SW) ->  2(gpu)   volume = 0.3
   epoch 2:   8(SW) -> 12(SW)   volume = 0.1
   epoch 2:   9(SW) ->  2(gpu)   volume = 0.3
   epoch 2:   9(SW) -> 12(SW)   volume = 0.1
   epoch 2:  10(SW) ->  7(gpu)   volume = 0.1
   epoch 2:  11(SW) ->  7(gpu)   volume = 0.1
   epoch 2:  12(SW) -> 10(SW)   volume = 0.1
   epoch 2:  12(SW) -> 11(SW)   volume = 0.1
   epoch 3:   0(gpu) ->  8(SW)   volume = 0.5
   epoch 3:   0(gpu) ->  9(SW)   volume = 0.5
   epoch 3:   8(SW) -> 12(SW)   volume = 0.5
   epoch 3:   9(SW) -> 12(SW)   volume = 0.5
   epoch 3:  10(SW) ->  6(gpu)   volume = 0.5
   epoch 3:  11(SW) ->  6(gpu)   volume = 0.5
   epoch 3:  12(SW) -> 10(SW)   volume = 0.5
   epoch 3:  12(SW) -> 11(SW)   volume = 0.5
   epoch 4:   0(gpu) ->  8(SW)   volume = 0.6
   epoch 4:   0(gpu) ->  9(SW)   volume = 0.6
   epoch 4:   8(SW) -> 12(SW)   volume = 0.6
   epoch 4:   9(SW) -> 12(SW)   volume = 0.6
   epoch 4:  10(SW) ->  4(gpu)   volume = 0.2
   epoch 4:  10(SW) ->  5(gpu)   volume = 0.4
   epoch 4:  11(SW) ->  4(gpu)   volume = 0.2
   epoch 4:  11(SW) ->  5(gpu)   volume = 0.4
   epoch 4:  12(SW) -> 10(SW)   volume = 0.6
   epoch 4:  12(SW) -> 11(SW)   volume = 0.6

-- source 1 --
   epoch 0:   1(gpu) ->  8(SW)   volume = 1.0
   epoch 0:   1(gpu) ->  9(SW)   volume = 1.0
   epoch 0:   8(SW) ->  0(gpu)   volume = 0.5
   epoch 0:   8(SW) ->  2(gpu)   volume = 0.3
   epoch 0:   8(SW) -> 12(SW)   volume = 0.2
   epoch 0:   9(SW) ->  0(gpu)   volume = 0.5
   epoch 0:   9(SW) ->  2(gpu)   volume = 0.3
   epoch 0:   9(SW) -> 12(SW)   volume = 0.2
   epoch 0:  10(SW) ->  7(gpu)   volume = 0.2
   epoch 0:  11(SW) ->  7(gpu)   volume = 0.2
   epoch 0:  12(SW) -> 10(SW)   volume = 0.2
   epoch 0:  12(SW) -> 11(SW)   volume = 0.2
   epoch 1:   1(gpu) ->  8(SW)   volume = 1.0
   epoch 1:   1(gpu) ->  9(SW)   volume = 1.0
   epoch 1:   8(SW) ->  2(gpu)   volume = 0.2
   epoch 1:   8(SW) ->  3(gpu)   volume = 0.5
   epoch 1:   8(SW) -> 12(SW)   volume = 0.3
   epoch 1:   9(SW) ->  2(gpu)   volume = 0.2
   epoch 1:   9(SW) ->  3(gpu)   volume = 0.5
   epoch 1:   9(SW) -> 12(SW)   volume = 0.3
   epoch 1:  10(SW) ->  4(gpu)   volume = 0.3
   epoch 1:  11(SW) ->  4(gpu)   volume = 0.3
   epoch 1:  12(SW) -> 10(SW)   volume = 0.3
   epoch 1:  12(SW) -> 11(SW)   volume = 0.3
   epoch 2:   1(gpu) ->  8(SW)   volume = 0.5
   epoch 2:   1(gpu) ->  9(SW)   volume = 0.5
   epoch 2:   8(SW) -> 12(SW)   volume = 0.5
   epoch 2:   9(SW) -> 12(SW)   volume = 0.5
   epoch 2:  10(SW) ->  5(gpu)   volume = 0.5
   epoch 2:  11(SW) ->  5(gpu)   volume = 0.5
   epoch 2:  12(SW) -> 10(SW)   volume = 0.5
   epoch 2:  12(SW) -> 11(SW)   volume = 0.5
   epoch 3:   1(gpu) ->  8(SW)   volume = 0.5
   epoch 3:   1(gpu) ->  9(SW)   volume = 0.5
   epoch 3:   8(SW) -> 12(SW)   volume = 0.3
   epoch 3:   8(SW) -> 13(SW)   volume = 0.2
   epoch 3:   9(SW) -> 12(SW)   volume = 0.3
   epoch 3:   9(SW) -> 13(SW)   volume = 0.2
   epoch 3:  10(SW) ->  6(gpu)   volume = 0.5
   epoch 3:  11(SW) ->  6(gpu)   volume = 0.5
   epoch 3:  12(SW) -> 10(SW)   volume = 0.3
   epoch 3:  12(SW) -> 11(SW)   volume = 0.3
   epoch 3:  13(SW) -> 10(SW)   volume = 0.2
   epoch 3:  13(SW) -> 11(SW)   volume = 0.2
   epoch 4:   1(gpu) ->  8(SW)   volume = 0.2
   epoch 4:   1(gpu) ->  9(SW)   volume = 0.2
   epoch 4:   8(SW) -> 12(SW)   volume = 0.2
   epoch 4:   9(SW) -> 12(SW)   volume = 0.2
   epoch 4:  10(SW) ->  4(gpu)   volume = 0.2
   epoch 4:  11(SW) ->  4(gpu)   volume = 0.2
   epoch 4:  12(SW) -> 10(SW)   volume = 0.2
   epoch 4:  12(SW) -> 11(SW)   volume = 0.2
   epoch 5:   1(gpu) ->  8(SW)   volume = 0.3
   epoch 5:   1(gpu) ->  9(SW)   volume = 0.3
   epoch 5:   8(SW) -> 13(SW)   volume = 0.3
   epoch 5:   9(SW) -> 13(SW)   volume = 0.3
   epoch 5:  10(SW) ->  7(gpu)   volume = 0.3
   epoch 5:  11(SW) ->  7(gpu)   volume = 0.3
   epoch 5:  13(SW) -> 10(SW)   volume = 0.3
   epoch 5:  13(SW) -> 11(SW)   volume = 0.3

-- source 2 --
   epoch 0:   2(gpu) ->  8(SW)   volume = 1.0
   epoch 0:   2(gpu) ->  9(SW)   volume = 1.0
   epoch 0:   8(SW) ->  1(gpu)   volume = 0.5
   epoch 0:   8(SW) -> 13(SW)   volume = 0.5
   epoch 0:   9(SW) ->  1(gpu)   volume = 0.5
   epoch 0:   9(SW) -> 13(SW)   volume = 0.5
   epoch 0:  10(SW) ->  5(gpu)   volume = 0.5
   epoch 0:  11(SW) ->  5(gpu)   volume = 0.5
   epoch 0:  13(SW) -> 10(SW)   volume = 0.5
   epoch 0:  13(SW) -> 11(SW)   volume = 0.5
   epoch 1:   2(gpu) ->  8(SW)   volume = 1.0
   epoch 1:   2(gpu) ->  9(SW)   volume = 1.0
   epoch 1:   8(SW) ->  0(gpu)   volume = 0.5
   epoch 1:   8(SW) ->  3(gpu)   volume = 0.3
   epoch 1:   8(SW) -> 12(SW)   volume = 0.2
   epoch 1:   9(SW) ->  0(gpu)   volume = 0.5
   epoch 1:   9(SW) ->  3(gpu)   volume = 0.3
   epoch 1:   9(SW) -> 12(SW)   volume = 0.2
   epoch 1:  10(SW) ->  6(gpu)   volume = 0.2
   epoch 1:  11(SW) ->  6(gpu)   volume = 0.2
   epoch 1:  12(SW) -> 10(SW)   volume = 0.2
   epoch 1:  12(SW) -> 11(SW)   volume = 0.2
   epoch 2:   2(gpu) ->  8(SW)   volume = 1.0
   epoch 2:   2(gpu) ->  9(SW)   volume = 1.0
   epoch 2:   8(SW) ->  3(gpu)   volume = 0.2
   epoch 2:   8(SW) -> 12(SW)   volume = 0.4
   epoch 2:   8(SW) -> 13(SW)   volume = 0.4
   epoch 2:   9(SW) ->  3(gpu)   volume = 0.2
   epoch 2:   9(SW) -> 12(SW)   volume = 0.4
   epoch 2:   9(SW) -> 13(SW)   volume = 0.4
   epoch 2:  10(SW) ->  4(gpu)   volume = 0.3
   epoch 2:  10(SW) ->  6(gpu)   volume = 0.3
   epoch 2:  10(SW) ->  7(gpu)   volume = 0.2
   epoch 2:  11(SW) ->  4(gpu)   volume = 0.3
   epoch 2:  11(SW) ->  6(gpu)   volume = 0.3
   epoch 2:  11(SW) ->  7(gpu)   volume = 0.2
   epoch 2:  12(SW) -> 10(SW)   volume = 0.4
   epoch 2:  12(SW) -> 11(SW)   volume = 0.4
   epoch 2:  13(SW) -> 10(SW)   volume = 0.4
   epoch 2:  13(SW) -> 11(SW)   volume = 0.4
   epoch 3:   2(gpu) ->  8(SW)   volume = 0.3
   epoch 3:   2(gpu) ->  9(SW)   volume = 0.3
   epoch 3:   8(SW) -> 13(SW)   volume = 0.3
   epoch 3:   9(SW) -> 13(SW)   volume = 0.3
   epoch 3:  10(SW) ->  7(gpu)   volume = 0.3
   epoch 3:  11(SW) ->  7(gpu)   volume = 0.3
   epoch 3:  13(SW) -> 10(SW)   volume = 0.3
   epoch 3:  13(SW) -> 11(SW)   volume = 0.3
   epoch 4:   2(gpu) ->  8(SW)   volume = 0.2
   epoch 4:   2(gpu) ->  9(SW)   volume = 0.2
   epoch 4:   8(SW) -> 12(SW)   volume = 0.2
   epoch 4:   9(SW) -> 12(SW)   volume = 0.2
   epoch 4:  10(SW) ->  4(gpu)   volume = 0.2
   epoch 4:  11(SW) ->  4(gpu)   volume = 0.2
   epoch 4:  12(SW) -> 10(SW)   volume = 0.2
   epoch 4:  12(SW) -> 11(SW)   volume = 0.2

-- source 3 --
   epoch 0:   3(gpu) ->  8(SW)   volume = 1.0
   epoch 0:   3(gpu) ->  9(SW)   volume = 1.0
   epoch 0:   8(SW) ->  2(gpu)   volume = 0.5
   epoch 0:   8(SW) -> 12(SW)   volume = 0.5
   epoch 0:   9(SW) ->  2(gpu)   volume = 0.5
   epoch 0:   9(SW) -> 12(SW)   volume = 0.5
   epoch 0:  10(SW) ->  5(gpu)   volume = 0.4
   epoch 0:  10(SW) ->  7(gpu)   volume = 0.1
   epoch 0:  11(SW) ->  5(gpu)   volume = 0.4
   epoch 0:  11(SW) ->  7(gpu)   volume = 0.1
   epoch 0:  12(SW) -> 10(SW)   volume = 0.5
   epoch 0:  12(SW) -> 11(SW)   volume = 0.5
   epoch 1:   3(gpu) ->  8(SW)   volume = 1.0
   epoch 1:   3(gpu) ->  9(SW)   volume = 1.0
   epoch 1:   8(SW) ->  1(gpu)   volume = 0.5
   epoch 1:   8(SW) -> 13(SW)   volume = 0.5
   epoch 1:   9(SW) ->  1(gpu)   volume = 0.5
   epoch 1:   9(SW) -> 13(SW)   volume = 0.5
   epoch 1:  10(SW) ->  6(gpu)   volume = 0.5
   epoch 1:  11(SW) ->  6(gpu)   volume = 0.5
   epoch 1:  13(SW) -> 10(SW)   volume = 0.5
   epoch 1:  13(SW) -> 11(SW)   volume = 0.5
   epoch 2:   3(gpu) ->  8(SW)   volume = 0.6
   epoch 2:   3(gpu) ->  9(SW)   volume = 0.6
   epoch 2:   8(SW) ->  0(gpu)   volume = 0.5
   epoch 2:   8(SW) -> 13(SW)   volume = 0.1
   epoch 2:   9(SW) ->  0(gpu)   volume = 0.5
   epoch 2:   9(SW) -> 13(SW)   volume = 0.1
   epoch 2:  10(SW) ->  4(gpu)   volume = 0.1
   epoch 2:  11(SW) ->  4(gpu)   volume = 0.1
   epoch 2:  13(SW) -> 10(SW)   volume = 0.1
   epoch 2:  13(SW) -> 11(SW)   volume = 0.1
   epoch 3:   3(gpu) ->  8(SW)   volume = 0.2
   epoch 3:   3(gpu) ->  9(SW)   volume = 0.2
   epoch 3:   8(SW) -> 12(SW)   volume = 0.2
   epoch 3:   9(SW) -> 12(SW)   volume = 0.2
   epoch 3:  10(SW) ->  7(gpu)   volume = 0.2
   epoch 3:  11(SW) ->  7(gpu)   volume = 0.2
   epoch 3:  12(SW) -> 10(SW)   volume = 0.2
   epoch 3:  12(SW) -> 11(SW)   volume = 0.2
   epoch 4:   3(gpu) ->  8(SW)   volume = 0.5
   epoch 4:   3(gpu) ->  9(SW)   volume = 0.5
   epoch 4:   8(SW) -> 13(SW)   volume = 0.5
   epoch 4:   9(SW) -> 13(SW)   volume = 0.5
   epoch 4:  10(SW) ->  4(gpu)   volume = 0.4
   epoch 4:  10(SW) ->  5(gpu)   volume = 0.1
   epoch 4:  11(SW) ->  4(gpu)   volume = 0.4
   epoch 4:  11(SW) ->  5(gpu)   volume = 0.1
   epoch 4:  13(SW) -> 10(SW)   volume = 0.5
   epoch 4:  13(SW) -> 11(SW)   volume = 0.5
   epoch 5:   3(gpu) ->  8(SW)   volume = 0.2
   epoch 5:   3(gpu) ->  9(SW)   volume = 0.2
   epoch 5:   8(SW) -> 13(SW)   volume = 0.2
   epoch 5:   9(SW) -> 13(SW)   volume = 0.2
   epoch 5:  10(SW) ->  7(gpu)   volume = 0.2
   epoch 5:  11(SW) ->  7(gpu)   volume = 0.2
   epoch 5:  13(SW) -> 10(SW)   volume = 0.2
   epoch 5:  13(SW) -> 11(SW)   volume = 0.2

-- source 4 --
   epoch 0:   4(gpu) -> 10(SW)   volume = 1.0
   epoch 0:   4(gpu) -> 11(SW)   volume = 1.0
   epoch 0:   8(SW) ->  0(gpu)   volume = 0.2
   epoch 0:   9(SW) ->  0(gpu)   volume = 0.2
   epoch 0:  10(SW) ->  6(gpu)   volume = 0.3
   epoch 0:  10(SW) ->  7(gpu)   volume = 0.5
   epoch 0:  10(SW) -> 12(SW)   volume = 0.2
   epoch 0:  11(SW) ->  6(gpu)   volume = 0.3
   epoch 0:  11(SW) ->  7(gpu)   volume = 0.5
   epoch 0:  11(SW) -> 12(SW)   volume = 0.2
   epoch 0:  12(SW) ->  8(SW)   volume = 0.2
   epoch 0:  12(SW) ->  9(SW)   volume = 0.2
   epoch 1:   4(gpu) -> 10(SW)   volume = 1.0
   epoch 1:   4(gpu) -> 11(SW)   volume = 1.0
   epoch 1:   8(SW) ->  2(gpu)   volume = 0.3
   epoch 1:   9(SW) ->  2(gpu)   volume = 0.3
   epoch 1:  10(SW) ->  5(gpu)   volume = 0.5
   epoch 1:  10(SW) ->  6(gpu)   volume = 0.2
   epoch 1:  10(SW) -> 12(SW)   volume = 0.3
   epoch 1:  11(SW) ->  5(gpu)   volume = 0.5
   epoch 1:  11(SW) ->  6(gpu)   volume = 0.2
   epoch 1:  11(SW) -> 12(SW)   volume = 0.3
   epoch 1:  12(SW) ->  8(SW)   volume = 0.3
   epoch 1:  12(SW) ->  9(SW)   volume = 0.3
   epoch 2:   4(gpu) -> 10(SW)   volume = 0.5
   epoch 2:   4(gpu) -> 11(SW)   volume = 0.5
   epoch 2:   8(SW) ->  3(gpu)   volume = 0.5
   epoch 2:   9(SW) ->  3(gpu)   volume = 0.5
   epoch 2:  10(SW) -> 12(SW)   volume = 0.5
   epoch 2:  11(SW) -> 12(SW)   volume = 0.5
   epoch 2:  12(SW) ->  8(SW)   volume = 0.5
   epoch 2:  12(SW) ->  9(SW)   volume = 0.5
   epoch 3:   4(gpu) -> 10(SW)   volume = 0.3
   epoch 3:   4(gpu) -> 11(SW)   volume = 0.3
   epoch 3:   8(SW) ->  1(gpu)   volume = 0.1
   epoch 3:   8(SW) ->  2(gpu)   volume = 0.2
   epoch 3:   9(SW) ->  1(gpu)   volume = 0.1
   epoch 3:   9(SW) ->  2(gpu)   volume = 0.2
   epoch 3:  10(SW) -> 12(SW)   volume = 0.3
   epoch 3:  11(SW) -> 12(SW)   volume = 0.3
   epoch 3:  12(SW) ->  8(SW)   volume = 0.3
   epoch 3:  12(SW) ->  9(SW)   volume = 0.3
   epoch 4:   4(gpu) -> 10(SW)   volume = 0.7
   epoch 4:   4(gpu) -> 11(SW)   volume = 0.7
   epoch 4:   8(SW) ->  0(gpu)   volume = 0.3
   epoch 4:   8(SW) ->  1(gpu)   volume = 0.4
   epoch 4:   9(SW) ->  0(gpu)   volume = 0.3
   epoch 4:   9(SW) ->  1(gpu)   volume = 0.4
   epoch 4:  10(SW) -> 12(SW)   volume = 0.5
   epoch 4:  10(SW) -> 13(SW)   volume = 0.2
   epoch 4:  11(SW) -> 12(SW)   volume = 0.5
   epoch 4:  11(SW) -> 13(SW)   volume = 0.2
   epoch 4:  12(SW) ->  8(SW)   volume = 0.5
   epoch 4:  12(SW) ->  9(SW)   volume = 0.5
   epoch 4:  13(SW) ->  8(SW)   volume = 0.2
   epoch 4:  13(SW) ->  9(SW)   volume = 0.2

-- source 5 --
   epoch 0:   5(gpu) -> 10(SW)   volume = 1.0
   epoch 0:   5(gpu) -> 11(SW)   volume = 1.0
   epoch 0:   8(SW) ->  3(gpu)   volume = 0.5
   epoch 0:   9(SW) ->  3(gpu)   volume = 0.5
   epoch 0:  10(SW) ->  6(gpu)   volume = 0.3
   epoch 0:  10(SW) ->  7(gpu)   volume = 0.2
   epoch 0:  10(SW) -> 13(SW)   volume = 0.5
   epoch 0:  11(SW) ->  6(gpu)   volume = 0.3
   epoch 0:  11(SW) ->  7(gpu)   volume = 0.2
   epoch 0:  11(SW) -> 13(SW)   volume = 0.5
   epoch 0:  13(SW) ->  8(SW)   volume = 0.5
   epoch 0:  13(SW) ->  9(SW)   volume = 0.5
   epoch 1:   5(gpu) -> 10(SW)   volume = 1.0
   epoch 1:   5(gpu) -> 11(SW)   volume = 1.0
   epoch 1:   8(SW) ->  1(gpu)   volume = 0.2
   epoch 1:   9(SW) ->  1(gpu)   volume = 0.2
   epoch 1:  10(SW) ->  4(gpu)   volume = 0.5
   epoch 1:  10(SW) ->  7(gpu)   volume = 0.3
   epoch 1:  10(SW) -> 12(SW)   volume = 0.2
   epoch 1:  11(SW) ->  4(gpu)   volume = 0.5
   epoch 1:  11(SW) ->  7(gpu)   volume = 0.3
   epoch 1:  11(SW) -> 12(SW)   volume = 0.2
   epoch 1:  12(SW) ->  8(SW)   volume = 0.2
   epoch 1:  12(SW) ->  9(SW)   volume = 0.2
   epoch 2:   5(gpu) -> 10(SW)   volume = 0.5
   epoch 2:   5(gpu) -> 11(SW)   volume = 0.5
   epoch 2:   8(SW) ->  1(gpu)   volume = 0.3
   epoch 2:   9(SW) ->  1(gpu)   volume = 0.3
   epoch 2:  10(SW) ->  6(gpu)   volume = 0.2
   epoch 2:  10(SW) -> 12(SW)   volume = 0.3
   epoch 2:  11(SW) ->  6(gpu)   volume = 0.2
   epoch 2:  11(SW) -> 12(SW)   volume = 0.3
   epoch 2:  12(SW) ->  8(SW)   volume = 0.3
   epoch 2:  12(SW) ->  9(SW)   volume = 0.3
   epoch 3:   5(gpu) -> 10(SW)   volume = 0.5
   epoch 3:   5(gpu) -> 11(SW)   volume = 0.5
   epoch 3:   8(SW) ->  2(gpu)   volume = 0.5
   epoch 3:   9(SW) ->  2(gpu)   volume = 0.5
   epoch 3:  10(SW) -> 12(SW)   volume = 0.5
   epoch 3:  11(SW) -> 12(SW)   volume = 0.5
   epoch 3:  12(SW) ->  8(SW)   volume = 0.5
   epoch 3:  12(SW) ->  9(SW)   volume = 0.5
   epoch 4:   5(gpu) -> 10(SW)   volume = 0.5
   epoch 4:   5(gpu) -> 11(SW)   volume = 0.5
   epoch 4:   8(SW) ->  0(gpu)   volume = 0.5
   epoch 4:   9(SW) ->  0(gpu)   volume = 0.5
   epoch 4:  10(SW) -> 12(SW)   volume = 0.5
   epoch 4:  11(SW) -> 12(SW)   volume = 0.5
   epoch 4:  12(SW) ->  8(SW)   volume = 0.5
   epoch 4:  12(SW) ->  9(SW)   volume = 0.5

-- source 6 --
   epoch 0:   6(gpu) -> 10(SW)   volume = 1.0
   epoch 0:   6(gpu) -> 11(SW)   volume = 1.0
   epoch 0:   8(SW) ->  0(gpu)   volume = 0.3
   epoch 0:   8(SW) ->  1(gpu)   volume = 0.1
   epoch 0:   8(SW) ->  3(gpu)   volume = 0.2
   epoch 0:   9(SW) ->  0(gpu)   volume = 0.3
   epoch 0:   9(SW) ->  1(gpu)   volume = 0.1
   epoch 0:   9(SW) ->  3(gpu)   volume = 0.2
   epoch 0:  10(SW) ->  4(gpu)   volume = 0.3
   epoch 0:  10(SW) ->  5(gpu)   volume = 0.1
   epoch 0:  10(SW) -> 12(SW)   volume = 0.6
   epoch 0:  11(SW) ->  4(gpu)   volume = 0.3
   epoch 0:  11(SW) ->  5(gpu)   volume = 0.1
   epoch 0:  11(SW) -> 12(SW)   volume = 0.6
   epoch 0:  12(SW) ->  8(SW)   volume = 0.6
   epoch 0:  12(SW) ->  9(SW)   volume = 0.6
   epoch 1:   6(gpu) -> 10(SW)   volume = 1.0
   epoch 1:   6(gpu) -> 11(SW)   volume = 1.0
   epoch 1:   8(SW) ->  2(gpu)   volume = 0.5
   epoch 1:   9(SW) ->  2(gpu)   volume = 0.5
   epoch 1:  10(SW) ->  4(gpu)   volume = 0.2
   epoch 1:  10(SW) ->  7(gpu)   volume = 0.3
   epoch 1:  10(SW) -> 12(SW)   volume = 0.5
   epoch 1:  11(SW) ->  4(gpu)   volume = 0.2
   epoch 1:  11(SW) ->  7(gpu)   volume = 0.3
   epoch 1:  11(SW) -> 12(SW)   volume = 0.5
   epoch 1:  12(SW) ->  8(SW)   volume = 0.5
   epoch 1:  12(SW) ->  9(SW)   volume = 0.5
   epoch 2:   6(gpu) -> 10(SW)   volume = 0.8
   epoch 2:   6(gpu) -> 11(SW)   volume = 0.8
   epoch 2:   8(SW) ->  0(gpu)   volume = 0.2
   epoch 2:   9(SW) ->  0(gpu)   volume = 0.2
   epoch 2:  10(SW) ->  5(gpu)   volume = 0.4
   epoch 2:  10(SW) ->  7(gpu)   volume = 0.2
   epoch 2:  10(SW) -> 12(SW)   volume = 0.2
   epoch 2:  11(SW) ->  5(gpu)   volume = 0.4
   epoch 2:  11(SW) ->  7(gpu)   volume = 0.2
   epoch 2:  11(SW) -> 12(SW)   volume = 0.2
   epoch 2:  12(SW) ->  8(SW)   volume = 0.2
   epoch 2:  12(SW) ->  9(SW)   volume = 0.2
   epoch 3:   6(gpu) -> 10(SW)   volume = 0.4
   epoch 3:   6(gpu) -> 11(SW)   volume = 0.4
   epoch 3:   8(SW) ->  1(gpu)   volume = 0.4
   epoch 3:   9(SW) ->  1(gpu)   volume = 0.4
   epoch 3:  10(SW) -> 12(SW)   volume = 0.2
   epoch 3:  10(SW) -> 13(SW)   volume = 0.2
   epoch 3:  11(SW) -> 12(SW)   volume = 0.2
   epoch 3:  11(SW) -> 13(SW)   volume = 0.2
   epoch 3:  12(SW) ->  8(SW)   volume = 0.2
   epoch 3:  12(SW) ->  9(SW)   volume = 0.2
   epoch 3:  13(SW) ->  8(SW)   volume = 0.2
   epoch 3:  13(SW) ->  9(SW)   volume = 0.2
   epoch 5:   6(gpu) -> 10(SW)   volume = 0.3
   epoch 5:   6(gpu) -> 11(SW)   volume = 0.3
   epoch 5:   8(SW) ->  3(gpu)   volume = 0.3
   epoch 5:   9(SW) ->  3(gpu)   volume = 0.3
   epoch 5:  10(SW) -> 13(SW)   volume = 0.3
   epoch 5:  11(SW) -> 13(SW)   volume = 0.3
   epoch 5:  13(SW) ->  8(SW)   volume = 0.3
   epoch 5:  13(SW) ->  9(SW)   volume = 0.3

-- source 7 --
   epoch 0:   7(gpu) -> 10(SW)   volume = 1.0
   epoch 0:   7(gpu) -> 11(SW)   volume = 1.0
   epoch 0:   8(SW) ->  1(gpu)   volume = 0.2
   epoch 0:   9(SW) ->  1(gpu)   volume = 0.2
   epoch 0:  10(SW) ->  4(gpu)   volume = 0.4
   epoch 0:  10(SW) ->  6(gpu)   volume = 0.4
   epoch 0:  10(SW) -> 12(SW)   volume = 0.2
   epoch 0:  11(SW) ->  4(gpu)   volume = 0.4
   epoch 0:  11(SW) ->  6(gpu)   volume = 0.4
   epoch 0:  11(SW) -> 12(SW)   volume = 0.2
   epoch 0:  12(SW) ->  8(SW)   volume = 0.2
   epoch 0:  12(SW) ->  9(SW)   volume = 0.2
   epoch 1:   7(gpu) -> 10(SW)   volume = 1.0
   epoch 1:   7(gpu) -> 11(SW)   volume = 1.0
   epoch 1:   8(SW) ->  0(gpu)   volume = 0.5
   epoch 1:   9(SW) ->  0(gpu)   volume = 0.5
   epoch 1:  10(SW) ->  5(gpu)   volume = 0.4
   epoch 1:  10(SW) ->  6(gpu)   volume = 0.1
   epoch 1:  10(SW) -> 13(SW)   volume = 0.5
   epoch 1:  11(SW) ->  5(gpu)   volume = 0.4
   epoch 1:  11(SW) ->  6(gpu)   volume = 0.1
   epoch 1:  11(SW) -> 13(SW)   volume = 0.5
   epoch 1:  13(SW) ->  8(SW)   volume = 0.5
   epoch 1:  13(SW) ->  9(SW)   volume = 0.5
   epoch 2:   7(gpu) -> 10(SW)   volume = 0.7
   epoch 2:   7(gpu) -> 11(SW)   volume = 0.7
   epoch 2:   8(SW) ->  1(gpu)   volume = 0.3
   epoch 2:   8(SW) ->  2(gpu)   volume = 0.2
   epoch 2:   9(SW) ->  1(gpu)   volume = 0.3
   epoch 2:   9(SW) ->  2(gpu)   volume = 0.2
   epoch 2:  10(SW) ->  4(gpu)   volume = 0.1
   epoch 2:  10(SW) ->  5(gpu)   volume = 0.1
   epoch 2:  10(SW) -> 13(SW)   volume = 0.5
   epoch 2:  11(SW) ->  4(gpu)   volume = 0.1
   epoch 2:  11(SW) ->  5(gpu)   volume = 0.1
   epoch 2:  11(SW) -> 13(SW)   volume = 0.5
   epoch 2:  13(SW) ->  8(SW)   volume = 0.5
   epoch 2:  13(SW) ->  9(SW)   volume = 0.5
   epoch 3:   7(gpu) -> 10(SW)   volume = 0.3
   epoch 3:   7(gpu) -> 11(SW)   volume = 0.3
   epoch 3:   8(SW) ->  3(gpu)   volume = 0.3
   epoch 3:   9(SW) ->  3(gpu)   volume = 0.3
   epoch 3:  10(SW) -> 13(SW)   volume = 0.3
   epoch 3:  11(SW) -> 13(SW)   volume = 0.3
   epoch 3:  13(SW) ->  8(SW)   volume = 0.3
   epoch 3:  13(SW) ->  9(SW)   volume = 0.3
   epoch 4:   7(gpu) -> 10(SW)   volume = 0.3
   epoch 4:   7(gpu) -> 11(SW)   volume = 0.3
   epoch 4:   8(SW) ->  2(gpu)   volume = 0.3
   epoch 4:   9(SW) ->  2(gpu)   volume = 0.3
   epoch 4:  10(SW) -> 13(SW)   volume = 0.3
   epoch 4:  11(SW) -> 13(SW)   volume = 0.3
   epoch 4:  13(SW) ->  8(SW)   volume = 0.3
   epoch 4:  13(SW) ->  9(SW)   volume = 0.3
   epoch 5:   7(gpu) -> 10(SW)   volume = 0.2
   epoch 5:   7(gpu) -> 11(SW)   volume = 0.2
   epoch 5:   8(SW) ->  3(gpu)   volume = 0.2
   epoch 5:   9(SW) ->  3(gpu)   volume = 0.2
   epoch 5:  10(SW) -> 13(SW)   volume = 0.2
   epoch 5:  11(SW) -> 13(SW)   volume = 0.2
   epoch 5:  13(SW) ->  8(SW)   volume = 0.2
   epoch 5:  13(SW) ->  9(SW)   volume = 0.2

------------------------------------------------------------------------------
RAW CONSUMED VARS  T_s_d_k = consumed_at_k[source s][dest d][epoch k]
(volume of source s's demand absorbed AT destination d during epoch k)
------------------------------------------------------------------------------
   dest  0:  from source  1  epoch 0  consumed = 1.0
   dest  0:  from source  2  epoch 1  consumed = 1.0
   dest  0:  from source  3  epoch 2  consumed = 1.0
   dest  0:  from source  4  epoch 0  consumed = 0.4
   dest  0:  from source  4  epoch 4  consumed = 0.6
   dest  0:  from source  5  epoch 4  consumed = 1.0
   dest  0:  from source  6  epoch 0  consumed = 0.6
   dest  0:  from source  6  epoch 2  consumed = 0.4
   dest  0:  from source  7  epoch 1  consumed = 1.0
   dest  1:  from source  0  epoch 0  consumed = 0.4
   dest  1:  from source  0  epoch 1  consumed = 0.6
   dest  1:  from source  2  epoch 0  consumed = 1.0
   dest  1:  from source  3  epoch 1  consumed = 1.0
   dest  1:  from source  4  epoch 3  consumed = 0.2
   dest  1:  from source  4  epoch 4  consumed = 0.8
   dest  1:  from source  5  epoch 1  consumed = 0.4
   dest  1:  from source  5  epoch 2  consumed = 0.6
   dest  1:  from source  6  epoch 0  consumed = 0.2
   dest  1:  from source  6  epoch 3  consumed = 0.8
   dest  1:  from source  7  epoch 0  consumed = 0.4
   dest  1:  from source  7  epoch 2  consumed = 0.6
   dest  2:  from source  0  epoch 0  consumed = 0.4
   dest  2:  from source  0  epoch 2  consumed = 0.6
   dest  2:  from source  1  epoch 0  consumed = 0.6
   dest  2:  from source  1  epoch 1  consumed = 0.4
   dest  2:  from source  3  epoch 0  consumed = 1.0
   dest  2:  from source  4  epoch 1  consumed = 0.6
   dest  2:  from source  4  epoch 3  consumed = 0.4
   dest  2:  from source  5  epoch 3  consumed = 1.0
   dest  2:  from source  6  epoch 1  consumed = 1.0
   dest  2:  from source  7  epoch 2  consumed = 0.4
   dest  2:  from source  7  epoch 4  consumed = 0.6
   dest  3:  from source  0  epoch 0  consumed = 0.6
   dest  3:  from source  0  epoch 1  consumed = 0.4
   dest  3:  from source  1  epoch 1  consumed = 1.0
   dest  3:  from source  2  epoch 1  consumed = 0.6
   dest  3:  from source  2  epoch 2  consumed = 0.4
   dest  3:  from source  4  epoch 2  consumed = 1.0
   dest  3:  from source  5  epoch 0  consumed = 1.0
   dest  3:  from source  6  epoch 0  consumed = 0.4
   dest  3:  from source  6  epoch 5  consumed = 0.6
   dest  3:  from source  7  epoch 3  consumed = 0.6
   dest  3:  from source  7  epoch 5  consumed = 0.4
   dest  4:  from source  0  epoch 0  consumed = 0.6
   dest  4:  from source  0  epoch 4  consumed = 0.4
   dest  4:  from source  1  epoch 1  consumed = 0.6
   dest  4:  from source  1  epoch 4  consumed = 0.4
   dest  4:  from source  2  epoch 2  consumed = 0.6
   dest  4:  from source  2  epoch 4  consumed = 0.4
   dest  4:  from source  3  epoch 2  consumed = 0.2
   dest  4:  from source  3  epoch 4  consumed = 0.8
   dest  4:  from source  5  epoch 1  consumed = 1.0
   dest  4:  from source  6  epoch 0  consumed = 0.6
   dest  4:  from source  6  epoch 1  consumed = 0.4
   dest  4:  from source  7  epoch 0  consumed = 0.8
   dest  4:  from source  7  epoch 2  consumed = 0.2
   dest  5:  from source  0  epoch 1  consumed = 0.2
   dest  5:  from source  0  epoch 4  consumed = 0.8
   dest  5:  from source  1  epoch 2  consumed = 1.0
   dest  5:  from source  2  epoch 0  consumed = 1.0
   dest  5:  from source  3  epoch 0  consumed = 0.8
   dest  5:  from source  3  epoch 4  consumed = 0.2
   dest  5:  from source  4  epoch 1  consumed = 1.0
   dest  5:  from source  6  epoch 0  consumed = 0.2
   dest  5:  from source  6  epoch 2  consumed = 0.8
   dest  5:  from source  7  epoch 1  consumed = 0.8
   dest  5:  from source  7  epoch 2  consumed = 0.2
   dest  6:  from source  0  epoch 3  consumed = 1.0
   dest  6:  from source  1  epoch 3  consumed = 1.0
   dest  6:  from source  2  epoch 1  consumed = 0.4
   dest  6:  from source  2  epoch 2  consumed = 0.6
   dest  6:  from source  3  epoch 1  consumed = 1.0
   dest  6:  from source  4  epoch 0  consumed = 0.6
   dest  6:  from source  4  epoch 1  consumed = 0.4
   dest  6:  from source  5  epoch 0  consumed = 0.6
   dest  6:  from source  5  epoch 2  consumed = 0.4
   dest  6:  from source  7  epoch 0  consumed = 0.8
   dest  6:  from source  7  epoch 1  consumed = 0.2
   dest  7:  from source  0  epoch 1  consumed = 0.8
   dest  7:  from source  0  epoch 2  consumed = 0.2
   dest  7:  from source  1  epoch 0  consumed = 0.4
   dest  7:  from source  1  epoch 5  consumed = 0.6
   dest  7:  from source  2  epoch 2  consumed = 0.4
   dest  7:  from source  2  epoch 3  consumed = 0.6
   dest  7:  from source  3  epoch 0  consumed = 0.2
   dest  7:  from source  3  epoch 3  consumed = 0.4
   dest  7:  from source  3  epoch 5  consumed = 0.4
   dest  7:  from source  4  epoch 0  consumed = 1.0
   dest  7:  from source  5  epoch 0  consumed = 0.4
   dest  7:  from source  5  epoch 1  consumed = 0.6
   dest  7:  from source  6  epoch 1  consumed = 0.6
   dest  7:  from source  6  epoch 2  consumed = 0.4
==============================================================================

Schedule written to Schedules/two_pod_rail_allgather_coarse.json
[flat] network pacing: 2 paced send(s) fire early -- no send on the same uplink finishes serializing at epoch k, so P2 cannot pin them to their coarse epoch (deferred P3 territory) [(gpu, epoch)]: [(12, 5), (13, 5)]
Schedule written to Schedules/two_pod_rail_allgather_flat.json
