cpu-bind=MASK - lanka26, task  0  0 [633627]: mask 0xffffffffffff set
cpu-bind=MASK - lanka26, task  0  0 [634117]: mask 0xff0000ff set
WARNING:root:Not_Optimal_AllGather_MILP_Status-10_HeteroTaperedCluster_19-nodes_1-chunks_18-epochs_0.09500332500000001-epochduration
WARNING:root:[PHANTOM] same-epoch switch cycle: source 0 chunk 0 epoch 5: flow[17->18]=1 AND flow[18->17]=1 (conservation satisfied circularly)
WARNING:root:[PHANTOM] same-epoch switch cycle: source 2 chunk 0 epoch 2: flow[17->18]=1 AND flow[18->17]=1 (conservation satisfied circularly)
WARNING:root:[PHANTOM] same-epoch switch cycle: source 2 chunk 0 epoch 3: flow[17->18]=1 AND flow[18->17]=1 (conservation satisfied circularly)
WARNING:root:[PHANTOM] same-epoch switch cycle: source 3 chunk 0 epoch 1: flow[17->18]=1 AND flow[18->17]=1 (conservation satisfied circularly)
WARNING:root:[PHANTOM] same-epoch switch cycle: source 3 chunk 0 epoch 8: flow[17->18]=1 AND flow[18->17]=1 (conservation satisfied circularly)
WARNING:root:[PHANTOM] same-epoch switch cycle: source 4 chunk 0 epoch 2: flow[17->18]=1 AND flow[18->17]=1 (conservation satisfied circularly)
WARNING:root:[PHANTOM] same-epoch switch cycle: source 5 chunk 0 epoch 2: flow[17->18]=1 AND flow[18->17]=1 (conservation satisfied circularly)
WARNING:root:[PHANTOM] same-epoch switch cycle: source 6 chunk 0 epoch 1: flow[17->18]=1 AND flow[18->17]=1 (conservation satisfied circularly)
WARNING:root:[PHANTOM] same-epoch switch cycle: source 7 chunk 0 epoch 1: flow[17->18]=1 AND flow[18->17]=1 (conservation satisfied circularly)
WARNING:root:[PHANTOM] same-epoch switch cycle: source 9 chunk 0 epoch 3: flow[17->18]=1 AND flow[18->17]=1 (conservation satisfied circularly)
WARNING:root:[PHANTOM] same-epoch switch cycle: source 10 chunk 0 epoch 2: flow[17->18]=1 AND flow[18->17]=1 (conservation satisfied circularly)
WARNING:root:[PHANTOM] source 0 chunk 0 GPU->switch egress (only real way into the mesh): 0->17@ep0, 4->15@ep1, 8->16@ep1, 8->16@ep2, 0->14@ep3, 4->15@ep4, 7->15@ep5, 0->14@ep10
WARNING:root:[PHANTOM] source 2 chunk 0 GPU->switch egress (only real way into the mesh): 2->14@ep2, 8->16@ep2, 12->16@ep3, 8->17@ep7, 2->14@ep9, 4->15@ep9, 2->14@ep10
WARNING:root:[PHANTOM] source 3 chunk 0 GPU->switch egress (only real way into the mesh): 11->16@ep1, 3->14@ep2, 9->16@ep2, 0->17@ep3, 12->16@ep3, 4->15@ep5, 3->14@ep9
WARNING:root:[PHANTOM] source 4 chunk 0 GPU->switch egress (only real way into the mesh): 4->15@ep0, 1->14@ep2, 13->16@ep2, 4->15@ep3, 4->17@ep4
WARNING:root:[PHANTOM] source 5 chunk 0 GPU->switch egress (only real way into the mesh): 1->14@ep2, 13->16@ep2, 5->15@ep3, 1->14@ep4, 5->15@ep10
WARNING:root:[PHANTOM] source 6 chunk 0 GPU->switch egress (only real way into the mesh): 6->15@ep0, 11->16@ep1, 11->18@ep2, 0->14@ep3, 6->15@ep3, 9->16@ep5, 6->15@ep10
WARNING:root:[PHANTOM] source 7 chunk 0 GPU->switch egress (only real way into the mesh): 1->14@ep1, 13->16@ep2, 1->14@ep3, 7->15@ep3, 0->14@ep4, 12->16@ep8, 7->15@ep10
WARNING:root:[PHANTOM] source 9 chunk 0 GPU->switch egress (only real way into the mesh): 9->16@ep0, 9->16@ep1, 9->16@ep2, 1->14@ep3, 8->17@ep3, 0->17@ep9, 4->15@ep10
WARNING:root:[PHANTOM] source 10 chunk 0 GPU->switch egress (only real way into the mesh): 10->16@ep0, 10->16@ep2, 10->16@ep3, 11->18@ep3, 8->17@ep6, 0->14@ep7, 4->15@ep7, 1->14@ep9
WARNING:root:[PHANTOM] summary: 11 same-epoch switch 2-cycle(s) across 9 (source,chunk) pair(s)
WARNING:root:Could not trace demand s_2 d_4 c_0 back to source (no acyclic path -- likely a same-epoch switch circulation); skipping.
WARNING:root:Could not trace demand s_2 d_5 c_0 back to source (no acyclic path -- likely a same-epoch switch circulation); skipping.
WARNING:root:Could not trace demand s_2 d_6 c_0 back to source (no acyclic path -- likely a same-epoch switch circulation); skipping.
WARNING:root:Could not trace demand s_2 d_7 c_0 back to source (no acyclic path -- likely a same-epoch switch circulation); skipping.
WARNING:root:Could not trace demand s_2 d_8 c_0 back to source (no acyclic path -- likely a same-epoch switch circulation); skipping.
WARNING:root:Could not trace demand s_2 d_9 c_0 back to source (no acyclic path -- likely a same-epoch switch circulation); skipping.
WARNING:root:Could not trace demand s_2 d_10 c_0 back to source (no acyclic path -- likely a same-epoch switch circulation); skipping.
WARNING:root:Could not trace demand s_2 d_11 c_0 back to source (no acyclic path -- likely a same-epoch switch circulation); skipping.
WARNING:root:Could not trace demand s_2 d_12 c_0 back to source (no acyclic path -- likely a same-epoch switch circulation); skipping.
WARNING:root:Could not trace demand s_2 d_13 c_0 back to source (no acyclic path -- likely a same-epoch switch circulation); skipping.
WARNING:root:Could not trace demand s_3 d_8 c_0 back to source (no acyclic path -- likely a same-epoch switch circulation); skipping.
WARNING:root:Could not trace demand s_3 d_9 c_0 back to source (no acyclic path -- likely a same-epoch switch circulation); skipping.
WARNING:root:Could not trace demand s_3 d_10 c_0 back to source (no acyclic path -- likely a same-epoch switch circulation); skipping.
WARNING:root:Could not trace demand s_3 d_11 c_0 back to source (no acyclic path -- likely a same-epoch switch circulation); skipping.
WARNING:root:Could not trace demand s_3 d_12 c_0 back to source (no acyclic path -- likely a same-epoch switch circulation); skipping.
WARNING:root:Could not trace demand s_3 d_13 c_0 back to source (no acyclic path -- likely a same-epoch switch circulation); skipping.
WARNING:root:Could not trace demand s_4 d_1 c_0 back to source (no acyclic path -- likely a same-epoch switch circulation); skipping.
WARNING:root:Could not trace demand s_4 d_2 c_0 back to source (no acyclic path -- likely a same-epoch switch circulation); skipping.
WARNING:root:Could not trace demand s_4 d_3 c_0 back to source (no acyclic path -- likely a same-epoch switch circulation); skipping.
WARNING:root:Could not trace demand s_4 d_9 c_0 back to source (no acyclic path -- likely a same-epoch switch circulation); skipping.
WARNING:root:Could not trace demand s_4 d_10 c_0 back to source (no acyclic path -- likely a same-epoch switch circulation); skipping.
WARNING:root:Could not trace demand s_4 d_11 c_0 back to source (no acyclic path -- likely a same-epoch switch circulation); skipping.
WARNING:root:Could not trace demand s_4 d_12 c_0 back to source (no acyclic path -- likely a same-epoch switch circulation); skipping.
WARNING:root:Could not trace demand s_4 d_13 c_0 back to source (no acyclic path -- likely a same-epoch switch circulation); skipping.
WARNING:root:Could not trace demand s_5 d_0 c_0 back to source (no acyclic path -- likely a same-epoch switch circulation); skipping.
WARNING:root:Could not trace demand s_5 d_1 c_0 back to source (no acyclic path -- likely a same-epoch switch circulation); skipping.
WARNING:root:Could not trace demand s_5 d_2 c_0 back to source (no acyclic path -- likely a same-epoch switch circulation); skipping.
WARNING:root:Could not trace demand s_5 d_3 c_0 back to source (no acyclic path -- likely a same-epoch switch circulation); skipping.
WARNING:root:Could not trace demand s_5 d_8 c_0 back to source (no acyclic path -- likely a same-epoch switch circulation); skipping.
WARNING:root:Could not trace demand s_5 d_9 c_0 back to source (no acyclic path -- likely a same-epoch switch circulation); skipping.
WARNING:root:Could not trace demand s_5 d_10 c_0 back to source (no acyclic path -- likely a same-epoch switch circulation); skipping.
WARNING:root:Could not trace demand s_5 d_11 c_0 back to source (no acyclic path -- likely a same-epoch switch circulation); skipping.
WARNING:root:Could not trace demand s_5 d_12 c_0 back to source (no acyclic path -- likely a same-epoch switch circulation); skipping.
WARNING:root:Could not trace demand s_5 d_13 c_0 back to source (no acyclic path -- likely a same-epoch switch circulation); skipping.
WARNING:root:Could not trace demand s_6 d_0 c_0 back to source (no acyclic path -- likely a same-epoch switch circulation); skipping.
WARNING:root:Could not trace demand s_6 d_1 c_0 back to source (no acyclic path -- likely a same-epoch switch circulation); skipping.
WARNING:root:Could not trace demand s_6 d_2 c_0 back to source (no acyclic path -- likely a same-epoch switch circulation); skipping.
WARNING:root:Could not trace demand s_6 d_3 c_0 back to source (no acyclic path -- likely a same-epoch switch circulation); skipping.
WARNING:root:Could not trace demand s_6 d_8 c_0 back to source (no acyclic path -- likely a same-epoch switch circulation); skipping.
WARNING:root:Could not trace demand s_6 d_9 c_0 back to source (no acyclic path -- likely a same-epoch switch circulation); skipping.
WARNING:root:Could not trace demand s_6 d_10 c_0 back to source (no acyclic path -- likely a same-epoch switch circulation); skipping.
WARNING:root:Could not trace demand s_6 d_11 c_0 back to source (no acyclic path -- likely a same-epoch switch circulation); skipping.
WARNING:root:Could not trace demand s_6 d_12 c_0 back to source (no acyclic path -- likely a same-epoch switch circulation); skipping.
WARNING:root:Could not trace demand s_6 d_13 c_0 back to source (no acyclic path -- likely a same-epoch switch circulation); skipping.
WARNING:root:Could not trace demand s_7 d_0 c_0 back to source (no acyclic path -- likely a same-epoch switch circulation); skipping.
WARNING:root:Could not trace demand s_7 d_1 c_0 back to source (no acyclic path -- likely a same-epoch switch circulation); skipping.
WARNING:root:Could not trace demand s_7 d_2 c_0 back to source (no acyclic path -- likely a same-epoch switch circulation); skipping.
WARNING:root:Could not trace demand s_7 d_3 c_0 back to source (no acyclic path -- likely a same-epoch switch circulation); skipping.
WARNING:root:Could not trace demand s_7 d_8 c_0 back to source (no acyclic path -- likely a same-epoch switch circulation); skipping.
WARNING:root:Could not trace demand s_7 d_9 c_0 back to source (no acyclic path -- likely a same-epoch switch circulation); skipping.
WARNING:root:Could not trace demand s_7 d_10 c_0 back to source (no acyclic path -- likely a same-epoch switch circulation); skipping.
WARNING:root:Could not trace demand s_7 d_11 c_0 back to source (no acyclic path -- likely a same-epoch switch circulation); skipping.
WARNING:root:Could not trace demand s_7 d_12 c_0 back to source (no acyclic path -- likely a same-epoch switch circulation); skipping.
WARNING:root:Could not trace demand s_7 d_13 c_0 back to source (no acyclic path -- likely a same-epoch switch circulation); skipping.
WARNING:root:Could not trace demand s_9 d_1 c_0 back to source (no acyclic path -- likely a same-epoch switch circulation); skipping.
WARNING:root:Could not trace demand s_9 d_2 c_0 back to source (no acyclic path -- likely a same-epoch switch circulation); skipping.
WARNING:root:Could not trace demand s_9 d_3 c_0 back to source (no acyclic path -- likely a same-epoch switch circulation); skipping.
WARNING:root:Could not trace demand s_10 d_0 c_0 back to source (no acyclic path -- likely a same-epoch switch circulation); skipping.
WARNING:root:Could not trace demand s_10 d_2 c_0 back to source (no acyclic path -- likely a same-epoch switch circulation); skipping.
