Processing ./.
  Installing build dependencies: started
  Installing build dependencies: finished with status 'done'
  Getting requirements to build wheel: started
  Getting requirements to build wheel: finished with status 'done'
  Preparing metadata (pyproject.toml): started
  Preparing metadata (pyproject.toml): finished with status 'done'
Requirement already satisfied: dataclasses in /data/commit/graphit/wangyj05/miniconda3/envs/teccl/lib/python3.14t/site-packages (from teccl==1.0.0) (0.6)
Requirement already satisfied: argcomplete in /data/commit/graphit/wangyj05/miniconda3/envs/teccl/lib/python3.14t/site-packages (from teccl==1.0.0) (3.6.3)
Requirement already satisfied: gurobipy in /data/commit/graphit/wangyj05/miniconda3/envs/teccl/lib/python3.14t/site-packages (from teccl==1.0.0) (13.0.2)
Requirement already satisfied: numpy in /data/commit/graphit/wangyj05/miniconda3/envs/teccl/lib/python3.14t/site-packages (from teccl==1.0.0) (2.4.6)
Requirement already satisfied: seaborn in /data/commit/graphit/wangyj05/miniconda3/envs/teccl/lib/python3.14t/site-packages (from teccl==1.0.0) (0.13.2)
Requirement already satisfied: pandas>=1.2 in /data/commit/graphit/wangyj05/miniconda3/envs/teccl/lib/python3.14t/site-packages (from seaborn->teccl==1.0.0) (3.0.3)
Requirement already satisfied: matplotlib!=3.6.1,>=3.4 in /data/commit/graphit/wangyj05/miniconda3/envs/teccl/lib/python3.14t/site-packages (from seaborn->teccl==1.0.0) (3.11.0)
Requirement already satisfied: contourpy>=1.0.1 in /data/commit/graphit/wangyj05/miniconda3/envs/teccl/lib/python3.14t/site-packages (from matplotlib!=3.6.1,>=3.4->seaborn->teccl==1.0.0) (1.3.3)
Requirement already satisfied: cycler>=0.10 in /data/commit/graphit/wangyj05/miniconda3/envs/teccl/lib/python3.14t/site-packages (from matplotlib!=3.6.1,>=3.4->seaborn->teccl==1.0.0) (0.12.1)
Requirement already satisfied: fonttools>=4.22.0 in /data/commit/graphit/wangyj05/miniconda3/envs/teccl/lib/python3.14t/site-packages (from matplotlib!=3.6.1,>=3.4->seaborn->teccl==1.0.0) (4.63.0)
Requirement already satisfied: kiwisolver>=1.3.1 in /data/commit/graphit/wangyj05/miniconda3/envs/teccl/lib/python3.14t/site-packages (from matplotlib!=3.6.1,>=3.4->seaborn->teccl==1.0.0) (1.5.0)
Requirement already satisfied: packaging>=20.0 in /data/commit/graphit/wangyj05/miniconda3/envs/teccl/lib/python3.14t/site-packages (from matplotlib!=3.6.1,>=3.4->seaborn->teccl==1.0.0) (26.2)
Requirement already satisfied: pillow>=9 in /data/commit/graphit/wangyj05/miniconda3/envs/teccl/lib/python3.14t/site-packages (from matplotlib!=3.6.1,>=3.4->seaborn->teccl==1.0.0) (12.2.0)
Requirement already satisfied: pyparsing>=3 in /data/commit/graphit/wangyj05/miniconda3/envs/teccl/lib/python3.14t/site-packages (from matplotlib!=3.6.1,>=3.4->seaborn->teccl==1.0.0) (3.3.2)
Requirement already satisfied: python-dateutil>=2.7 in /data/commit/graphit/wangyj05/miniconda3/envs/teccl/lib/python3.14t/site-packages (from matplotlib!=3.6.1,>=3.4->seaborn->teccl==1.0.0) (2.9.0.post0)
Requirement already satisfied: six>=1.5 in /data/commit/graphit/wangyj05/miniconda3/envs/teccl/lib/python3.14t/site-packages (from python-dateutil>=2.7->matplotlib!=3.6.1,>=3.4->seaborn->teccl==1.0.0) (1.17.0)
Building wheels for collected packages: teccl
  Building wheel for teccl (pyproject.toml): started
  Building wheel for teccl (pyproject.toml): finished with status 'done'
  Created wheel for teccl: filename=teccl-1.0.0-py3-none-any.whl size=80691 sha256=eae479d784f23ab43ce4e6bcdbf4127d275f9d5e461b7f042b4edd1f632353cc
  Stored in directory: /tmp/home/wangyj05/.cache/pip/wheels/2d/31/f1/88ef48e0a336b237a128de3fcf8e52662d1ed0bfbd5a678f6e
Successfully built teccl
Installing collected packages: teccl
  Attempting uninstall: teccl
    Found existing installation: teccl 1.0.0
    Uninstalling teccl-1.0.0:
      Successfully uninstalled teccl-1.0.0
Successfully installed teccl-1.0.0
coarse topology: 5 nodes (3 cells + 2 switches), collective=alltoall, which=lp
coarse demand volumes (U->V): {(0, 1): 16, (0, 2): 24, (1, 0): 16, (1, 2): 24, (2, 0): 24, (2, 1): 24}

=== LP (switch_copy=False, unicast) ===
Set parameter WLSAccessID
Set parameter WLSSecret
Set parameter LicenseID to value 2766017
Academic license 2766017 - for non-commercial use only - registered to wa___@mit.edu
Set parameter LogFile to value "Logs/ALLTOALL_LP_HeteroTaperedCluster_coarse_5-nodes_1-chunks_40-epochs_2.5000875000000002-epoch_duration_ObjectiveType.PAPER.log"
Set parameter LogToConsole to value 0
Set parameter LogFile to value "Logs/ALLTOALL_LP_HeteroTaperedCluster_coarse_5-nodes_1-chunks_41-epochs_0.02-epoch_duration_ObjectiveType.PAPER.log"
Set parameter LogToConsole to value 0

==============================================================================
RAW LP FLOW VARS  f_s_i_j_k = flow[source s][link i->j][epoch k]
(continuous volume, summed over all of source s's chunks; not yet per-chunk)
==============================================================================

-- source 0 --
   epoch 0:   0(gpu) ->  3(SW)   volume = 2.0
   epoch 0:   0(gpu) ->  4(SW)   volume = 2.0
   epoch 0:   3(SW) ->  2(gpu)   volume = 1.0
   epoch 0:   3(SW) ->  4(SW)   volume = 1.0
   epoch 0:   4(SW) ->  2(gpu)   volume = 3.0
   epoch 1:   0(gpu) ->  3(SW)   volume = 2.0
   epoch 1:   0(gpu) ->  4(SW)   volume = 2.0
   epoch 1:   3(SW) ->  2(gpu)   volume = 2.0
   epoch 1:   4(SW) ->  2(gpu)   volume = 2.0
   epoch 2:   0(gpu) ->  3(SW)   volume = 2.0
   epoch 2:   0(gpu) ->  4(SW)   volume = 2.0
   epoch 2:   3(SW) ->  2(gpu)   volume = 1.0
   epoch 2:   3(SW) ->  4(SW)   volume = 1.0
   epoch 2:   4(SW) ->  2(gpu)   volume = 3.0
   epoch 3:   0(gpu) ->  3(SW)   volume = 2.0
   epoch 3:   0(gpu) ->  4(SW)   volume = 2.0
   epoch 3:   3(SW) ->  2(gpu)   volume = 2.0
   epoch 3:   4(SW) ->  2(gpu)   volume = 2.0
   epoch 4:   0(gpu) ->  3(SW)   volume = 2.0
   epoch 4:   0(gpu) ->  4(SW)   volume = 2.0
   epoch 4:   3(SW) ->  2(gpu)   volume = 2.0
   epoch 4:   4(SW) ->  2(gpu)   volume = 2.0
   epoch 5:   0(gpu) ->  3(SW)   volume = 2.0
   epoch 5:   0(gpu) ->  4(SW)   volume = 2.0
   epoch 5:   3(SW) ->  2(gpu)   volume = 2.0
   epoch 5:   4(SW) ->  2(gpu)   volume = 2.0
   epoch 9:   0(gpu) ->  3(SW)   volume = 1.0
   epoch 9:   3(SW) ->  1(gpu)   volume = 1.0
   epoch 10:   0(gpu) ->  3(SW)   volume = 1.0
   epoch 10:   3(SW) ->  1(gpu)   volume = 1.0
   epoch 12:   0(gpu) ->  3(SW)   volume = 1.0
   epoch 12:   3(SW) ->  1(gpu)   volume = 1.0
   epoch 13:   0(gpu) ->  3(SW)   volume = 1.0
   epoch 13:   3(SW) ->  1(gpu)   volume = 1.0
   epoch 16:   0(gpu) ->  3(SW)   volume = 1.0
   epoch 16:   3(SW) ->  1(gpu)   volume = 1.0
   epoch 17:   0(gpu) ->  3(SW)   volume = 1.0
   epoch 17:   3(SW) ->  1(gpu)   volume = 1.0
   epoch 18:   0(gpu) ->  3(SW)   volume = 1.0
   epoch 18:   3(SW) ->  1(gpu)   volume = 1.0
   epoch 19:   0(gpu) ->  3(SW)   volume = 1.0
   epoch 19:   3(SW) ->  1(gpu)   volume = 1.0
   epoch 22:   0(gpu) ->  3(SW)   volume = 1.0
   epoch 22:   3(SW) ->  1(gpu)   volume = 1.0
   epoch 24:   0(gpu) ->  3(SW)   volume = 1.0
   epoch 24:   3(SW) ->  1(gpu)   volume = 1.0
   epoch 25:   0(gpu) ->  3(SW)   volume = 1.0
   epoch 25:   3(SW) ->  1(gpu)   volume = 1.0
   epoch 35:   0(gpu) ->  3(SW)   volume = 1.0
   epoch 35:   3(SW) ->  1(gpu)   volume = 1.0
   epoch 36:   0(gpu) ->  3(SW)   volume = 1.0
   epoch 36:   3(SW) ->  1(gpu)   volume = 1.0
   epoch 37:   0(gpu) ->  3(SW)   volume = 1.0
   epoch 37:   3(SW) ->  1(gpu)   volume = 1.0
   epoch 38:   0(gpu) ->  3(SW)   volume = 1.0
   epoch 38:   3(SW) ->  1(gpu)   volume = 1.0
   epoch 39:   0(gpu) ->  3(SW)   volume = 1.0
   epoch 39:   3(SW) ->  1(gpu)   volume = 1.0

-- source 1 --
   epoch 0:   1(gpu) ->  3(SW)   volume = 1.0
   epoch 0:   3(SW) ->  2(gpu)   volume = 1.0
   epoch 1:   1(gpu) ->  3(SW)   volume = 1.0
   epoch 1:   3(SW) ->  4(SW)   volume = 1.0
   epoch 1:   4(SW) ->  2(gpu)   volume = 1.0
   epoch 2:   1(gpu) ->  3(SW)   volume = 1.0
   epoch 2:   3(SW) ->  2(gpu)   volume = 1.0
   epoch 3:   1(gpu) ->  3(SW)   volume = 1.0
   epoch 3:   3(SW) ->  4(SW)   volume = 1.0
   epoch 3:   4(SW) ->  2(gpu)   volume = 1.0
   epoch 4:   1(gpu) ->  3(SW)   volume = 1.0
   epoch 4:   3(SW) ->  4(SW)   volume = 1.0
   epoch 4:   4(SW) ->  2(gpu)   volume = 1.0
   epoch 5:   1(gpu) ->  3(SW)   volume = 1.0
   epoch 5:   3(SW) ->  4(SW)   volume = 1.0
   epoch 5:   4(SW) ->  2(gpu)   volume = 1.0
   epoch 6:   1(gpu) ->  3(SW)   volume = 1.0
   epoch 6:   3(SW) ->  0(gpu)   volume = 1.0
   epoch 7:   1(gpu) ->  3(SW)   volume = 1.0
   epoch 7:   3(SW) ->  2(gpu)   volume = 1.0
   epoch 8:   1(gpu) ->  3(SW)   volume = 1.0
   epoch 8:   3(SW) ->  2(gpu)   volume = 1.0
   epoch 9:   1(gpu) ->  3(SW)   volume = 1.0
   epoch 9:   3(SW) ->  2(gpu)   volume = 1.0
   epoch 10:   1(gpu) ->  3(SW)   volume = 1.0
   epoch 10:   3(SW) ->  2(gpu)   volume = 1.0
   epoch 11:   1(gpu) ->  3(SW)   volume = 1.0
   epoch 11:   3(SW) ->  0(gpu)   volume = 1.0
   epoch 12:   1(gpu) ->  3(SW)   volume = 1.0
   epoch 12:   3(SW) ->  2(gpu)   volume = 1.0
   epoch 13:   1(gpu) ->  3(SW)   volume = 1.0
   epoch 13:   3(SW) ->  0(gpu)   volume = 1.0
   epoch 14:   1(gpu) ->  3(SW)   volume = 1.0
   epoch 14:   3(SW) ->  2(gpu)   volume = 1.0
   epoch 15:   1(gpu) ->  3(SW)   volume = 1.0
   epoch 15:   3(SW) ->  0(gpu)   volume = 1.0
   epoch 16:   1(gpu) ->  3(SW)   volume = 1.0
   epoch 16:   3(SW) ->  0(gpu)   volume = 1.0
   epoch 17:   1(gpu) ->  3(SW)   volume = 1.0
   epoch 17:   3(SW) ->  2(gpu)   volume = 1.0
   epoch 18:   1(gpu) ->  3(SW)   volume = 1.0
   epoch 18:   3(SW) ->  0(gpu)   volume = 1.0
   epoch 19:   1(gpu) ->  3(SW)   volume = 1.0
   epoch 19:   3(SW) ->  2(gpu)   volume = 1.0
   epoch 20:   1(gpu) ->  3(SW)   volume = 1.0
   epoch 20:   3(SW) ->  2(gpu)   volume = 1.0
   epoch 21:   1(gpu) ->  3(SW)   volume = 1.0
   epoch 21:   3(SW) ->  0(gpu)   volume = 1.0
   epoch 22:   1(gpu) ->  3(SW)   volume = 1.0
   epoch 22:   3(SW) ->  2(gpu)   volume = 1.0
   epoch 23:   1(gpu) ->  3(SW)   volume = 1.0
   epoch 23:   3(SW) ->  0(gpu)   volume = 1.0
   epoch 24:   1(gpu) ->  3(SW)   volume = 1.0
   epoch 24:   3(SW) ->  0(gpu)   volume = 1.0
   epoch 25:   1(gpu) ->  3(SW)   volume = 1.0
   epoch 25:   3(SW) ->  2(gpu)   volume = 1.0
   epoch 26:   1(gpu) ->  3(SW)   volume = 1.0
   epoch 26:   3(SW) ->  0(gpu)   volume = 1.0
   epoch 27:   1(gpu) ->  3(SW)   volume = 1.0
   epoch 27:   3(SW) ->  0(gpu)   volume = 1.0
   epoch 28:   1(gpu) ->  3(SW)   volume = 1.0
   epoch 28:   3(SW) ->  0(gpu)   volume = 1.0
   epoch 29:   1(gpu) ->  3(SW)   volume = 1.0
   epoch 29:   3(SW) ->  2(gpu)   volume = 1.0
   epoch 30:   1(gpu) ->  3(SW)   volume = 1.0
   epoch 30:   3(SW) ->  2(gpu)   volume = 1.0
   epoch 31:   1(gpu) ->  3(SW)   volume = 1.0
   epoch 31:   3(SW) ->  0(gpu)   volume = 1.0
   epoch 32:   1(gpu) ->  3(SW)   volume = 1.0
   epoch 32:   3(SW) ->  0(gpu)   volume = 1.0
   epoch 33:   1(gpu) ->  3(SW)   volume = 1.0
   epoch 33:   3(SW) ->  0(gpu)   volume = 1.0
   epoch 34:   1(gpu) ->  3(SW)   volume = 1.0
   epoch 34:   3(SW) ->  2(gpu)   volume = 1.0
   epoch 35:   1(gpu) ->  3(SW)   volume = 1.0
   epoch 35:   3(SW) ->  0(gpu)   volume = 1.0
   epoch 36:   1(gpu) ->  3(SW)   volume = 1.0
   epoch 36:   3(SW) ->  2(gpu)   volume = 1.0
   epoch 37:   1(gpu) ->  3(SW)   volume = 1.0
   epoch 37:   3(SW) ->  2(gpu)   volume = 1.0
   epoch 38:   1(gpu) ->  3(SW)   volume = 1.0
   epoch 38:   3(SW) ->  2(gpu)   volume = 1.0
   epoch 39:   1(gpu) ->  3(SW)   volume = 1.0
   epoch 39:   3(SW) ->  2(gpu)   volume = 1.0

-- source 2 --
   epoch 0:   2(gpu) ->  3(SW)   volume = 2.0
   epoch 0:   2(gpu) ->  4(SW)   volume = 3.0
   epoch 0:   3(SW) ->  0(gpu)   volume = 2.0
   epoch 0:   3(SW) ->  1(gpu)   volume = 1.0
   epoch 0:   4(SW) ->  0(gpu)   volume = 2.0
   epoch 0:   4(SW) ->  3(SW)   volume = 1.0
   epoch 1:   2(gpu) ->  3(SW)   volume = 2.0
   epoch 1:   2(gpu) ->  4(SW)   volume = 3.0
   epoch 1:   3(SW) ->  0(gpu)   volume = 2.0
   epoch 1:   3(SW) ->  1(gpu)   volume = 1.0
   epoch 1:   4(SW) ->  0(gpu)   volume = 2.0
   epoch 1:   4(SW) ->  3(SW)   volume = 1.0
   epoch 2:   2(gpu) ->  3(SW)   volume = 2.0
   epoch 2:   2(gpu) ->  4(SW)   volume = 3.0
   epoch 2:   3(SW) ->  0(gpu)   volume = 2.0
   epoch 2:   3(SW) ->  1(gpu)   volume = 1.0
   epoch 2:   4(SW) ->  0(gpu)   volume = 2.0
   epoch 2:   4(SW) ->  3(SW)   volume = 1.0
   epoch 3:   2(gpu) ->  3(SW)   volume = 2.0
   epoch 3:   2(gpu) ->  4(SW)   volume = 3.0
   epoch 3:   3(SW) ->  0(gpu)   volume = 2.0
   epoch 3:   3(SW) ->  1(gpu)   volume = 1.0
   epoch 3:   4(SW) ->  0(gpu)   volume = 2.0
   epoch 3:   4(SW) ->  3(SW)   volume = 1.0
   epoch 4:   2(gpu) ->  3(SW)   volume = 2.0
   epoch 4:   2(gpu) ->  4(SW)   volume = 3.0
   epoch 4:   3(SW) ->  0(gpu)   volume = 2.0
   epoch 4:   3(SW) ->  1(gpu)   volume = 1.0
   epoch 4:   4(SW) ->  0(gpu)   volume = 2.0
   epoch 4:   4(SW) ->  3(SW)   volume = 1.0
   epoch 5:   2(gpu) ->  3(SW)   volume = 2.0
   epoch 5:   2(gpu) ->  4(SW)   volume = 3.0
   epoch 5:   3(SW) ->  0(gpu)   volume = 2.0
   epoch 5:   3(SW) ->  1(gpu)   volume = 1.0
   epoch 5:   4(SW) ->  0(gpu)   volume = 2.0
   epoch 5:   4(SW) ->  3(SW)   volume = 1.0
   epoch 6:   2(gpu) ->  3(SW)   volume = 1.0
   epoch 6:   3(SW) ->  1(gpu)   volume = 1.0
   epoch 7:   2(gpu) ->  3(SW)   volume = 1.0
   epoch 7:   3(SW) ->  1(gpu)   volume = 1.0
   epoch 8:   2(gpu) ->  3(SW)   volume = 1.0
   epoch 8:   3(SW) ->  1(gpu)   volume = 1.0
   epoch 11:   2(gpu) ->  3(SW)   volume = 1.0
   epoch 11:   3(SW) ->  1(gpu)   volume = 1.0
   epoch 14:   2(gpu) ->  3(SW)   volume = 1.0
   epoch 14:   3(SW) ->  1(gpu)   volume = 1.0
   epoch 15:   2(gpu) ->  3(SW)   volume = 1.0
   epoch 15:   3(SW) ->  1(gpu)   volume = 1.0
   epoch 20:   2(gpu) ->  3(SW)   volume = 1.0
   epoch 20:   3(SW) ->  1(gpu)   volume = 1.0
   epoch 21:   2(gpu) ->  3(SW)   volume = 1.0
   epoch 21:   3(SW) ->  1(gpu)   volume = 1.0
   epoch 23:   2(gpu) ->  3(SW)   volume = 1.0
   epoch 23:   3(SW) ->  1(gpu)   volume = 1.0
   epoch 26:   2(gpu) ->  3(SW)   volume = 1.0
   epoch 26:   3(SW) ->  1(gpu)   volume = 1.0
   epoch 27:   2(gpu) ->  3(SW)   volume = 1.0
   epoch 27:   3(SW) ->  1(gpu)   volume = 1.0
   epoch 28:   2(gpu) ->  3(SW)   volume = 1.0
   epoch 28:   3(SW) ->  1(gpu)   volume = 1.0
   epoch 29:   2(gpu) ->  3(SW)   volume = 1.0
   epoch 29:   3(SW) ->  1(gpu)   volume = 1.0
   epoch 30:   2(gpu) ->  3(SW)   volume = 1.0
   epoch 30:   3(SW) ->  1(gpu)   volume = 1.0
   epoch 31:   2(gpu) ->  3(SW)   volume = 1.0
   epoch 31:   3(SW) ->  1(gpu)   volume = 1.0
   epoch 32:   2(gpu) ->  3(SW)   volume = 1.0
   epoch 32:   3(SW) ->  1(gpu)   volume = 1.0
   epoch 33:   2(gpu) ->  3(SW)   volume = 1.0
   epoch 33:   3(SW) ->  1(gpu)   volume = 1.0
   epoch 34:   2(gpu) ->  3(SW)   volume = 1.0
   epoch 34:   3(SW) ->  1(gpu)   volume = 1.0

------------------------------------------------------------------------------
RAW CONSUMED VARS  T_s_d_k = consumed_at_k[source s][dest d][epoch k]
(volume of source s's demand absorbed AT destination d during epoch k)
------------------------------------------------------------------------------
   dest  0:  from source  1  epoch 6  consumed = 1.0
   dest  0:  from source  1  epoch 11  consumed = 1.0
   dest  0:  from source  1  epoch 13  consumed = 1.0
   dest  0:  from source  1  epoch 15  consumed = 1.0
   dest  0:  from source  1  epoch 16  consumed = 1.0
   dest  0:  from source  1  epoch 18  consumed = 1.0
   dest  0:  from source  1  epoch 21  consumed = 1.0
   dest  0:  from source  1  epoch 23  consumed = 1.0
   dest  0:  from source  1  epoch 24  consumed = 1.0
   dest  0:  from source  1  epoch 26  consumed = 1.0
   dest  0:  from source  1  epoch 27  consumed = 1.0
   dest  0:  from source  1  epoch 28  consumed = 1.0
   dest  0:  from source  1  epoch 31  consumed = 1.0
   dest  0:  from source  1  epoch 32  consumed = 1.0
   dest  0:  from source  1  epoch 33  consumed = 1.0
   dest  0:  from source  1  epoch 35  consumed = 1.0
   dest  0:  from source  2  epoch 0  consumed = 4.0
   dest  0:  from source  2  epoch 1  consumed = 4.0
   dest  0:  from source  2  epoch 2  consumed = 4.0
   dest  0:  from source  2  epoch 3  consumed = 4.0
   dest  0:  from source  2  epoch 4  consumed = 4.0
   dest  0:  from source  2  epoch 5  consumed = 4.0
   dest  1:  from source  0  epoch 9  consumed = 1.0
   dest  1:  from source  0  epoch 10  consumed = 1.0
   dest  1:  from source  0  epoch 12  consumed = 1.0
   dest  1:  from source  0  epoch 13  consumed = 1.0
   dest  1:  from source  0  epoch 16  consumed = 1.0
   dest  1:  from source  0  epoch 17  consumed = 1.0
   dest  1:  from source  0  epoch 18  consumed = 1.0
   dest  1:  from source  0  epoch 19  consumed = 1.0
   dest  1:  from source  0  epoch 22  consumed = 1.0
   dest  1:  from source  0  epoch 24  consumed = 1.0
   dest  1:  from source  0  epoch 25  consumed = 1.0
   dest  1:  from source  0  epoch 35  consumed = 1.0
   dest  1:  from source  0  epoch 36  consumed = 1.0
   dest  1:  from source  0  epoch 37  consumed = 1.0
   dest  1:  from source  0  epoch 38  consumed = 1.0
   dest  1:  from source  0  epoch 39  consumed = 1.0
   dest  1:  from source  2  epoch 0  consumed = 1.0
   dest  1:  from source  2  epoch 1  consumed = 1.0
   dest  1:  from source  2  epoch 2  consumed = 1.0
   dest  1:  from source  2  epoch 3  consumed = 1.0
   dest  1:  from source  2  epoch 4  consumed = 1.0
   dest  1:  from source  2  epoch 5  consumed = 1.0
   dest  1:  from source  2  epoch 6  consumed = 1.0
   dest  1:  from source  2  epoch 7  consumed = 1.0
   dest  1:  from source  2  epoch 8  consumed = 1.0
   dest  1:  from source  2  epoch 11  consumed = 1.0
   dest  1:  from source  2  epoch 14  consumed = 1.0
   dest  1:  from source  2  epoch 15  consumed = 1.0
   dest  1:  from source  2  epoch 20  consumed = 1.0
   dest  1:  from source  2  epoch 21  consumed = 1.0
   dest  1:  from source  2  epoch 23  consumed = 1.0
   dest  1:  from source  2  epoch 26  consumed = 1.0
   dest  1:  from source  2  epoch 27  consumed = 1.0
   dest  1:  from source  2  epoch 28  consumed = 1.0
   dest  1:  from source  2  epoch 29  consumed = 1.0
   dest  1:  from source  2  epoch 30  consumed = 1.0
   dest  1:  from source  2  epoch 31  consumed = 1.0
   dest  1:  from source  2  epoch 32  consumed = 1.0
   dest  1:  from source  2  epoch 33  consumed = 1.0
   dest  1:  from source  2  epoch 34  consumed = 1.0
   dest  2:  from source  0  epoch 0  consumed = 4.0
   dest  2:  from source  0  epoch 1  consumed = 4.0
   dest  2:  from source  0  epoch 2  consumed = 4.0
   dest  2:  from source  0  epoch 3  consumed = 4.0
   dest  2:  from source  0  epoch 4  consumed = 4.0
   dest  2:  from source  0  epoch 5  consumed = 4.0
   dest  2:  from source  1  epoch 0  consumed = 1.0
   dest  2:  from source  1  epoch 1  consumed = 1.0
   dest  2:  from source  1  epoch 2  consumed = 1.0
   dest  2:  from source  1  epoch 3  consumed = 1.0
   dest  2:  from source  1  epoch 4  consumed = 1.0
   dest  2:  from source  1  epoch 5  consumed = 1.0
   dest  2:  from source  1  epoch 7  consumed = 1.0
   dest  2:  from source  1  epoch 8  consumed = 1.0
   dest  2:  from source  1  epoch 9  consumed = 1.0
   dest  2:  from source  1  epoch 10  consumed = 1.0
   dest  2:  from source  1  epoch 12  consumed = 1.0
   dest  2:  from source  1  epoch 14  consumed = 1.0
   dest  2:  from source  1  epoch 17  consumed = 1.0
   dest  2:  from source  1  epoch 19  consumed = 1.0
   dest  2:  from source  1  epoch 20  consumed = 1.0
   dest  2:  from source  1  epoch 22  consumed = 1.0
   dest  2:  from source  1  epoch 25  consumed = 1.0
   dest  2:  from source  1  epoch 29  consumed = 1.0
   dest  2:  from source  1  epoch 30  consumed = 1.0
   dest  2:  from source  1  epoch 34  consumed = 1.0
   dest  2:  from source  1  epoch 36  consumed = 1.0
   dest  2:  from source  1  epoch 37  consumed = 1.0
   dest  2:  from source  1  epoch 38  consumed = 1.0
   dest  2:  from source  1  epoch 39  consumed = 1.0
==============================================================================

Schedule written to Schedules/coarse_hetero_alltoall_lp.json

LP: epochs=40 finish=0.8 bw=3.75 solver_time=0.2651515007019043
