cpu-bind=MASK - lanka27, task  0  0 [1768673]: mask 0xffffffffffff set
cpu-bind=MASK - lanka27, task  0  0 [1769106]: mask 0xff0000ff set
WARNING:root:Not_Optimal_ALLTOALL_LP_Status-10_TwoPodRailHostBound_14-nodes_1-chunks_80-epochs_0.35000153124999994-epoch_duration
WARNING:root:Not_Optimal_ALLTOALL_LP_Status-10_TwoPodRailHostBound_14-nodes_1-chunks_80-epochs_0.17500076562499997-epoch_duration
WARNING:root:Not_Optimal_ALLTOALL_LP_Status-10_TwoPodRailHostBound_14-nodes_1-chunks_80-epochs_0.08750038281249999-epoch_duration
Traceback (most recent call last):
  File "/data/commit/graphit/wangyj05/miniconda3/envs/teccl/bin/teccl", line 6, in <module>
    sys.exit(main())
             ~~~~^^
  File "/data/commit/graphit/wangyj05/miniconda3/envs/teccl/lib/python3.14t/site-packages/teccl/__main__.py", line 21, in main
    if handler(args, args.command):
       ~~~~~~~^^^^^^^^^^^^^^^^^^^^
  File "/data/commit/graphit/wangyj05/miniconda3/envs/teccl/lib/python3.14t/site-packages/teccl/cli/solve.py", line 38, in handler
    solver.solve()
    ~~~~~~~~~~~~^^
  File "/data/commit/graphit/wangyj05/miniconda3/envs/teccl/lib/python3.14t/site-packages/teccl/scheduler.py", line 359, in solve
    self.solve_hierarchy(start)
    ~~~~~~~~~~~~~~~~~~~~^^^^^^^
  File "/data/commit/graphit/wangyj05/miniconda3/envs/teccl/lib/python3.14t/site-packages/teccl/scheduler.py", line 327, in solve_hierarchy
    info, solution = solve_hierarchical(
                     ~~~~~~~~~~~~~~~~~~^
        topology, level_input, instance.collective, num_chunks,
        ^^^^^^^^^^^^^^^^^^^^^^^^^^^^^^^^^^^^^^^^^^^^^^^^^^^^^^^
        prefix=prefix, debug=instance.debug, level_chunk=instance.level_chunk)
        ^^^^^^^^^^^^^^^^^^^^^^^^^^^^^^^^^^^^^^^^^^^^^^^^^^^^^^^^^^^^^^^^^^^^^^
  File "/data/commit/graphit/wangyj05/miniconda3/envs/teccl/lib/python3.14t/site-packages/teccl/hierarchy/solve.py", line 581, in solve_hierarchical
    solution = solve_level(root, ctx)
  File "/data/commit/graphit/wangyj05/miniconda3/envs/teccl/lib/python3.14t/site-packages/teccl/hierarchy/solve.py", line 262, in solve_level
    return _solve_recursive(problem, ctx)
  File "/data/commit/graphit/wangyj05/miniconda3/envs/teccl/lib/python3.14t/site-packages/teccl/hierarchy/solve.py", line 341, in _solve_recursive
    res = _lower(solution, problem, coarse, mapping, fine_tensor, g, level_demand)
  File "/data/commit/graphit/wangyj05/miniconda3/envs/teccl/lib/python3.14t/site-packages/teccl/hierarchy/solve.py", line 434, in _lower
    return build_child_problems(assignments, targets, mapping, fine_tensor, problem.topology,
                                epoch, scale=problem.scale, relabel=relabel,
                                snap_tol=snap_tolerance(solution))
  File "/data/commit/graphit/wangyj05/miniconda3/envs/teccl/lib/python3.14t/site-packages/teccl/hierarchy/reconstruct.py", line 1032, in build_child_problems
    assignments = _snap_volumes(
        assignments, snap_tolerance() if snap_tol is None else snap_tol)
  File "/data/commit/graphit/wangyj05/miniconda3/envs/teccl/lib/python3.14t/site-packages/teccl/hierarchy/reconstruct.py", line 687, in _snap_volumes
    for i, frac in zip(idxs, _snap_group([assignments[i].volume for i in idxs], snap_tol, key)):
                             ~~~~~~~~~~~^^^^^^^^^^^^^^^^^^^^^^^^^^^^^^^^^^^^^^^^^^^^^^^^^^^^^^
  File "/data/commit/graphit/wangyj05/miniconda3/envs/teccl/lib/python3.14t/site-packages/teccl/hierarchy/reconstruct.py", line 631, in _snap_group
    raise AssertionError(
    ...<4 lines>...
        f"tolerance is looser than the grid can resolve (see snap_tolerance).")
AssertionError: identity (0, 14) -> cell 7: volume 2.3000161001596187e-05 is not within 1e-05 of any rational with denominator <= 64 (nearest is 0 = 0.0). The coarse solution is off the declared grid: either it is split more finely than MAX_DENOM admits (regularize the coarse LP) or the solver tolerance is looser than the grid can resolve (see snap_tolerance).
srun: error: lanka27: task 0: Exited with exit code 1
