Processing ./.
  Installing build dependencies: started
  Installing build dependencies: finished with status 'done'
  Getting requirements to build wheel: started
  Getting requirements to build wheel: finished with status 'done'
  Preparing metadata (pyproject.toml): started
  Preparing metadata (pyproject.toml): finished with status 'done'
Requirement already satisfied: dataclasses in /data/commit/graphit/wangyj05/miniconda3/envs/teccl/lib/python3.14t/site-packages (from teccl==1.0.0) (0.6)
Requirement already satisfied: argcomplete in /data/commit/graphit/wangyj05/miniconda3/envs/teccl/lib/python3.14t/site-packages (from teccl==1.0.0) (3.6.3)
Requirement already satisfied: gurobipy in /data/commit/graphit/wangyj05/miniconda3/envs/teccl/lib/python3.14t/site-packages (from teccl==1.0.0) (13.0.2)
Requirement already satisfied: numpy in /data/commit/graphit/wangyj05/miniconda3/envs/teccl/lib/python3.14t/site-packages (from teccl==1.0.0) (2.4.6)
Requirement already satisfied: seaborn in /data/commit/graphit/wangyj05/miniconda3/envs/teccl/lib/python3.14t/site-packages (from teccl==1.0.0) (0.13.2)
Requirement already satisfied: pandas>=1.2 in /data/commit/graphit/wangyj05/miniconda3/envs/teccl/lib/python3.14t/site-packages (from seaborn->teccl==1.0.0) (3.0.3)
Requirement already satisfied: matplotlib!=3.6.1,>=3.4 in /data/commit/graphit/wangyj05/miniconda3/envs/teccl/lib/python3.14t/site-packages (from seaborn->teccl==1.0.0) (3.11.0)
Requirement already satisfied: contourpy>=1.0.1 in /data/commit/graphit/wangyj05/miniconda3/envs/teccl/lib/python3.14t/site-packages (from matplotlib!=3.6.1,>=3.4->seaborn->teccl==1.0.0) (1.3.3)
Requirement already satisfied: cycler>=0.10 in /data/commit/graphit/wangyj05/miniconda3/envs/teccl/lib/python3.14t/site-packages (from matplotlib!=3.6.1,>=3.4->seaborn->teccl==1.0.0) (0.12.1)
Requirement already satisfied: fonttools>=4.22.0 in /data/commit/graphit/wangyj05/miniconda3/envs/teccl/lib/python3.14t/site-packages (from matplotlib!=3.6.1,>=3.4->seaborn->teccl==1.0.0) (4.63.0)
Requirement already satisfied: kiwisolver>=1.3.1 in /data/commit/graphit/wangyj05/miniconda3/envs/teccl/lib/python3.14t/site-packages (from matplotlib!=3.6.1,>=3.4->seaborn->teccl==1.0.0) (1.5.0)
Requirement already satisfied: packaging>=20.0 in /data/commit/graphit/wangyj05/miniconda3/envs/teccl/lib/python3.14t/site-packages (from matplotlib!=3.6.1,>=3.4->seaborn->teccl==1.0.0) (26.2)
Requirement already satisfied: pillow>=9 in /data/commit/graphit/wangyj05/miniconda3/envs/teccl/lib/python3.14t/site-packages (from matplotlib!=3.6.1,>=3.4->seaborn->teccl==1.0.0) (12.2.0)
Requirement already satisfied: pyparsing>=3 in /data/commit/graphit/wangyj05/miniconda3/envs/teccl/lib/python3.14t/site-packages (from matplotlib!=3.6.1,>=3.4->seaborn->teccl==1.0.0) (3.3.2)
Requirement already satisfied: python-dateutil>=2.7 in /data/commit/graphit/wangyj05/miniconda3/envs/teccl/lib/python3.14t/site-packages (from matplotlib!=3.6.1,>=3.4->seaborn->teccl==1.0.0) (2.9.0.post0)
Requirement already satisfied: six>=1.5 in /data/commit/graphit/wangyj05/miniconda3/envs/teccl/lib/python3.14t/site-packages (from python-dateutil>=2.7->matplotlib!=3.6.1,>=3.4->seaborn->teccl==1.0.0) (1.17.0)
Building wheels for collected packages: teccl
  Building wheel for teccl (pyproject.toml): started
  Building wheel for teccl (pyproject.toml): finished with status 'error'
Failed to build teccl
WARNING: pip install failed. Continuing: 'python -m' from the repo root shadows the
         installed package, so the run still uses this checkout -- but the installed
         teccl is now STALE for anything that imports it differently.
=== [1/3] Gurobi-free structural tests ===
  [1] identity_sets counts == coarsify_demand (AllGather + AllToAll) OK
  [2] Host B forced-relay oracle (3 coalesced egress relays, native exempt) OK
  [3] symmetric case: zero egress relay OK
  [4] AllToAll single-GPU ingress target OK
  [5] replay real allgather JSON OK: 56 pieces (Q=2, ChunkScale(bytes=0.5, chunks=2, refined x2)), Host-B relays [(5, 4), (6, 4), (7, 4)], C egress gpus [8, 11, 13], C ingress {8: 10, 11: 4, 13: 2}, ingress capacity respected
  [6] lexicographic objective: native egress beats landing on target OK
  [7] ingress gateway prefers a target when the choice is free OK
identity resolution structural tests OK
  [1a] Host-B _to_jobs: 3 hard relays (redundant self-twins deduped) + 9 soft OK
  [1b] isolated fan-out -> binomial tree (7 edges, depth 3, precedence) OK
  [2a] ring recovery: 7 rounds, each a distance-(r+1) permutation OK
  [2b] relay priority: far-distance hard job pulled to round 0 OK
  [2c] fractional 0.5+0.5 packs into one round, ports safe OK
  [2d] tree fan-out respects precedence, 3 rounds (log2 depth) OK
  [3] schedule_cell Host-B combined: B gaps [0, 1, 2, 3], 12 B-flows / 12 A-flows / 20 C-flows, relays land + fan-out delivered, ports & deadlines OK
intra-solve step-1/2/3 tests OK
=== [2/3] hetero coarse solve + identity resolution + phase-3: collective=alltoall, LP arm ===
coarse topology: 5 nodes (3 cells + 2 switches), collective=alltoall, which=lp
coarse demand volumes (U->V): {(0, 1): 16, (0, 2): 24, (1, 0): 16, (1, 2): 24, (2, 0): 24, (2, 1): 24}

=== LP (switch_copy=False, unicast) ===
Set parameter WLSAccessID
Set parameter WLSSecret
Set parameter LicenseID to value 2766017
Academic license 2766017 - for non-commercial use only - registered to wa___@mit.edu
Set parameter LogFile to value "Logs/ALLTOALL_LP_HeteroTaperedCluster_coarse_5-nodes_1-chunks_40-epochs_2.5000875000000002-epoch_duration_ObjectiveType.PAPER.log"
Set parameter LogToConsole to value 0
Set parameter LogFile to value "Logs/ALLTOALL_LP_HeteroTaperedCluster_coarse_5-nodes_1-chunks_41-epochs_0.02-epoch_duration_ObjectiveType.PAPER.log"
Set parameter LogToConsole to value 0

==============================================================================
RAW LP FLOW VARS  f_s_i_j_k = flow[source s][link i->j][epoch k]
(continuous volume, summed over all of source s's chunks; not yet per-chunk)
==============================================================================

-- source 0 --
   epoch 0:   0(gpu) ->  3(SW)   volume = 2.0
   epoch 0:   0(gpu) ->  4(SW)   volume = 2.0
   epoch 0:   3(SW) ->  2(gpu)   volume = 1.0
   epoch 0:   3(SW) ->  4(SW)   volume = 1.0
   epoch 0:   4(SW) ->  2(gpu)   volume = 3.0
   epoch 1:   0(gpu) ->  3(SW)   volume = 2.0
   epoch 1:   0(gpu) ->  4(SW)   volume = 2.0
   epoch 1:   3(SW) ->  2(gpu)   volume = 2.0
   epoch 1:   4(SW) ->  2(gpu)   volume = 2.0
   epoch 2:   0(gpu) ->  3(SW)   volume = 2.0
   epoch 2:   0(gpu) ->  4(SW)   volume = 2.0
   epoch 2:   3(SW) ->  2(gpu)   volume = 1.0
   epoch 2:   3(SW) ->  4(SW)   volume = 1.0
   epoch 2:   4(SW) ->  2(gpu)   volume = 3.0
   epoch 3:   0(gpu) ->  3(SW)   volume = 2.0
   epoch 3:   0(gpu) ->  4(SW)   volume = 2.0
   epoch 3:   3(SW) ->  2(gpu)   volume = 2.0
   epoch 3:   4(SW) ->  2(gpu)   volume = 2.0
   epoch 4:   0(gpu) ->  3(SW)   volume = 2.0
   epoch 4:   0(gpu) ->  4(SW)   volume = 2.0
   epoch 4:   3(SW) ->  2(gpu)   volume = 2.0
   epoch 4:   4(SW) ->  2(gpu)   volume = 2.0
   epoch 5:   0(gpu) ->  3(SW)   volume = 2.0
   epoch 5:   0(gpu) ->  4(SW)   volume = 2.0
   epoch 5:   3(SW) ->  2(gpu)   volume = 2.0
   epoch 5:   4(SW) ->  2(gpu)   volume = 2.0
   epoch 9:   0(gpu) ->  3(SW)   volume = 1.0
   epoch 9:   3(SW) ->  1(gpu)   volume = 1.0
   epoch 10:   0(gpu) ->  3(SW)   volume = 1.0
   epoch 10:   3(SW) ->  1(gpu)   volume = 1.0
   epoch 12:   0(gpu) ->  3(SW)   volume = 1.0
   epoch 12:   3(SW) ->  1(gpu)   volume = 1.0
   epoch 13:   0(gpu) ->  3(SW)   volume = 1.0
   epoch 13:   3(SW) ->  1(gpu)   volume = 1.0
   epoch 16:   0(gpu) ->  3(SW)   volume = 1.0
   epoch 16:   3(SW) ->  1(gpu)   volume = 1.0
   epoch 17:   0(gpu) ->  3(SW)   volume = 1.0
   epoch 17:   3(SW) ->  1(gpu)   volume = 1.0
   epoch 18:   0(gpu) ->  3(SW)   volume = 1.0
   epoch 18:   3(SW) ->  1(gpu)   volume = 1.0
   epoch 19:   0(gpu) ->  3(SW)   volume = 1.0
   epoch 19:   3(SW) ->  1(gpu)   volume = 1.0
   epoch 22:   0(gpu) ->  3(SW)   volume = 1.0
   epoch 22:   3(SW) ->  1(gpu)   volume = 1.0
   epoch 24:   0(gpu) ->  3(SW)   volume = 1.0
   epoch 24:   3(SW) ->  1(gpu)   volume = 1.0
   epoch 25:   0(gpu) ->  3(SW)   volume = 1.0
   epoch 25:   3(SW) ->  1(gpu)   volume = 1.0
   epoch 35:   0(gpu) ->  3(SW)   volume = 1.0
   epoch 35:   3(SW) ->  1(gpu)   volume = 1.0
   epoch 36:   0(gpu) ->  3(SW)   volume = 1.0
   epoch 36:   3(SW) ->  1(gpu)   volume = 1.0
   epoch 37:   0(gpu) ->  3(SW)   volume = 1.0
   epoch 37:   3(SW) ->  1(gpu)   volume = 1.0
   epoch 38:   0(gpu) ->  3(SW)   volume = 1.0
   epoch 38:   3(SW) ->  1(gpu)   volume = 1.0
   epoch 39:   0(gpu) ->  3(SW)   volume = 1.0
   epoch 39:   3(SW) ->  1(gpu)   volume = 1.0

-- source 1 --
   epoch 0:   1(gpu) ->  3(SW)   volume = 1.0
   epoch 0:   3(SW) ->  2(gpu)   volume = 1.0
   epoch 1:   1(gpu) ->  3(SW)   volume = 1.0
   epoch 1:   3(SW) ->  4(SW)   volume = 1.0
   epoch 1:   4(SW) ->  2(gpu)   volume = 1.0
   epoch 2:   1(gpu) ->  3(SW)   volume = 1.0
   epoch 2:   3(SW) ->  2(gpu)   volume = 1.0
   epoch 3:   1(gpu) ->  3(SW)   volume = 1.0
   epoch 3:   3(SW) ->  4(SW)   volume = 1.0
   epoch 3:   4(SW) ->  2(gpu)   volume = 1.0
   epoch 4:   1(gpu) ->  3(SW)   volume = 1.0
   epoch 4:   3(SW) ->  4(SW)   volume = 1.0
   epoch 4:   4(SW) ->  2(gpu)   volume = 1.0
   epoch 5:   1(gpu) ->  3(SW)   volume = 1.0
   epoch 5:   3(SW) ->  4(SW)   volume = 1.0
   epoch 5:   4(SW) ->  2(gpu)   volume = 1.0
   epoch 6:   1(gpu) ->  3(SW)   volume = 1.0
   epoch 6:   3(SW) ->  0(gpu)   volume = 1.0
   epoch 7:   1(gpu) ->  3(SW)   volume = 1.0
   epoch 7:   3(SW) ->  2(gpu)   volume = 1.0
   epoch 8:   1(gpu) ->  3(SW)   volume = 1.0
   epoch 8:   3(SW) ->  2(gpu)   volume = 1.0
   epoch 9:   1(gpu) ->  3(SW)   volume = 1.0
   epoch 9:   3(SW) ->  2(gpu)   volume = 1.0
   epoch 10:   1(gpu) ->  3(SW)   volume = 1.0
   epoch 10:   3(SW) ->  2(gpu)   volume = 1.0
   epoch 11:   1(gpu) ->  3(SW)   volume = 1.0
   epoch 11:   3(SW) ->  0(gpu)   volume = 1.0
   epoch 12:   1(gpu) ->  3(SW)   volume = 1.0
   epoch 12:   3(SW) ->  2(gpu)   volume = 1.0
   epoch 13:   1(gpu) ->  3(SW)   volume = 1.0
   epoch 13:   3(SW) ->  0(gpu)   volume = 1.0
   epoch 14:   1(gpu) ->  3(SW)   volume = 1.0
   epoch 14:   3(SW) ->  2(gpu)   volume = 1.0
   epoch 15:   1(gpu) ->  3(SW)   volume = 1.0
   epoch 15:   3(SW) ->  0(gpu)   volume = 1.0
   epoch 16:   1(gpu) ->  3(SW)   volume = 1.0
   epoch 16:   3(SW) ->  0(gpu)   volume = 1.0
   epoch 17:   1(gpu) ->  3(SW)   volume = 1.0
   epoch 17:   3(SW) ->  2(gpu)   volume = 1.0
   epoch 18:   1(gpu) ->  3(SW)   volume = 1.0
   epoch 18:   3(SW) ->  0(gpu)   volume = 1.0
   epoch 19:   1(gpu) ->  3(SW)   volume = 1.0
   epoch 19:   3(SW) ->  2(gpu)   volume = 1.0
   epoch 20:   1(gpu) ->  3(SW)   volume = 1.0
   epoch 20:   3(SW) ->  2(gpu)   volume = 1.0
   epoch 21:   1(gpu) ->  3(SW)   volume = 1.0
   epoch 21:   3(SW) ->  0(gpu)   volume = 1.0
   epoch 22:   1(gpu) ->  3(SW)   volume = 1.0
   epoch 22:   3(SW) ->  2(gpu)   volume = 1.0
   epoch 23:   1(gpu) ->  3(SW)   volume = 1.0
   epoch 23:   3(SW) ->  0(gpu)   volume = 1.0
   epoch 24:   1(gpu) ->  3(SW)   volume = 1.0
   epoch 24:   3(SW) ->  0(gpu)   volume = 1.0
   epoch 25:   1(gpu) ->  3(SW)   volume = 1.0
   epoch 25:   3(SW) ->  2(gpu)   volume = 1.0
   epoch 26:   1(gpu) ->  3(SW)   volume = 1.0
   epoch 26:   3(SW) ->  0(gpu)   volume = 1.0
   epoch 27:   1(gpu) ->  3(SW)   volume = 1.0
   epoch 27:   3(SW) ->  0(gpu)   volume = 1.0
   epoch 28:   1(gpu) ->  3(SW)   volume = 1.0
   epoch 28:   3(SW) ->  0(gpu)   volume = 1.0
   epoch 29:   1(gpu) ->  3(SW)   volume = 1.0
   epoch 29:   3(SW) ->  2(gpu)   volume = 1.0
   epoch 30:   1(gpu) ->  3(SW)   volume = 1.0
   epoch 30:   3(SW) ->  2(gpu)   volume = 1.0
   epoch 31:   1(gpu) ->  3(SW)   volume = 1.0
   epoch 31:   3(SW) ->  0(gpu)   volume = 1.0
   epoch 32:   1(gpu) ->  3(SW)   volume = 1.0
   epoch 32:   3(SW) ->  0(gpu)   volume = 1.0
   epoch 33:   1(gpu) ->  3(SW)   volume = 1.0
   epoch 33:   3(SW) ->  0(gpu)   volume = 1.0
   epoch 34:   1(gpu) ->  3(SW)   volume = 1.0
   epoch 34:   3(SW) ->  2(gpu)   volume = 1.0
   epoch 35:   1(gpu) ->  3(SW)   volume = 1.0
   epoch 35:   3(SW) ->  0(gpu)   volume = 1.0
   epoch 36:   1(gpu) ->  3(SW)   volume = 1.0
   epoch 36:   3(SW) ->  2(gpu)   volume = 1.0
   epoch 37:   1(gpu) ->  3(SW)   volume = 1.0
   epoch 37:   3(SW) ->  2(gpu)   volume = 1.0
   epoch 38:   1(gpu) ->  3(SW)   volume = 1.0
   epoch 38:   3(SW) ->  2(gpu)   volume = 1.0
   epoch 39:   1(gpu) ->  3(SW)   volume = 1.0
   epoch 39:   3(SW) ->  2(gpu)   volume = 1.0

-- source 2 --
   epoch 0:   2(gpu) ->  3(SW)   volume = 2.0
   epoch 0:   2(gpu) ->  4(SW)   volume = 3.0
   epoch 0:   3(SW) ->  0(gpu)   volume = 2.0
   epoch 0:   3(SW) ->  1(gpu)   volume = 1.0
   epoch 0:   4(SW) ->  0(gpu)   volume = 2.0
   epoch 0:   4(SW) ->  3(SW)   volume = 1.0
   epoch 1:   2(gpu) ->  3(SW)   volume = 2.0
   epoch 1:   2(gpu) ->  4(SW)   volume = 3.0
   epoch 1:   3(SW) ->  0(gpu)   volume = 2.0
   epoch 1:   3(SW) ->  1(gpu)   volume = 1.0
   epoch 1:   4(SW) ->  0(gpu)   volume = 2.0
   epoch 1:   4(SW) ->  3(SW)   volume = 1.0
   epoch 2:   2(gpu) ->  3(SW)   volume = 2.0
   epoch 2:   2(gpu) ->  4(SW)   volume = 3.0
   epoch 2:   3(SW) ->  0(gpu)   volume = 2.0
   epoch 2:   3(SW) ->  1(gpu)   volume = 1.0
   epoch 2:   4(SW) ->  0(gpu)   volume = 2.0
   epoch 2:   4(SW) ->  3(SW)   volume = 1.0
   epoch 3:   2(gpu) ->  3(SW)   volume = 2.0
   epoch 3:   2(gpu) ->  4(SW)   volume = 3.0
   epoch 3:   3(SW) ->  0(gpu)   volume = 2.0
   epoch 3:   3(SW) ->  1(gpu)   volume = 1.0
   epoch 3:   4(SW) ->  0(gpu)   volume = 2.0
   epoch 3:   4(SW) ->  3(SW)   volume = 1.0
   epoch 4:   2(gpu) ->  3(SW)   volume = 2.0
   epoch 4:   2(gpu) ->  4(SW)   volume = 3.0
   epoch 4:   3(SW) ->  0(gpu)   volume = 2.0
   epoch 4:   3(SW) ->  1(gpu)   volume = 1.0
   epoch 4:   4(SW) ->  0(gpu)   volume = 2.0
   epoch 4:   4(SW) ->  3(SW)   volume = 1.0
   epoch 5:   2(gpu) ->  3(SW)   volume = 2.0
   epoch 5:   2(gpu) ->  4(SW)   volume = 3.0
   epoch 5:   3(SW) ->  0(gpu)   volume = 2.0
   epoch 5:   3(SW) ->  1(gpu)   volume = 1.0
   epoch 5:   4(SW) ->  0(gpu)   volume = 2.0
   epoch 5:   4(SW) ->  3(SW)   volume = 1.0
   epoch 6:   2(gpu) ->  3(SW)   volume = 1.0
   epoch 6:   3(SW) ->  1(gpu)   volume = 1.0
   epoch 7:   2(gpu) ->  3(SW)   volume = 1.0
   epoch 7:   3(SW) ->  1(gpu)   volume = 1.0
   epoch 8:   2(gpu) ->  3(SW)   volume = 1.0
   epoch 8:   3(SW) ->  1(gpu)   volume = 1.0
   epoch 11:   2(gpu) ->  3(SW)   volume = 1.0
   epoch 11:   3(SW) ->  1(gpu)   volume = 1.0
   epoch 14:   2(gpu) ->  3(SW)   volume = 1.0
   epoch 14:   3(SW) ->  1(gpu)   volume = 1.0
   epoch 15:   2(gpu) ->  3(SW)   volume = 1.0
   epoch 15:   3(SW) ->  1(gpu)   volume = 1.0
   epoch 20:   2(gpu) ->  3(SW)   volume = 1.0
   epoch 20:   3(SW) ->  1(gpu)   volume = 1.0
   epoch 21:   2(gpu) ->  3(SW)   volume = 1.0
   epoch 21:   3(SW) ->  1(gpu)   volume = 1.0
   epoch 23:   2(gpu) ->  3(SW)   volume = 1.0
   epoch 23:   3(SW) ->  1(gpu)   volume = 1.0
   epoch 26:   2(gpu) ->  3(SW)   volume = 1.0
   epoch 26:   3(SW) ->  1(gpu)   volume = 1.0
   epoch 27:   2(gpu) ->  3(SW)   volume = 1.0
   epoch 27:   3(SW) ->  1(gpu)   volume = 1.0
   epoch 28:   2(gpu) ->  3(SW)   volume = 1.0
   epoch 28:   3(SW) ->  1(gpu)   volume = 1.0
   epoch 29:   2(gpu) ->  3(SW)   volume = 1.0
   epoch 29:   3(SW) ->  1(gpu)   volume = 1.0
   epoch 30:   2(gpu) ->  3(SW)   volume = 1.0
   epoch 30:   3(SW) ->  1(gpu)   volume = 1.0
   epoch 31:   2(gpu) ->  3(SW)   volume = 1.0
   epoch 31:   3(SW) ->  1(gpu)   volume = 1.0
   epoch 32:   2(gpu) ->  3(SW)   volume = 1.0
   epoch 32:   3(SW) ->  1(gpu)   volume = 1.0
   epoch 33:   2(gpu) ->  3(SW)   volume = 1.0
   epoch 33:   3(SW) ->  1(gpu)   volume = 1.0
   epoch 34:   2(gpu) ->  3(SW)   volume = 1.0
   epoch 34:   3(SW) ->  1(gpu)   volume = 1.0

------------------------------------------------------------------------------
RAW CONSUMED VARS  T_s_d_k = consumed_at_k[source s][dest d][epoch k]
(volume of source s's demand absorbed AT destination d during epoch k)
------------------------------------------------------------------------------
   dest  0:  from source  1  epoch 6  consumed = 1.0
   dest  0:  from source  1  epoch 11  consumed = 1.0
   dest  0:  from source  1  epoch 13  consumed = 1.0
   dest  0:  from source  1  epoch 15  consumed = 1.0
   dest  0:  from source  1  epoch 16  consumed = 1.0
   dest  0:  from source  1  epoch 18  consumed = 1.0
   dest  0:  from source  1  epoch 21  consumed = 1.0
   dest  0:  from source  1  epoch 23  consumed = 1.0
   dest  0:  from source  1  epoch 24  consumed = 1.0
   dest  0:  from source  1  epoch 26  consumed = 1.0
   dest  0:  from source  1  epoch 27  consumed = 1.0
   dest  0:  from source  1  epoch 28  consumed = 1.0
   dest  0:  from source  1  epoch 31  consumed = 1.0
   dest  0:  from source  1  epoch 32  consumed = 1.0
   dest  0:  from source  1  epoch 33  consumed = 1.0
   dest  0:  from source  1  epoch 35  consumed = 1.0
   dest  0:  from source  2  epoch 0  consumed = 4.0
   dest  0:  from source  2  epoch 1  consumed = 4.0
   dest  0:  from source  2  epoch 2  consumed = 4.0
   dest  0:  from source  2  epoch 3  consumed = 4.0
   dest  0:  from source  2  epoch 4  consumed = 4.0
   dest  0:  from source  2  epoch 5  consumed = 4.0
   dest  1:  from source  0  epoch 9  consumed = 1.0
   dest  1:  from source  0  epoch 10  consumed = 1.0
   dest  1:  from source  0  epoch 12  consumed = 1.0
   dest  1:  from source  0  epoch 13  consumed = 1.0
   dest  1:  from source  0  epoch 16  consumed = 1.0
   dest  1:  from source  0  epoch 17  consumed = 1.0
   dest  1:  from source  0  epoch 18  consumed = 1.0
   dest  1:  from source  0  epoch 19  consumed = 1.0
   dest  1:  from source  0  epoch 22  consumed = 1.0
   dest  1:  from source  0  epoch 24  consumed = 1.0
   dest  1:  from source  0  epoch 25  consumed = 1.0
   dest  1:  from source  0  epoch 35  consumed = 1.0
   dest  1:  from source  0  epoch 36  consumed = 1.0
   dest  1:  from source  0  epoch 37  consumed = 1.0
   dest  1:  from source  0  epoch 38  consumed = 1.0
   dest  1:  from source  0  epoch 39  consumed = 1.0
   dest  1:  from source  2  epoch 0  consumed = 1.0
   dest  1:  from source  2  epoch 1  consumed = 1.0
   dest  1:  from source  2  epoch 2  consumed = 1.0
   dest  1:  from source  2  epoch 3  consumed = 1.0
   dest  1:  from source  2  epoch 4  consumed = 1.0
   dest  1:  from source  2  epoch 5  consumed = 1.0
   dest  1:  from source  2  epoch 6  consumed = 1.0
   dest  1:  from source  2  epoch 7  consumed = 1.0
   dest  1:  from source  2  epoch 8  consumed = 1.0
   dest  1:  from source  2  epoch 11  consumed = 1.0
   dest  1:  from source  2  epoch 14  consumed = 1.0
   dest  1:  from source  2  epoch 15  consumed = 1.0
   dest  1:  from source  2  epoch 20  consumed = 1.0
   dest  1:  from source  2  epoch 21  consumed = 1.0
   dest  1:  from source  2  epoch 23  consumed = 1.0
   dest  1:  from source  2  epoch 26  consumed = 1.0
   dest  1:  from source  2  epoch 27  consumed = 1.0
   dest  1:  from source  2  epoch 28  consumed = 1.0
   dest  1:  from source  2  epoch 29  consumed = 1.0
   dest  1:  from source  2  epoch 30  consumed = 1.0
   dest  1:  from source  2  epoch 31  consumed = 1.0
   dest  1:  from source  2  epoch 32  consumed = 1.0
   dest  1:  from source  2  epoch 33  consumed = 1.0
   dest  1:  from source  2  epoch 34  consumed = 1.0
   dest  2:  from source  0  epoch 0  consumed = 4.0
   dest  2:  from source  0  epoch 1  consumed = 4.0
   dest  2:  from source  0  epoch 2  consumed = 4.0
   dest  2:  from source  0  epoch 3  consumed = 4.0
   dest  2:  from source  0  epoch 4  consumed = 4.0
   dest  2:  from source  0  epoch 5  consumed = 4.0
   dest  2:  from source  1  epoch 0  consumed = 1.0
   dest  2:  from source  1  epoch 1  consumed = 1.0
   dest  2:  from source  1  epoch 2  consumed = 1.0
   dest  2:  from source  1  epoch 3  consumed = 1.0
   dest  2:  from source  1  epoch 4  consumed = 1.0
   dest  2:  from source  1  epoch 5  consumed = 1.0
   dest  2:  from source  1  epoch 7  consumed = 1.0
   dest  2:  from source  1  epoch 8  consumed = 1.0
   dest  2:  from source  1  epoch 9  consumed = 1.0
   dest  2:  from source  1  epoch 10  consumed = 1.0
   dest  2:  from source  1  epoch 12  consumed = 1.0
   dest  2:  from source  1  epoch 14  consumed = 1.0
   dest  2:  from source  1  epoch 17  consumed = 1.0
   dest  2:  from source  1  epoch 19  consumed = 1.0
   dest  2:  from source  1  epoch 20  consumed = 1.0
   dest  2:  from source  1  epoch 22  consumed = 1.0
   dest  2:  from source  1  epoch 25  consumed = 1.0
   dest  2:  from source  1  epoch 29  consumed = 1.0
   dest  2:  from source  1  epoch 30  consumed = 1.0
   dest  2:  from source  1  epoch 34  consumed = 1.0
   dest  2:  from source  1  epoch 36  consumed = 1.0
   dest  2:  from source  1  epoch 37  consumed = 1.0
   dest  2:  from source  1  epoch 38  consumed = 1.0
   dest  2:  from source  1  epoch 39  consumed = 1.0
==============================================================================

Schedule written to Schedules/coarse_hetero_alltoall_lp.json

--- identity resolution (alltoall) ---
resolved inter-cell pieces: 256
intra-cell demands: 160 egress_stage, 256 ingress_distribution, 108 self_distribution
  cell 0 egress relays: ['1->0', '2->0', '2->1', '3->0', '3->1']
  cell 1 egress relays: ['5->4', '6->4', '7->4']
  cell 2 egress relays: ['10->11', '10->8', '11->8', '12->11', '12->8', '13->8', '9->13', '9->8']
  chunk scale: ChunkScale(bytes=0.5, chunks=28, refined x2)  (subdivision Q=2)
  fine-link occupancy: egress peak 100%, ingress peak 100% of per-epoch capacity; violations: 0
  ingress landing: 82/256 single-target arrivals (32%) landed directly on a GPU that wants them
  egress: 160/256 pieces leave via a non-native gateway (lexicographic tier 1 minimizes this; the ingress tier never trades against it)
identity resolution written to Schedules/coarse_hetero_alltoall_identities.json

=== phase-3 intra-cell scheduling (alltoall) ===

=== schedule_cell 0: gpus=[0, 1, 2, 3] nvswitch=14, 152 intra demands ===
  [_to_jobs] 152 demands ({'egress_stage': 48, 'ingress_distribution': 80, 'self_distribution': 24}), max intra-recv load = 62
    fan-out id=(4, 2) ingress_distribution src=0 -> 1 wanters: DIRECT/ring (send=62 <= max_recv=62)
    fan-out id=(4, 3) ingress_distribution src=0 -> 1 wanters: DIRECT/ring (send=62 <= max_recv=62)
    fan-out id=(4, 4) ingress_distribution src=0 -> 1 wanters: DIRECT/ring (send=62 <= max_recv=62)
    fan-out id=(4, 5) ingress_distribution src=0 -> 1 wanters: DIRECT/ring (send=62 <= max_recv=62)
    fan-out id=(4, 6) ingress_distribution src=0 -> 1 wanters: DIRECT/ring (send=62 <= max_recv=62)
    fan-out id=(4, 7) ingress_distribution src=0 -> 1 wanters: DIRECT/ring (send=62 <= max_recv=62)
    fan-out id=(5, 2) ingress_distribution src=0 -> 1 wanters: DIRECT/ring (send=62 <= max_recv=62)
    fan-out id=(5, 3) ingress_distribution src=0 -> 1 wanters: DIRECT/ring (send=62 <= max_recv=62)
    fan-out id=(5, 4) ingress_distribution src=0 -> 1 wanters: DIRECT/ring (send=62 <= max_recv=62)
    fan-out id=(5, 5) ingress_distribution src=0 -> 1 wanters: DIRECT/ring (send=62 <= max_recv=62)
    fan-out id=(5, 6) ingress_distribution src=0 -> 1 wanters: DIRECT/ring (send=62 <= max_recv=62)
    fan-out id=(5, 7) ingress_distribution src=0 -> 1 wanters: DIRECT/ring (send=62 <= max_recv=62)
    fan-out id=(6, 2) ingress_distribution src=0 -> 1 wanters: DIRECT/ring (send=62 <= max_recv=62)
    fan-out id=(6, 3) ingress_distribution src=0 -> 1 wanters: DIRECT/ring (send=62 <= max_recv=62)
    fan-out id=(6, 4) ingress_distribution src=0 -> 1 wanters: DIRECT/ring (send=62 <= max_recv=62)
    fan-out id=(6, 5) ingress_distribution src=0 -> 1 wanters: DIRECT/ring (send=62 <= max_recv=62)
    fan-out id=(6, 6) ingress_distribution src=0 -> 1 wanters: DIRECT/ring (send=62 <= max_recv=62)
    fan-out id=(6, 7) ingress_distribution src=0 -> 1 wanters: DIRECT/ring (send=62 <= max_recv=62)
    fan-out id=(7, 2) ingress_distribution src=0 -> 1 wanters: DIRECT/ring (send=62 <= max_recv=62)
    fan-out id=(7, 3) ingress_distribution src=0 -> 1 wanters: DIRECT/ring (send=62 <= max_recv=62)
    fan-out id=(7, 4) ingress_distribution src=0 -> 1 wanters: DIRECT/ring (send=62 <= max_recv=62)
    fan-out id=(7, 5) ingress_distribution src=0 -> 1 wanters: DIRECT/ring (send=62 <= max_recv=62)
    fan-out id=(7, 6) ingress_distribution src=0 -> 1 wanters: DIRECT/ring (send=62 <= max_recv=62)
    fan-out id=(7, 7) ingress_distribution src=0 -> 1 wanters: DIRECT/ring (send=62 <= max_recv=62)
    fan-out id=(8, 2) ingress_distribution src=0 -> 1 wanters: DIRECT/ring (send=62 <= max_recv=62)
    fan-out id=(8, 3) ingress_distribution src=0 -> 1 wanters: DIRECT/ring (send=62 <= max_recv=62)
    fan-out id=(8, 4) ingress_distribution src=0 -> 1 wanters: DIRECT/ring (send=62 <= max_recv=62)
    fan-out id=(8, 5) ingress_distribution src=0 -> 1 wanters: DIRECT/ring (send=62 <= max_recv=62)
    fan-out id=(8, 6) ingress_distribution src=0 -> 1 wanters: DIRECT/ring (send=62 <= max_recv=62)
    fan-out id=(8, 7) ingress_distribution src=0 -> 1 wanters: DIRECT/ring (send=62 <= max_recv=62)
    fan-out id=(9, 4) ingress_distribution src=1 -> 1 wanters: DIRECT/ring (send=38 <= max_recv=62)
    fan-out id=(9, 5) ingress_distribution src=1 -> 1 wanters: DIRECT/ring (send=38 <= max_recv=62)
    fan-out id=(9, 6) ingress_distribution src=0 -> 1 wanters: DIRECT/ring (send=62 <= max_recv=62)
    fan-out id=(9, 7) ingress_distribution src=0 -> 1 wanters: DIRECT/ring (send=62 <= max_recv=62)
    fan-out id=(10, 4) ingress_distribution src=0 -> 1 wanters: DIRECT/ring (send=62 <= max_recv=62)
    fan-out id=(10, 5) ingress_distribution src=0 -> 1 wanters: DIRECT/ring (send=62 <= max_recv=62)
    fan-out id=(10, 6) ingress_distribution src=0 -> 1 wanters: DIRECT/ring (send=62 <= max_recv=62)
    fan-out id=(10, 7) ingress_distribution src=0 -> 1 wanters: DIRECT/ring (send=62 <= max_recv=62)
    fan-out id=(11, 0) ingress_distribution src=1 -> 1 wanters: DIRECT/ring (send=38 <= max_recv=62)
    fan-out id=(11, 1) ingress_distribution src=1 -> 1 wanters: DIRECT/ring (send=38 <= max_recv=62)
    fan-out id=(11, 4) ingress_distribution src=1 -> 1 wanters: DIRECT/ring (send=38 <= max_recv=62)
    fan-out id=(11, 5) ingress_distribution src=1 -> 1 wanters: DIRECT/ring (send=38 <= max_recv=62)
    fan-out id=(11, 6) ingress_distribution src=1 -> 1 wanters: DIRECT/ring (send=38 <= max_recv=62)
    fan-out id=(11, 7) ingress_distribution src=1 -> 1 wanters: DIRECT/ring (send=38 <= max_recv=62)
    fan-out id=(12, 4) ingress_distribution src=0 -> 1 wanters: DIRECT/ring (send=62 <= max_recv=62)
    fan-out id=(12, 5) ingress_distribution src=0 -> 1 wanters: DIRECT/ring (send=62 <= max_recv=62)
    fan-out id=(12, 6) ingress_distribution src=0 -> 1 wanters: DIRECT/ring (send=62 <= max_recv=62)
    fan-out id=(12, 7) ingress_distribution src=0 -> 1 wanters: DIRECT/ring (send=62 <= max_recv=62)
    fan-out id=(13, 0) ingress_distribution src=1 -> 1 wanters: DIRECT/ring (send=38 <= max_recv=62)
    fan-out id=(13, 1) ingress_distribution src=1 -> 1 wanters: DIRECT/ring (send=38 <= max_recv=62)
    fan-out id=(13, 4) ingress_distribution src=1 -> 1 wanters: DIRECT/ring (send=38 <= max_recv=62)
    fan-out id=(13, 5) ingress_distribution src=1 -> 1 wanters: DIRECT/ring (send=38 <= max_recv=62)
    fan-out id=(13, 6) ingress_distribution src=1 -> 1 wanters: DIRECT/ring (send=38 <= max_recv=62)
    fan-out id=(13, 7) ingress_distribution src=1 -> 1 wanters: DIRECT/ring (send=38 <= max_recv=62)
    fan-out id=(0, 2) self_distribution src=0 -> 1 wanters: DIRECT/ring (send=62 <= max_recv=62)
    fan-out id=(0, 3) self_distribution src=0 -> 1 wanters: DIRECT/ring (send=62 <= max_recv=62)
    fan-out id=(0, 4) self_distribution src=0 -> 1 wanters: DIRECT/ring (send=62 <= max_recv=62)
    fan-out id=(0, 5) self_distribution src=0 -> 1 wanters: DIRECT/ring (send=62 <= max_recv=62)
    fan-out id=(0, 6) self_distribution src=0 -> 1 wanters: DIRECT/ring (send=62 <= max_recv=62)
    fan-out id=(0, 7) self_distribution src=0 -> 1 wanters: DIRECT/ring (send=62 <= max_recv=62)
    fan-out id=(1, 0) self_distribution src=1 -> 1 wanters: DIRECT/ring (send=38 <= max_recv=62)
    fan-out id=(1, 1) self_distribution src=1 -> 1 wanters: DIRECT/ring (send=38 <= max_recv=62)
    fan-out id=(1, 4) self_distribution src=1 -> 1 wanters: DIRECT/ring (send=38 <= max_recv=62)
    fan-out id=(1, 5) self_distribution src=1 -> 1 wanters: DIRECT/ring (send=38 <= max_recv=62)
    fan-out id=(1, 6) self_distribution src=1 -> 1 wanters: DIRECT/ring (send=38 <= max_recv=62)
    fan-out id=(1, 7) self_distribution src=1 -> 1 wanters: DIRECT/ring (send=38 <= max_recv=62)
    fan-out id=(2, 0) self_distribution src=2 -> 1 wanters: DIRECT/ring (send=26 <= max_recv=62)
    fan-out id=(2, 1) self_distribution src=2 -> 1 wanters: DIRECT/ring (send=26 <= max_recv=62)
    fan-out id=(2, 2) self_distribution src=2 -> 1 wanters: DIRECT/ring (send=26 <= max_recv=62)
    fan-out id=(2, 3) self_distribution src=2 -> 1 wanters: DIRECT/ring (send=26 <= max_recv=62)
    fan-out id=(2, 6) self_distribution src=2 -> 1 wanters: DIRECT/ring (send=26 <= max_recv=62)
    fan-out id=(2, 7) self_distribution src=2 -> 1 wanters: DIRECT/ring (send=26 <= max_recv=62)
    fan-out id=(3, 0) self_distribution src=3 -> 1 wanters: DIRECT/ring (send=26 <= max_recv=62)
    fan-out id=(3, 1) self_distribution src=3 -> 1 wanters: DIRECT/ring (send=26 <= max_recv=62)
    fan-out id=(3, 2) self_distribution src=3 -> 1 wanters: DIRECT/ring (send=26 <= max_recv=62)
    fan-out id=(3, 3) self_distribution src=3 -> 1 wanters: DIRECT/ring (send=26 <= max_recv=62)
    fan-out id=(3, 4) self_distribution src=3 -> 1 wanters: DIRECT/ring (send=26 <= max_recv=62)
    fan-out id=(3, 5) self_distribution src=3 -> 1 wanters: DIRECT/ring (send=26 <= max_recv=62)
  [_to_jobs] -> 126 jobs (48 hard, 78 soft; 126 direct, 0 tree)
    [gap 0] 32 jobs (0 hard), max-port-load lower bound = 10 round(s)
      round 0: 0->1 (id8,1,done)  1->2 (id11,1,done)  2->3 (id2,1,done)  3->0 (id3,1,done)
      round 1: 0->1 (id8,1,done)  1->2 (id11,1,done)  2->3 (id2,1,done)  3->0 (id3,1,done)
      round 2: 0->1 (id0,1,done)  1->2 (id1,1,done)  2->0 (id2,1,done)
      round 3: 0->1 (id0,1,done)  1->2 (id1,1,done)  2->0 (id2,1,done)
      round 4: 0->2 (id0,1,done)  1->3 (id1,1,done)  3->1 (id3,1,done)
      round 5: 0->2 (id0,1,done)  1->3 (id1,1,done)  3->1 (id3,1,done)
      round 6: 0->3 (id8,1,done)  1->0 (id13,1,done)  2->1 (id2,1,done)  3->2 (id3,1,done)
      round 7: 0->3 (id8,1,done)  1->0 (id13,1,done)  2->1 (id2,1,done)  3->2 (id3,1,done)
      round 8: 0->3 (id0,1,done)  1->0 (id1,1,done)
      round 9: 0->3 (id0,1,done)  1->0 (id1,1,done)
    [gap 0] used 10 round(s) vs bound 10 -> OPTIMAL (= port bound)
    [gap 1] 4 jobs (0 hard), max-port-load lower bound = 4 round(s)
      round 0: 1->2 (id13,1,done)
      round 1: 1->2 (id13,1,done)
      round 2: 0->2 (id8,1,done)
      round 3: 0->2 (id8,1,done)
    [gap 1] used 4 round(s) vs bound 4 -> OPTIMAL (= port bound)
    [gap 2] 4 jobs (0 hard), max-port-load lower bound = 2 round(s)
      round 0: 0->3 (id9,1,done)  1->0 (id11,1,done)
      round 1: 0->3 (id9,1,done)  1->0 (id11,1,done)
    [gap 2] used 2 round(s) vs bound 2 -> OPTIMAL (= port bound)
    [gap 3] 14 jobs (8 hard), max-port-load lower bound = 4 round(s)
      round 0: 3->0H(id3,1,done)  2->1H(id2,1,done)  0->2 (id12,1,done)  1->3 (id11,1,done)
      round 1: 3->0H(id3,1,done)  2->1H(id2,1,done)  0->2 (id12,1,done)  1->3 (id11,1,done)
      round 2: 2->0H(id2,1,done)  3->1H(id3,1,done)  1->3 (id13,1,done)
      round 3: 2->0H(id2,1,done)  3->1H(id3,1,done)  1->3 (id13,1,done)
    [gap 3] used 4 round(s) vs bound 4 -> OPTIMAL (= port bound)
    [gap 4] 12 jobs (8 hard), max-port-load lower bound = 4 round(s)
      round 0: 2->0H(id2,1,done)  3->1H(id3,1,done)  1->2 (id9,1,done)
      round 1: 2->0H(id2,1,done)  3->1H(id3,1,done)  1->2 (id9,1,done)
      round 2: 2->0H(id2,1,done)  3->1H(id3,1,done)  0->2 (id10,1,done)
      round 3: 2->0H(id2,1,done)  3->1H(id3,1,done)  0->2 (id10,1,done)
    [gap 4] used 4 round(s) vs bound 4 -> OPTIMAL (= port bound)
    [gap 5] 12 jobs (8 hard), max-port-load lower bound = 4 round(s)
      round 0: 3->0H(id3,1,done)  2->1H(id2,1,done)  0->3 (id10,1,done)
      round 1: 3->0H(id3,1,done)  2->1H(id2,1,done)  0->3 (id10,1,done)
      round 2: 2->0H(id2,1,done)  3->1H(id3,1,done)  0->3 (id12,1,done)
      round 3: 2->0H(id2,1,done)  3->1H(id3,1,done)  0->3 (id12,1,done)
    [gap 5] used 4 round(s) vs bound 4 -> OPTIMAL (= port bound)
    [gap 6] 2 jobs (0 hard), max-port-load lower bound = 2 round(s)
      round 0: 0->1 (id4,1,done)
      round 1: 0->1 (id4,1,done)
    [gap 6] used 2 round(s) vs bound 2 -> OPTIMAL (= port bound)
    [gap 11] 2 jobs (0 hard), max-port-load lower bound = 2 round(s)
      round 0: 0->3 (id4,1,done)
      round 1: 0->3 (id4,1,done)
    [gap 11] used 2 round(s) vs bound 2 -> OPTIMAL (= port bound)
    [gap 13] 2 jobs (0 hard), max-port-load lower bound = 2 round(s)
      round 0: 0->2 (id4,1,done)
      round 1: 0->2 (id4,1,done)
    [gap 13] used 2 round(s) vs bound 2 -> OPTIMAL (= port bound)
    [gap 16] 4 jobs (2 hard), max-port-load lower bound = 2 round(s)
      round 0: 1->0H(id1,1,done)  0->2 (id5,1,done)
      round 1: 1->0H(id1,1,done)  0->2 (id5,1,done)
    [gap 16] used 2 round(s) vs bound 2 -> OPTIMAL (= port bound)
    [gap 17] 2 jobs (2 hard), max-port-load lower bound = 2 round(s)
      round 0: 2->0H(id2,1,done)
      round 1: 2->0H(id2,1,done)
    [gap 17] used 2 round(s) vs bound 2 -> OPTIMAL (= port bound)
    [gap 18] 4 jobs (2 hard), max-port-load lower bound = 2 round(s)
      round 0: 3->0H(id3,1,done)  0->3 (id6,1,done)
      round 1: 3->0H(id3,1,done)  0->3 (id6,1,done)
    [gap 18] used 2 round(s) vs bound 2 -> OPTIMAL (= port bound)
    [gap 19] 2 jobs (2 hard), max-port-load lower bound = 2 round(s)
      round 0: 2->0H(id2,1,done)
      round 1: 2->0H(id2,1,done)
    [gap 19] used 2 round(s) vs bound 2 -> OPTIMAL (= port bound)
    [gap 22] 2 jobs (2 hard), max-port-load lower bound = 2 round(s)
      round 0: 2->0H(id2,1,done)
      round 1: 2->0H(id2,1,done)
    [gap 22] used 2 round(s) vs bound 2 -> OPTIMAL (= port bound)
    [gap 24] 4 jobs (2 hard), max-port-load lower bound = 2 round(s)
      round 0: 3->0H(id3,1,done)  0->2 (id6,1,done)
      round 1: 3->0H(id3,1,done)  0->2 (id6,1,done)
    [gap 24] used 2 round(s) vs bound 2 -> OPTIMAL (= port bound)
    [gap 25] 2 jobs (2 hard), max-port-load lower bound = 2 round(s)
      round 0: 1->0H(id1,1,done)
      round 1: 1->0H(id1,1,done)
    [gap 25] used 2 round(s) vs bound 2 -> OPTIMAL (= port bound)
    [gap 26] 2 jobs (0 hard), max-port-load lower bound = 2 round(s)
      round 0: 0->3 (id7,1,done)
      round 1: 0->3 (id7,1,done)
    [gap 26] used 2 round(s) vs bound 2 -> OPTIMAL (= port bound)
    [gap 27] 2 jobs (0 hard), max-port-load lower bound = 2 round(s)
      round 0: 0->3 (id5,1,done)
      round 1: 0->3 (id5,1,done)
    [gap 27] used 2 round(s) vs bound 2 -> OPTIMAL (= port bound)
    [gap 31] 2 jobs (0 hard), max-port-load lower bound = 2 round(s)
      round 0: 0->1 (id5,1,done)
      round 1: 0->1 (id5,1,done)
    [gap 31] used 2 round(s) vs bound 2 -> OPTIMAL (= port bound)
    [gap 32] 2 jobs (0 hard), max-port-load lower bound = 2 round(s)
      round 0: 0->2 (id7,1,done)
      round 1: 0->2 (id7,1,done)
    [gap 32] used 2 round(s) vs bound 2 -> OPTIMAL (= port bound)
    [gap 33] 2 jobs (0 hard), max-port-load lower bound = 2 round(s)
      round 0: 0->1 (id6,1,done)
      round 1: 0->1 (id6,1,done)
    [gap 33] used 2 round(s) vs bound 2 -> OPTIMAL (= port bound)
    [gap 35] 4 jobs (2 hard), max-port-load lower bound = 2 round(s)
      round 0: 1->0H(id1,1,done)  0->1 (id7,1,done)
      round 1: 1->0H(id1,1,done)  0->1 (id7,1,done)
    [gap 35] used 2 round(s) vs bound 2 -> OPTIMAL (= port bound)
    [gap 36] 2 jobs (2 hard), max-port-load lower bound = 2 round(s)
      round 0: 1->0H(id1,1,done)
      round 1: 1->0H(id1,1,done)
    [gap 36] used 2 round(s) vs bound 2 -> OPTIMAL (= port bound)
    [gap 37] 2 jobs (2 hard), max-port-load lower bound = 2 round(s)
      round 0: 3->0H(id3,1,done)
      round 1: 3->0H(id3,1,done)
    [gap 37] used 2 round(s) vs bound 2 -> OPTIMAL (= port bound)
    [gap 38] 2 jobs (2 hard), max-port-load lower bound = 2 round(s)
      round 0: 2->0H(id2,1,done)
      round 1: 2->0H(id2,1,done)
    [gap 38] used 2 round(s) vs bound 2 -> OPTIMAL (= port bound)
    [gap 39] 2 jobs (2 hard), max-port-load lower bound = 2 round(s)
      round 0: 3->0H(id3,1,done)
      round 1: 3->0H(id3,1,done)
    [gap 39] used 2 round(s) vs bound 2 -> OPTIMAL (= port bound)
=== cell 0: 126 flows across 26 gap(s), peak 10 rounds/gap; all hard deadlines met, ports within cap ===

=== schedule_cell 1: gpus=[4, 5, 6, 7] nvswitch=15, 164 intra demands ===
  [_to_jobs] 164 demands ({'egress_stage': 60, 'ingress_distribution': 80, 'self_distribution': 24}), max intra-recv load = 86
    fan-out id=(0, 10) ingress_distribution src=4 -> 1 wanters: DIRECT/ring (send=86 <= max_recv=86)
    fan-out id=(0, 11) ingress_distribution src=4 -> 1 wanters: DIRECT/ring (send=86 <= max_recv=86)
    fan-out id=(0, 12) ingress_distribution src=4 -> 1 wanters: DIRECT/ring (send=86 <= max_recv=86)
    fan-out id=(0, 13) ingress_distribution src=4 -> 1 wanters: DIRECT/ring (send=86 <= max_recv=86)
    fan-out id=(0, 14) ingress_distribution src=4 -> 1 wanters: DIRECT/ring (send=86 <= max_recv=86)
    fan-out id=(0, 15) ingress_distribution src=4 -> 1 wanters: DIRECT/ring (send=86 <= max_recv=86)
    fan-out id=(1, 10) ingress_distribution src=4 -> 1 wanters: DIRECT/ring (send=86 <= max_recv=86)
    fan-out id=(1, 11) ingress_distribution src=4 -> 1 wanters: DIRECT/ring (send=86 <= max_recv=86)
    fan-out id=(1, 12) ingress_distribution src=4 -> 1 wanters: DIRECT/ring (send=86 <= max_recv=86)
    fan-out id=(1, 13) ingress_distribution src=4 -> 1 wanters: DIRECT/ring (send=86 <= max_recv=86)
    fan-out id=(1, 14) ingress_distribution src=4 -> 1 wanters: DIRECT/ring (send=86 <= max_recv=86)
    fan-out id=(1, 15) ingress_distribution src=4 -> 1 wanters: DIRECT/ring (send=86 <= max_recv=86)
    fan-out id=(2, 10) ingress_distribution src=4 -> 1 wanters: DIRECT/ring (send=86 <= max_recv=86)
    fan-out id=(2, 11) ingress_distribution src=4 -> 1 wanters: DIRECT/ring (send=86 <= max_recv=86)
    fan-out id=(2, 12) ingress_distribution src=4 -> 1 wanters: DIRECT/ring (send=86 <= max_recv=86)
    fan-out id=(2, 13) ingress_distribution src=4 -> 1 wanters: DIRECT/ring (send=86 <= max_recv=86)
    fan-out id=(2, 14) ingress_distribution src=4 -> 1 wanters: DIRECT/ring (send=86 <= max_recv=86)
    fan-out id=(2, 15) ingress_distribution src=4 -> 1 wanters: DIRECT/ring (send=86 <= max_recv=86)
    fan-out id=(3, 10) ingress_distribution src=4 -> 1 wanters: DIRECT/ring (send=86 <= max_recv=86)
    fan-out id=(3, 11) ingress_distribution src=4 -> 1 wanters: DIRECT/ring (send=86 <= max_recv=86)
    fan-out id=(3, 12) ingress_distribution src=4 -> 1 wanters: DIRECT/ring (send=86 <= max_recv=86)
    fan-out id=(3, 13) ingress_distribution src=4 -> 1 wanters: DIRECT/ring (send=86 <= max_recv=86)
    fan-out id=(3, 14) ingress_distribution src=4 -> 1 wanters: DIRECT/ring (send=86 <= max_recv=86)
    fan-out id=(3, 15) ingress_distribution src=4 -> 1 wanters: DIRECT/ring (send=86 <= max_recv=86)
    fan-out id=(8, 10) ingress_distribution src=4 -> 1 wanters: DIRECT/ring (send=86 <= max_recv=86)
    fan-out id=(8, 11) ingress_distribution src=4 -> 1 wanters: DIRECT/ring (send=86 <= max_recv=86)
    fan-out id=(8, 12) ingress_distribution src=4 -> 1 wanters: DIRECT/ring (send=86 <= max_recv=86)
    fan-out id=(8, 13) ingress_distribution src=4 -> 1 wanters: DIRECT/ring (send=86 <= max_recv=86)
    fan-out id=(8, 14) ingress_distribution src=4 -> 1 wanters: DIRECT/ring (send=86 <= max_recv=86)
    fan-out id=(8, 15) ingress_distribution src=4 -> 1 wanters: DIRECT/ring (send=86 <= max_recv=86)
    fan-out id=(9, 10) ingress_distribution src=4 -> 1 wanters: DIRECT/ring (send=86 <= max_recv=86)
    fan-out id=(9, 11) ingress_distribution src=4 -> 1 wanters: DIRECT/ring (send=86 <= max_recv=86)
    fan-out id=(9, 12) ingress_distribution src=4 -> 1 wanters: DIRECT/ring (send=86 <= max_recv=86)
    fan-out id=(9, 13) ingress_distribution src=4 -> 1 wanters: DIRECT/ring (send=86 <= max_recv=86)
    fan-out id=(9, 14) ingress_distribution src=4 -> 1 wanters: DIRECT/ring (send=86 <= max_recv=86)
    fan-out id=(9, 15) ingress_distribution src=4 -> 1 wanters: DIRECT/ring (send=86 <= max_recv=86)
    fan-out id=(10, 10) ingress_distribution src=4 -> 1 wanters: DIRECT/ring (send=86 <= max_recv=86)
    fan-out id=(10, 11) ingress_distribution src=4 -> 1 wanters: DIRECT/ring (send=86 <= max_recv=86)
    fan-out id=(10, 12) ingress_distribution src=4 -> 1 wanters: DIRECT/ring (send=86 <= max_recv=86)
    fan-out id=(10, 13) ingress_distribution src=4 -> 1 wanters: DIRECT/ring (send=86 <= max_recv=86)
    fan-out id=(10, 14) ingress_distribution src=4 -> 1 wanters: DIRECT/ring (send=86 <= max_recv=86)
    fan-out id=(10, 15) ingress_distribution src=4 -> 1 wanters: DIRECT/ring (send=86 <= max_recv=86)
    fan-out id=(11, 10) ingress_distribution src=4 -> 1 wanters: DIRECT/ring (send=86 <= max_recv=86)
    fan-out id=(11, 11) ingress_distribution src=4 -> 1 wanters: DIRECT/ring (send=86 <= max_recv=86)
    fan-out id=(11, 12) ingress_distribution src=4 -> 1 wanters: DIRECT/ring (send=86 <= max_recv=86)
    fan-out id=(11, 13) ingress_distribution src=4 -> 1 wanters: DIRECT/ring (send=86 <= max_recv=86)
    fan-out id=(11, 14) ingress_distribution src=4 -> 1 wanters: DIRECT/ring (send=86 <= max_recv=86)
    fan-out id=(11, 15) ingress_distribution src=4 -> 1 wanters: DIRECT/ring (send=86 <= max_recv=86)
    fan-out id=(12, 10) ingress_distribution src=4 -> 1 wanters: DIRECT/ring (send=86 <= max_recv=86)
    fan-out id=(12, 11) ingress_distribution src=4 -> 1 wanters: DIRECT/ring (send=86 <= max_recv=86)
    fan-out id=(12, 12) ingress_distribution src=4 -> 1 wanters: DIRECT/ring (send=86 <= max_recv=86)
    fan-out id=(12, 13) ingress_distribution src=4 -> 1 wanters: DIRECT/ring (send=86 <= max_recv=86)
    fan-out id=(12, 14) ingress_distribution src=4 -> 1 wanters: DIRECT/ring (send=86 <= max_recv=86)
    fan-out id=(12, 15) ingress_distribution src=4 -> 1 wanters: DIRECT/ring (send=86 <= max_recv=86)
    fan-out id=(13, 10) ingress_distribution src=4 -> 1 wanters: DIRECT/ring (send=86 <= max_recv=86)
    fan-out id=(13, 11) ingress_distribution src=4 -> 1 wanters: DIRECT/ring (send=86 <= max_recv=86)
    fan-out id=(13, 12) ingress_distribution src=4 -> 1 wanters: DIRECT/ring (send=86 <= max_recv=86)
    fan-out id=(13, 13) ingress_distribution src=4 -> 1 wanters: DIRECT/ring (send=86 <= max_recv=86)
    fan-out id=(13, 14) ingress_distribution src=4 -> 1 wanters: DIRECT/ring (send=86 <= max_recv=86)
    fan-out id=(13, 15) ingress_distribution src=4 -> 1 wanters: DIRECT/ring (send=86 <= max_recv=86)
    fan-out id=(4, 10) self_distribution src=4 -> 1 wanters: DIRECT/ring (send=86 <= max_recv=86)
    fan-out id=(4, 11) self_distribution src=4 -> 1 wanters: DIRECT/ring (send=86 <= max_recv=86)
    fan-out id=(4, 12) self_distribution src=4 -> 1 wanters: DIRECT/ring (send=86 <= max_recv=86)
    fan-out id=(4, 13) self_distribution src=4 -> 1 wanters: DIRECT/ring (send=86 <= max_recv=86)
    fan-out id=(4, 14) self_distribution src=4 -> 1 wanters: DIRECT/ring (send=86 <= max_recv=86)
    fan-out id=(4, 15) self_distribution src=4 -> 1 wanters: DIRECT/ring (send=86 <= max_recv=86)
    fan-out id=(5, 8) self_distribution src=5 -> 1 wanters: DIRECT/ring (send=26 <= max_recv=86)
    fan-out id=(5, 9) self_distribution src=5 -> 1 wanters: DIRECT/ring (send=26 <= max_recv=86)
    fan-out id=(5, 12) self_distribution src=5 -> 1 wanters: DIRECT/ring (send=26 <= max_recv=86)
    fan-out id=(5, 13) self_distribution src=5 -> 1 wanters: DIRECT/ring (send=26 <= max_recv=86)
    fan-out id=(5, 14) self_distribution src=5 -> 1 wanters: DIRECT/ring (send=26 <= max_recv=86)
    fan-out id=(5, 15) self_distribution src=5 -> 1 wanters: DIRECT/ring (send=26 <= max_recv=86)
    fan-out id=(6, 8) self_distribution src=6 -> 1 wanters: DIRECT/ring (send=26 <= max_recv=86)
    fan-out id=(6, 9) self_distribution src=6 -> 1 wanters: DIRECT/ring (send=26 <= max_recv=86)
    fan-out id=(6, 10) self_distribution src=6 -> 1 wanters: DIRECT/ring (send=26 <= max_recv=86)
    fan-out id=(6, 11) self_distribution src=6 -> 1 wanters: DIRECT/ring (send=26 <= max_recv=86)
    fan-out id=(6, 14) self_distribution src=6 -> 1 wanters: DIRECT/ring (send=26 <= max_recv=86)
    fan-out id=(6, 15) self_distribution src=6 -> 1 wanters: DIRECT/ring (send=26 <= max_recv=86)
    fan-out id=(7, 8) self_distribution src=7 -> 1 wanters: DIRECT/ring (send=26 <= max_recv=86)
    fan-out id=(7, 9) self_distribution src=7 -> 1 wanters: DIRECT/ring (send=26 <= max_recv=86)
    fan-out id=(7, 10) self_distribution src=7 -> 1 wanters: DIRECT/ring (send=26 <= max_recv=86)
    fan-out id=(7, 11) self_distribution src=7 -> 1 wanters: DIRECT/ring (send=26 <= max_recv=86)
    fan-out id=(7, 12) self_distribution src=7 -> 1 wanters: DIRECT/ring (send=26 <= max_recv=86)
    fan-out id=(7, 13) self_distribution src=7 -> 1 wanters: DIRECT/ring (send=26 <= max_recv=86)
  [_to_jobs] -> 144 jobs (60 hard, 84 soft; 144 direct, 0 tree)
    [gap 0] 26 jobs (0 hard), max-port-load lower bound = 8 round(s)
      round 0: 4->5 (id11,1,done)  5->6 (id5,1,done)  6->7 (id6,1,done)  7->4 (id7,1,done)
      round 1: 4->5 (id4,1,done)  5->6 (id5,1,done)  6->7 (id6,1,done)  7->4 (id7,1,done)
      round 2: 4->5 (id4,1,done)  5->7 (id5,1,done)  6->4 (id6,1,done)  7->6 (id7,1,done)
      round 3: 4->6 (id13,1,done)  5->7 (id5,1,done)  6->4 (id6,1,done)  7->5 (id7,1,done)
      round 4: 4->6 (id4,1,done)  7->5 (id7,1,done)  5->4 (id5,1,done)
      round 5: 4->6 (id4,1,done)  5->4 (id5,1,done)  6->5 (id6,1,done)
      round 6: 4->7 (id4,1,done)  6->5 (id6,1,done)  7->6 (id7,1,done)
      round 7: 4->7 (id4,1,done)
    [gap 0] used 8 round(s) vs bound 8 -> OPTIMAL (= port bound)
    [gap 1] 1 jobs (0 hard), max-port-load lower bound = 1 round(s)
      round 0: 4->7 (id11,1,done)
    [gap 1] used 1 round(s) vs bound 1 -> OPTIMAL (= port bound)
    [gap 2] 2 jobs (0 hard), max-port-load lower bound = 2 round(s)
      round 0: 4->5 (id11,1,done)
      round 1: 4->7 (id13,1,done)
    [gap 2] used 2 round(s) vs bound 2 -> OPTIMAL (= port bound)
    [gap 3] 2 jobs (0 hard), max-port-load lower bound = 2 round(s)
      round 0: 4->6 (id11,1,done)
      round 1: 4->7 (id13,1,done)
    [gap 3] used 2 round(s) vs bound 2 -> OPTIMAL (= port bound)
    [gap 4] 3 jobs (2 hard), max-port-load lower bound = 2 round(s)
      round 0: 6->4H(id6,1,done)  4->5 (id13,1,done)
      round 1: 6->4H(id6,1,done)
    [gap 4] used 2 round(s) vs bound 2 -> OPTIMAL (= port bound)
    [gap 5] 2 jobs (2 hard), max-port-load lower bound = 2 round(s)
      round 0: 5->4H(id5,1,done)
      round 1: 5->4H(id5,1,done)
    [gap 5] used 2 round(s) vs bound 2 -> OPTIMAL (= port bound)
    [gap 6] 2 jobs (0 hard), max-port-load lower bound = 2 round(s)
      round 0: 4->7 (id8,1,done)
      round 1: 4->7 (id8,1,done)
    [gap 6] used 2 round(s) vs bound 2 -> OPTIMAL (= port bound)
    [gap 7] 2 jobs (0 hard), max-port-load lower bound = 2 round(s)
      round 0: 4->5 (id8,1,done)
      round 1: 4->5 (id8,1,done)
    [gap 7] used 2 round(s) vs bound 2 -> OPTIMAL (= port bound)
    [gap 9] 4 jobs (2 hard), max-port-load lower bound = 2 round(s)
      round 0: 7->4H(id7,1,done)  4->5 (id0,1,done)
      round 1: 7->4H(id7,1,done)  4->5 (id0,1,done)
    [gap 9] used 2 round(s) vs bound 2 -> OPTIMAL (= port bound)
    [gap 10] 4 jobs (2 hard), max-port-load lower bound = 2 round(s)
      round 0: 5->4H(id5,1,done)  4->7 (id0,1,done)
      round 1: 5->4H(id5,1,done)  4->7 (id0,1,done)
    [gap 10] used 2 round(s) vs bound 2 -> OPTIMAL (= port bound)
    [gap 11] 2 jobs (0 hard), max-port-load lower bound = 2 round(s)
      round 0: 4->6 (id8,1,done)
      round 1: 4->6 (id8,1,done)
    [gap 11] used 2 round(s) vs bound 2 -> OPTIMAL (= port bound)
    [gap 12] 4 jobs (2 hard), max-port-load lower bound = 2 round(s)
      round 0: 5->4H(id5,1,done)  4->6 (id0,1,done)
      round 1: 5->4H(id5,1,done)  4->6 (id0,1,done)
    [gap 12] used 2 round(s) vs bound 2 -> OPTIMAL (= port bound)
    [gap 14] 4 jobs (2 hard), max-port-load lower bound = 2 round(s)
      round 0: 7->4H(id7,1,done)  4->5 (id10,1,done)
      round 1: 7->4H(id7,1,done)  4->5 (id10,1,done)
    [gap 14] used 2 round(s) vs bound 2 -> OPTIMAL (= port bound)
    [gap 15] 2 jobs (0 hard), max-port-load lower bound = 2 round(s)
      round 0: 4->7 (id9,1,done)
      round 1: 4->7 (id9,1,done)
    [gap 15] used 2 round(s) vs bound 2 -> OPTIMAL (= port bound)
    [gap 16] 4 jobs (2 hard), max-port-load lower bound = 2 round(s)
      round 0: 5->4H(id5,1,done)  4->6 (id1,1,done)
      round 1: 5->4H(id5,1,done)  4->6 (id1,1,done)
    [gap 16] used 2 round(s) vs bound 2 -> OPTIMAL (= port bound)
    [gap 17] 4 jobs (2 hard), max-port-load lower bound = 2 round(s)
      round 0: 7->4H(id7,1,done)  4->7 (id2,1,done)
      round 1: 7->4H(id7,1,done)  4->7 (id2,1,done)
    [gap 17] used 2 round(s) vs bound 2 -> OPTIMAL (= port bound)
    [gap 18] 2 jobs (2 hard), max-port-load lower bound = 2 round(s)
      round 0: 6->4H(id6,1,done)
      round 1: 6->4H(id6,1,done)
    [gap 18] used 2 round(s) vs bound 2 -> OPTIMAL (= port bound)
    [gap 19] 2 jobs (2 hard), max-port-load lower bound = 2 round(s)
      round 0: 6->4H(id6,1,done)
      round 1: 6->4H(id6,1,done)
    [gap 19] used 2 round(s) vs bound 2 -> OPTIMAL (= port bound)
    [gap 20] 4 jobs (2 hard), max-port-load lower bound = 2 round(s)
      round 0: 6->4H(id6,1,done)  4->6 (id9,1,done)
      round 1: 6->4H(id6,1,done)  4->6 (id9,1,done)
    [gap 20] used 2 round(s) vs bound 2 -> OPTIMAL (= port bound)
    [gap 21] 4 jobs (2 hard), max-port-load lower bound = 2 round(s)
      round 0: 7->4H(id7,1,done)  4->5 (id9,1,done)
      round 1: 7->4H(id7,1,done)  4->5 (id13,1,done)
    [gap 21] used 2 round(s) vs bound 2 -> OPTIMAL (= port bound)
    [gap 22] 4 jobs (2 hard), max-port-load lower bound = 2 round(s)
      round 0: 5->4H(id5,1,done)  4->6 (id2,1,done)
      round 1: 5->4H(id5,1,done)  4->6 (id2,1,done)
    [gap 22] used 2 round(s) vs bound 2 -> OPTIMAL (= port bound)
    [gap 23] 4 jobs (2 hard), max-port-load lower bound = 2 round(s)
      round 0: 6->4H(id6,1,done)  4->7 (id12,1,done)
      round 1: 6->4H(id6,1,done)  4->7 (id12,1,done)
    [gap 23] used 2 round(s) vs bound 2 -> OPTIMAL (= port bound)
    [gap 24] 4 jobs (2 hard), max-port-load lower bound = 2 round(s)
      round 0: 6->4H(id6,1,done)  4->7 (id3,1,done)
      round 1: 6->4H(id6,1,done)  4->7 (id3,1,done)
    [gap 24] used 2 round(s) vs bound 2 -> OPTIMAL (= port bound)
    [gap 25] 4 jobs (2 hard), max-port-load lower bound = 2 round(s)
      round 0: 7->4H(id7,1,done)  4->7 (id1,1,done)
      round 1: 7->4H(id7,1,done)  4->7 (id1,1,done)
    [gap 25] used 2 round(s) vs bound 2 -> OPTIMAL (= port bound)
    [gap 26] 4 jobs (2 hard), max-port-load lower bound = 2 round(s)
      round 0: 7->4H(id7,1,done)  4->5 (id12,1,done)
      round 1: 7->4H(id7,1,done)  4->5 (id12,1,done)
    [gap 26] used 2 round(s) vs bound 2 -> OPTIMAL (= port bound)
    [gap 27] 4 jobs (2 hard), max-port-load lower bound = 2 round(s)
      round 0: 5->4H(id5,1,done)  4->6 (id10,1,done)
      round 1: 5->4H(id5,1,done)  4->6 (id10,1,done)
    [gap 27] used 2 round(s) vs bound 2 -> OPTIMAL (= port bound)
    [gap 28] 2 jobs (2 hard), max-port-load lower bound = 2 round(s)
      round 0: 5->4H(id5,1,done)
      round 1: 5->4H(id5,1,done)
    [gap 28] used 2 round(s) vs bound 2 -> OPTIMAL (= port bound)
    [gap 29] 4 jobs (2 hard), max-port-load lower bound = 2 round(s)
      round 0: 7->4H(id7,1,done)  4->6 (id12,1,done)
      round 1: 7->4H(id7,1,done)  4->6 (id12,1,done)
    [gap 29] used 2 round(s) vs bound 2 -> OPTIMAL (= port bound)
    [gap 30] 2 jobs (2 hard), max-port-load lower bound = 2 round(s)
      round 0: 7->4H(id7,1,done)
      round 1: 7->4H(id7,1,done)
    [gap 30] used 2 round(s) vs bound 2 -> OPTIMAL (= port bound)
    [gap 31] 4 jobs (2 hard), max-port-load lower bound = 2 round(s)
      round 0: 5->4H(id5,1,done)  4->5 (id9,1,done)
      round 1: 5->4H(id5,1,done)  4->7 (id10,1,done)
    [gap 31] used 2 round(s) vs bound 2 -> OPTIMAL (= port bound)
    [gap 32] 4 jobs (2 hard), max-port-load lower bound = 2 round(s)
      round 0: 7->4H(id7,1,done)  4->7 (id10,1,done)
      round 1: 7->4H(id7,1,done)  4->7 (id11,1,done)
    [gap 32] used 2 round(s) vs bound 2 -> OPTIMAL (= port bound)
    [gap 33] 2 jobs (2 hard), max-port-load lower bound = 2 round(s)
      round 0: 6->4H(id6,1,done)
      round 1: 6->4H(id6,1,done)
    [gap 33] used 2 round(s) vs bound 2 -> OPTIMAL (= port bound)
    [gap 34] 4 jobs (2 hard), max-port-load lower bound = 2 round(s)
      round 0: 6->4H(id6,1,done)  4->6 (id11,1,done)
      round 1: 6->4H(id6,1,done)  4->6 (id13,1,done)
    [gap 34] used 2 round(s) vs bound 2 -> OPTIMAL (= port bound)
    [gap 35] 2 jobs (2 hard), max-port-load lower bound = 2 round(s)
      round 0: 7->4H(id7,1,done)
      round 1: 7->4H(id7,1,done)
    [gap 35] used 2 round(s) vs bound 2 -> OPTIMAL (= port bound)
    [gap 36] 4 jobs (2 hard), max-port-load lower bound = 2 round(s)
      round 0: 5->4H(id5,1,done)  4->5 (id1,1,done)
      round 1: 5->4H(id5,1,done)  4->5 (id1,1,done)
    [gap 36] used 2 round(s) vs bound 2 -> OPTIMAL (= port bound)
    [gap 37] 4 jobs (2 hard), max-port-load lower bound = 2 round(s)
      round 0: 5->4H(id5,1,done)  4->6 (id3,1,done)
      round 1: 5->4H(id5,1,done)  4->6 (id3,1,done)
    [gap 37] used 2 round(s) vs bound 2 -> OPTIMAL (= port bound)
    [gap 38] 4 jobs (2 hard), max-port-load lower bound = 2 round(s)
      round 0: 6->4H(id6,1,done)  4->5 (id2,1,done)
      round 1: 6->4H(id6,1,done)  4->5 (id2,1,done)
    [gap 38] used 2 round(s) vs bound 2 -> OPTIMAL (= port bound)
    [gap 39] 4 jobs (2 hard), max-port-load lower bound = 2 round(s)
      round 0: 6->4H(id6,1,done)  4->5 (id3,1,done)
      round 1: 6->4H(id6,1,done)  4->5 (id3,1,done)
    [gap 39] used 2 round(s) vs bound 2 -> OPTIMAL (= port bound)
=== cell 1: 144 flows across 38 gap(s), peak 8 rounds/gap; all hard deadlines met, ports within cap ===

=== schedule_cell 2: gpus=[8, 9, 10, 11, 12, 13] nvswitch=16, 208 intra demands ===
  [_to_jobs] 208 demands ({'egress_stage': 52, 'ingress_distribution': 96, 'self_distribution': 60}), max intra-recv load = 70
    fan-out id=(0, 18) ingress_distribution src=8 -> 1 wanters: DIRECT/ring (send=70 <= max_recv=70)
    fan-out id=(0, 19) ingress_distribution src=8 -> 1 wanters: DIRECT/ring (send=70 <= max_recv=70)
    fan-out id=(0, 20) ingress_distribution src=8 -> 1 wanters: DIRECT/ring (send=70 <= max_recv=70)
    fan-out id=(0, 21) ingress_distribution src=8 -> 1 wanters: DIRECT/ring (send=70 <= max_recv=70)
    fan-out id=(0, 24) ingress_distribution src=8 -> 1 wanters: DIRECT/ring (send=70 <= max_recv=70)
    fan-out id=(0, 25) ingress_distribution src=8 -> 1 wanters: DIRECT/ring (send=70 <= max_recv=70)
    fan-out id=(1, 16) ingress_distribution src=11 -> 1 wanters: DIRECT/ring (send=30 <= max_recv=70)
    fan-out id=(1, 17) ingress_distribution src=11 -> 1 wanters: DIRECT/ring (send=30 <= max_recv=70)
    fan-out id=(1, 18) ingress_distribution src=11 -> 1 wanters: DIRECT/ring (send=30 <= max_recv=70)
    fan-out id=(1, 19) ingress_distribution src=11 -> 1 wanters: DIRECT/ring (send=30 <= max_recv=70)
    fan-out id=(1, 20) ingress_distribution src=11 -> 1 wanters: DIRECT/ring (send=30 <= max_recv=70)
    fan-out id=(1, 21) ingress_distribution src=11 -> 1 wanters: DIRECT/ring (send=30 <= max_recv=70)
    fan-out id=(1, 24) ingress_distribution src=13 -> 1 wanters: DIRECT/ring (send=30 <= max_recv=70)
    fan-out id=(1, 25) ingress_distribution src=13 -> 1 wanters: DIRECT/ring (send=30 <= max_recv=70)
    fan-out id=(2, 18) ingress_distribution src=8 -> 1 wanters: DIRECT/ring (send=70 <= max_recv=70)
    fan-out id=(2, 19) ingress_distribution src=8 -> 1 wanters: DIRECT/ring (send=70 <= max_recv=70)
    fan-out id=(2, 20) ingress_distribution src=8 -> 1 wanters: DIRECT/ring (send=70 <= max_recv=70)
    fan-out id=(2, 21) ingress_distribution src=8 -> 1 wanters: DIRECT/ring (send=70 <= max_recv=70)
    fan-out id=(2, 24) ingress_distribution src=8 -> 1 wanters: DIRECT/ring (send=70 <= max_recv=70)
    fan-out id=(2, 25) ingress_distribution src=8 -> 1 wanters: DIRECT/ring (send=70 <= max_recv=70)
    fan-out id=(3, 18) ingress_distribution src=11 -> 1 wanters: DIRECT/ring (send=30 <= max_recv=70)
    fan-out id=(3, 19) ingress_distribution src=11 -> 1 wanters: DIRECT/ring (send=30 <= max_recv=70)
    fan-out id=(3, 20) ingress_distribution src=8 -> 1 wanters: DIRECT/ring (send=70 <= max_recv=70)
    fan-out id=(3, 21) ingress_distribution src=8 -> 1 wanters: DIRECT/ring (send=70 <= max_recv=70)
    fan-out id=(3, 24) ingress_distribution src=11 -> 1 wanters: DIRECT/ring (send=30 <= max_recv=70)
    fan-out id=(3, 25) ingress_distribution src=11 -> 1 wanters: DIRECT/ring (send=30 <= max_recv=70)
    fan-out id=(4, 18) ingress_distribution src=8 -> 1 wanters: DIRECT/ring (send=70 <= max_recv=70)
    fan-out id=(4, 19) ingress_distribution src=8 -> 1 wanters: DIRECT/ring (send=70 <= max_recv=70)
    fan-out id=(4, 20) ingress_distribution src=8 -> 1 wanters: DIRECT/ring (send=70 <= max_recv=70)
    fan-out id=(4, 21) ingress_distribution src=8 -> 1 wanters: DIRECT/ring (send=70 <= max_recv=70)
    fan-out id=(4, 22) ingress_distribution src=13 -> 1 wanters: DIRECT/ring (send=30 <= max_recv=70)
    fan-out id=(4, 23) ingress_distribution src=13 -> 1 wanters: DIRECT/ring (send=30 <= max_recv=70)
    fan-out id=(4, 24) ingress_distribution src=8 -> 1 wanters: DIRECT/ring (send=70 <= max_recv=70)
    fan-out id=(4, 25) ingress_distribution src=8 -> 1 wanters: DIRECT/ring (send=70 <= max_recv=70)
    fan-out id=(5, 18) ingress_distribution src=8 -> 1 wanters: DIRECT/ring (send=70 <= max_recv=70)
    fan-out id=(5, 19) ingress_distribution src=8 -> 1 wanters: DIRECT/ring (send=70 <= max_recv=70)
    fan-out id=(5, 20) ingress_distribution src=8 -> 1 wanters: DIRECT/ring (send=70 <= max_recv=70)
    fan-out id=(5, 21) ingress_distribution src=8 -> 1 wanters: DIRECT/ring (send=70 <= max_recv=70)
    fan-out id=(5, 22) ingress_distribution src=8 -> 1 wanters: DIRECT/ring (send=70 <= max_recv=70)
    fan-out id=(5, 23) ingress_distribution src=8 -> 1 wanters: DIRECT/ring (send=70 <= max_recv=70)
    fan-out id=(5, 24) ingress_distribution src=8 -> 1 wanters: DIRECT/ring (send=70 <= max_recv=70)
    fan-out id=(5, 25) ingress_distribution src=8 -> 1 wanters: DIRECT/ring (send=70 <= max_recv=70)
    fan-out id=(6, 18) ingress_distribution src=8 -> 1 wanters: DIRECT/ring (send=70 <= max_recv=70)
    fan-out id=(6, 19) ingress_distribution src=8 -> 1 wanters: DIRECT/ring (send=70 <= max_recv=70)
    fan-out id=(6, 20) ingress_distribution src=8 -> 1 wanters: DIRECT/ring (send=70 <= max_recv=70)
    fan-out id=(6, 21) ingress_distribution src=8 -> 1 wanters: DIRECT/ring (send=70 <= max_recv=70)
    fan-out id=(6, 22) ingress_distribution src=8 -> 1 wanters: DIRECT/ring (send=70 <= max_recv=70)
    fan-out id=(6, 23) ingress_distribution src=8 -> 1 wanters: DIRECT/ring (send=70 <= max_recv=70)
    fan-out id=(6, 24) ingress_distribution src=8 -> 1 wanters: DIRECT/ring (send=70 <= max_recv=70)
    fan-out id=(6, 25) ingress_distribution src=8 -> 1 wanters: DIRECT/ring (send=70 <= max_recv=70)
    fan-out id=(7, 18) ingress_distribution src=8 -> 1 wanters: DIRECT/ring (send=70 <= max_recv=70)
    fan-out id=(7, 19) ingress_distribution src=8 -> 1 wanters: DIRECT/ring (send=70 <= max_recv=70)
    fan-out id=(7, 20) ingress_distribution src=8 -> 1 wanters: DIRECT/ring (send=70 <= max_recv=70)
    fan-out id=(7, 21) ingress_distribution src=8 -> 1 wanters: DIRECT/ring (send=70 <= max_recv=70)
    fan-out id=(7, 22) ingress_distribution src=8 -> 1 wanters: DIRECT/ring (send=70 <= max_recv=70)
    fan-out id=(7, 23) ingress_distribution src=8 -> 1 wanters: DIRECT/ring (send=70 <= max_recv=70)
    fan-out id=(7, 24) ingress_distribution src=8 -> 1 wanters: DIRECT/ring (send=70 <= max_recv=70)
    fan-out id=(7, 25) ingress_distribution src=8 -> 1 wanters: DIRECT/ring (send=70 <= max_recv=70)
    fan-out id=(7, 26) ingress_distribution src=8 -> 1 wanters: DIRECT/ring (send=70 <= max_recv=70)
    fan-out id=(7, 27) ingress_distribution src=8 -> 1 wanters: DIRECT/ring (send=70 <= max_recv=70)
    fan-out id=(8, 18) self_distribution src=8 -> 1 wanters: DIRECT/ring (send=70 <= max_recv=70)
    fan-out id=(8, 19) self_distribution src=8 -> 1 wanters: DIRECT/ring (send=70 <= max_recv=70)
    fan-out id=(8, 20) self_distribution src=8 -> 1 wanters: DIRECT/ring (send=70 <= max_recv=70)
    fan-out id=(8, 21) self_distribution src=8 -> 1 wanters: DIRECT/ring (send=70 <= max_recv=70)
    fan-out id=(8, 22) self_distribution src=8 -> 1 wanters: DIRECT/ring (send=70 <= max_recv=70)
    fan-out id=(8, 23) self_distribution src=8 -> 1 wanters: DIRECT/ring (send=70 <= max_recv=70)
    fan-out id=(8, 24) self_distribution src=8 -> 1 wanters: DIRECT/ring (send=70 <= max_recv=70)
    fan-out id=(8, 25) self_distribution src=8 -> 1 wanters: DIRECT/ring (send=70 <= max_recv=70)
    fan-out id=(8, 26) self_distribution src=8 -> 1 wanters: DIRECT/ring (send=70 <= max_recv=70)
    fan-out id=(8, 27) self_distribution src=8 -> 1 wanters: DIRECT/ring (send=70 <= max_recv=70)
    fan-out id=(9, 16) self_distribution src=9 -> 1 wanters: DIRECT/ring (send=26 <= max_recv=70)
    fan-out id=(9, 17) self_distribution src=9 -> 1 wanters: DIRECT/ring (send=26 <= max_recv=70)
    fan-out id=(9, 20) self_distribution src=9 -> 1 wanters: DIRECT/ring (send=26 <= max_recv=70)
    fan-out id=(9, 21) self_distribution src=9 -> 1 wanters: DIRECT/ring (send=26 <= max_recv=70)
    fan-out id=(9, 22) self_distribution src=9 -> 1 wanters: DIRECT/ring (send=26 <= max_recv=70)
    fan-out id=(9, 23) self_distribution src=9 -> 1 wanters: DIRECT/ring (send=26 <= max_recv=70)
    fan-out id=(9, 24) self_distribution src=9 -> 1 wanters: DIRECT/ring (send=26 <= max_recv=70)
    fan-out id=(9, 25) self_distribution src=9 -> 1 wanters: DIRECT/ring (send=26 <= max_recv=70)
    fan-out id=(9, 26) self_distribution src=9 -> 1 wanters: DIRECT/ring (send=26 <= max_recv=70)
    fan-out id=(9, 27) self_distribution src=9 -> 1 wanters: DIRECT/ring (send=26 <= max_recv=70)
    fan-out id=(10, 16) self_distribution src=10 -> 1 wanters: DIRECT/ring (send=26 <= max_recv=70)
    fan-out id=(10, 17) self_distribution src=10 -> 1 wanters: DIRECT/ring (send=26 <= max_recv=70)
    fan-out id=(10, 18) self_distribution src=10 -> 1 wanters: DIRECT/ring (send=26 <= max_recv=70)
    fan-out id=(10, 19) self_distribution src=10 -> 1 wanters: DIRECT/ring (send=26 <= max_recv=70)
    fan-out id=(10, 22) self_distribution src=10 -> 1 wanters: DIRECT/ring (send=26 <= max_recv=70)
    fan-out id=(10, 23) self_distribution src=10 -> 1 wanters: DIRECT/ring (send=26 <= max_recv=70)
    fan-out id=(10, 24) self_distribution src=10 -> 1 wanters: DIRECT/ring (send=26 <= max_recv=70)
    fan-out id=(10, 25) self_distribution src=10 -> 1 wanters: DIRECT/ring (send=26 <= max_recv=70)
    fan-out id=(10, 26) self_distribution src=10 -> 1 wanters: DIRECT/ring (send=26 <= max_recv=70)
    fan-out id=(10, 27) self_distribution src=10 -> 1 wanters: DIRECT/ring (send=26 <= max_recv=70)
    fan-out id=(11, 16) self_distribution src=11 -> 1 wanters: DIRECT/ring (send=30 <= max_recv=70)
    fan-out id=(11, 17) self_distribution src=11 -> 1 wanters: DIRECT/ring (send=30 <= max_recv=70)
    fan-out id=(11, 18) self_distribution src=11 -> 1 wanters: DIRECT/ring (send=30 <= max_recv=70)
    fan-out id=(11, 19) self_distribution src=11 -> 1 wanters: DIRECT/ring (send=30 <= max_recv=70)
    fan-out id=(11, 20) self_distribution src=11 -> 1 wanters: DIRECT/ring (send=30 <= max_recv=70)
    fan-out id=(11, 21) self_distribution src=11 -> 1 wanters: DIRECT/ring (send=30 <= max_recv=70)
    fan-out id=(11, 24) self_distribution src=11 -> 1 wanters: DIRECT/ring (send=30 <= max_recv=70)
    fan-out id=(11, 25) self_distribution src=11 -> 1 wanters: DIRECT/ring (send=30 <= max_recv=70)
    fan-out id=(11, 26) self_distribution src=11 -> 1 wanters: DIRECT/ring (send=30 <= max_recv=70)
    fan-out id=(11, 27) self_distribution src=11 -> 1 wanters: DIRECT/ring (send=30 <= max_recv=70)
    fan-out id=(12, 16) self_distribution src=12 -> 1 wanters: DIRECT/ring (send=26 <= max_recv=70)
    fan-out id=(12, 17) self_distribution src=12 -> 1 wanters: DIRECT/ring (send=26 <= max_recv=70)
    fan-out id=(12, 18) self_distribution src=12 -> 1 wanters: DIRECT/ring (send=26 <= max_recv=70)
    fan-out id=(12, 19) self_distribution src=12 -> 1 wanters: DIRECT/ring (send=26 <= max_recv=70)
    fan-out id=(12, 20) self_distribution src=12 -> 1 wanters: DIRECT/ring (send=26 <= max_recv=70)
    fan-out id=(12, 21) self_distribution src=12 -> 1 wanters: DIRECT/ring (send=26 <= max_recv=70)
    fan-out id=(12, 22) self_distribution src=12 -> 1 wanters: DIRECT/ring (send=26 <= max_recv=70)
    fan-out id=(12, 23) self_distribution src=12 -> 1 wanters: DIRECT/ring (send=26 <= max_recv=70)
    fan-out id=(12, 26) self_distribution src=12 -> 1 wanters: DIRECT/ring (send=26 <= max_recv=70)
    fan-out id=(12, 27) self_distribution src=12 -> 1 wanters: DIRECT/ring (send=26 <= max_recv=70)
    fan-out id=(13, 16) self_distribution src=13 -> 1 wanters: DIRECT/ring (send=30 <= max_recv=70)
    fan-out id=(13, 17) self_distribution src=13 -> 1 wanters: DIRECT/ring (send=30 <= max_recv=70)
    fan-out id=(13, 18) self_distribution src=13 -> 1 wanters: DIRECT/ring (send=30 <= max_recv=70)
    fan-out id=(13, 19) self_distribution src=13 -> 1 wanters: DIRECT/ring (send=30 <= max_recv=70)
    fan-out id=(13, 20) self_distribution src=13 -> 1 wanters: DIRECT/ring (send=30 <= max_recv=70)
    fan-out id=(13, 21) self_distribution src=13 -> 1 wanters: DIRECT/ring (send=30 <= max_recv=70)
    fan-out id=(13, 22) self_distribution src=13 -> 1 wanters: DIRECT/ring (send=30 <= max_recv=70)
    fan-out id=(13, 23) self_distribution src=13 -> 1 wanters: DIRECT/ring (send=30 <= max_recv=70)
    fan-out id=(13, 24) self_distribution src=13 -> 1 wanters: DIRECT/ring (send=30 <= max_recv=70)
    fan-out id=(13, 25) self_distribution src=13 -> 1 wanters: DIRECT/ring (send=30 <= max_recv=70)
  [_to_jobs] -> 172 jobs (52 hard, 120 soft; 172 direct, 0 tree)
    [gap 0] 66 jobs (0 hard), max-port-load lower bound = 14 round(s)
      round 0: 8->9 (id8,1,done)  9->10 (id9,1,done)  10->11 (id10,1,done)  11->12 (id11,1,done)  12->13 (id12,1,done)  13->8 (id13,1,done)
      round 1: 8->9 (id8,1,done)  9->10 (id9,1,done)  10->11 (id10,1,done)  11->12 (id11,1,done)  12->13 (id12,1,done)  13->8 (id13,1,done)
      round 2: 8->10 (id8,1,done)  9->11 (id9,1,done)  10->12 (id10,1,done)  11->13 (id11,1,done)  12->8 (id12,1,done)  13->9 (id13,1,done)
      round 3: 8->10 (id8,1,done)  9->11 (id9,1,done)  10->12 (id10,1,done)  11->13 (id11,1,done)  12->8 (id12,1,done)  13->9 (id13,1,done)
      round 4: 8->11 (id8,1,done)  9->12 (id9,1,done)  10->13 (id10,1,done)  11->8 (id1,1,done)  12->9 (id12,1,done)  13->10 (id13,1,done)
      round 5: 8->11 (id8,1,done)  9->12 (id9,1,done)  10->13 (id10,1,done)  11->8 (id1,1,done)  12->9 (id12,1,done)  13->10 (id13,1,done)
      round 6: 11->8 (id11,1,done)  8->12 (id4,1,done)  9->13 (id9,1,done)  12->10 (id12,1,done)  13->11 (id13,1,done)  10->9 (id10,1,done)
      round 7: 11->8 (id11,1,done)  8->12 (id4,1,done)  9->13 (id9,1,done)  12->10 (id12,1,done)  13->11 (id13,1,done)  10->9 (id10,1,done)
      round 8: 8->12 (id8,1,done)  10->8 (id10,1,done)  11->9 (id11,1,done)  12->11 (id12,1,done)
      round 9: 8->12 (id8,1,done)  10->8 (id10,1,done)  11->9 (id11,1,done)  12->11 (id12,1,done)
      round 10: 8->13 (id8,1,done)  9->8 (id9,1,done)  11->10 (id11,1,done)  13->12 (id1,1,done)
      round 11: 8->13 (id8,1,done)  9->8 (id9,1,done)  11->10 (id11,1,done)  13->12 (id1,1,done)
      round 12: 13->12 (id13,1,done)
      round 13: 13->12 (id13,1,done)
    [gap 0] used 14 round(s) vs bound 14 -> OPTIMAL (= port bound)
    [gap 1] 8 jobs (0 hard), max-port-load lower bound = 4 round(s)
      round 0: 8->9 (id0,1,done)  13->11 (id4,1,done)  11->10 (id1,1,done)
      round 1: 8->9 (id0,1,done)  13->11 (id4,1,done)  11->10 (id1,1,done)
      round 2: 8->10 (id0,1,done)
      round 3: 8->10 (id0,1,done)
    [gap 1] used 4 round(s) vs bound 4 -> OPTIMAL (= port bound)
    [gap 2] 10 jobs (4 hard), max-port-load lower bound = 4 round(s)
      round 0: 12->8H(id12,1,done)  8->10 (id4,1,done)  11->9 (id1,1,done)
      round 1: 12->8H(id12,1,done)  8->10 (id4,1,done)  11->9 (id1,1,done)
      round 2: 9->8H(id9,1,done)  8->12 (id0,1,done)
      round 3: 9->8H(id9,1,done)  8->12 (id0,1,done)
    [gap 2] used 4 round(s) vs bound 4 -> OPTIMAL (= port bound)
    [gap 3] 6 jobs (4 hard), max-port-load lower bound = 4 round(s)
      round 0: 12->8H(id12,1,done)  11->12 (id3,1,done)
      round 1: 12->8H(id12,1,done)  11->12 (id3,1,done)
      round 2: 10->8H(id10,1,done)
      round 3: 10->8H(id10,1,done)
    [gap 3] used 4 round(s) vs bound 4 -> OPTIMAL (= port bound)
    [gap 4] 14 jobs (8 hard), max-port-load lower bound = 4 round(s)
      round 0: 9->13H(id9,1,done)  10->8H(id10,1,done)  12->11H(id12,1,done)  8->10 (id2,1,done)  11->9 (id3,1,done)
      round 1: 9->13H(id9,1,done)  10->8H(id10,1,done)  12->11H(id12,1,done)  8->10 (id2,1,done)  11->9 (id3,1,done)
      round 2: 9->8H(id9,1,done)  8->12 (id2,1,done)
      round 3: 9->8H(id9,1,done)  8->12 (id2,1,done)
    [gap 4] used 4 round(s) vs bound 4 -> OPTIMAL (= port bound)
    [gap 5] 12 jobs (8 hard), max-port-load lower bound = 4 round(s)
      round 0: 10->11H(id10,1,done)  12->8H(id12,1,done)  9->13H(id9,1,done)  8->9 (id2,1,done)
      round 1: 10->11H(id10,1,done)  12->8H(id12,1,done)  9->13H(id9,1,done)  8->9 (id2,1,done)
      round 2: 10->8H(id10,1,done)  8->10 (id3,1,done)
      round 3: 10->8H(id10,1,done)  8->10 (id3,1,done)
    [gap 5] used 4 round(s) vs bound 4 -> OPTIMAL (= port bound)
    [gap 7] 2 jobs (0 hard), max-port-load lower bound = 2 round(s)
      round 0: 8->9 (id4,1,done)
      round 1: 8->9 (id4,1,done)
    [gap 7] used 2 round(s) vs bound 2 -> OPTIMAL (= port bound)
    [gap 9] 2 jobs (0 hard), max-port-load lower bound = 2 round(s)
      round 0: 8->13 (id7,1,done)
      round 1: 8->13 (id7,1,done)
    [gap 9] used 2 round(s) vs bound 2 -> OPTIMAL (= port bound)
    [gap 10] 2 jobs (0 hard), max-port-load lower bound = 2 round(s)
      round 0: 8->11 (id5,1,done)
      round 1: 8->11 (id5,1,done)
    [gap 10] used 2 round(s) vs bound 2 -> OPTIMAL (= port bound)
    [gap 14] 4 jobs (2 hard), max-port-load lower bound = 2 round(s)
      round 0: 10->8H(id10,1,done)  8->9 (id7,1,done)
      round 1: 10->8H(id10,1,done)  8->9 (id7,1,done)
    [gap 14] used 2 round(s) vs bound 2 -> OPTIMAL (= port bound)
    [gap 15] 2 jobs (2 hard), max-port-load lower bound = 2 round(s)
      round 0: 9->8H(id9,1,done)
      round 1: 9->8H(id9,1,done)
    [gap 15] used 2 round(s) vs bound 2 -> OPTIMAL (= port bound)
    [gap 17] 2 jobs (0 hard), max-port-load lower bound = 2 round(s)
      round 0: 8->11 (id7,1,done)
      round 1: 8->11 (id7,1,done)
    [gap 17] used 2 round(s) vs bound 2 -> OPTIMAL (= port bound)
    [gap 19] 2 jobs (0 hard), max-port-load lower bound = 2 round(s)
      round 0: 8->9 (id6,1,done)
      round 1: 8->9 (id6,1,done)
    [gap 19] used 2 round(s) vs bound 2 -> OPTIMAL (= port bound)
    [gap 20] 4 jobs (2 hard), max-port-load lower bound = 2 round(s)
      round 0: 9->8H(id9,1,done)  8->11 (id6,1,done)
      round 1: 9->8H(id9,1,done)  8->11 (id6,1,done)
    [gap 20] used 2 round(s) vs bound 2 -> OPTIMAL (= port bound)
    [gap 21] 2 jobs (2 hard), max-port-load lower bound = 2 round(s)
      round 0: 13->8H(id13,1,done)
      round 1: 9->8H(id9,1,done)
    [gap 21] used 2 round(s) vs bound 2 -> OPTIMAL (= port bound)
    [gap 22] 2 jobs (0 hard), max-port-load lower bound = 2 round(s)
      round 0: 8->10 (id5,1,done)
      round 1: 8->10 (id5,1,done)
    [gap 22] used 2 round(s) vs bound 2 -> OPTIMAL (= port bound)
    [gap 23] 2 jobs (2 hard), max-port-load lower bound = 2 round(s)
      round 0: 12->8H(id12,1,done)
      round 1: 12->8H(id12,1,done)
    [gap 23] used 2 round(s) vs bound 2 -> OPTIMAL (= port bound)
    [gap 25] 2 jobs (0 hard), max-port-load lower bound = 2 round(s)
      round 0: 8->10 (id7,1,done)
      round 1: 8->10 (id7,1,done)
    [gap 25] used 2 round(s) vs bound 2 -> OPTIMAL (= port bound)
    [gap 26] 2 jobs (2 hard), max-port-load lower bound = 2 round(s)
      round 0: 12->8H(id12,1,done)
      round 1: 12->8H(id12,1,done)
    [gap 26] used 2 round(s) vs bound 2 -> OPTIMAL (= port bound)
    [gap 27] 2 jobs (2 hard), max-port-load lower bound = 2 round(s)
      round 0: 10->8H(id10,1,done)
      round 1: 10->8H(id10,1,done)
    [gap 27] used 2 round(s) vs bound 2 -> OPTIMAL (= port bound)
    [gap 28] 2 jobs (2 hard), max-port-load lower bound = 2 round(s)
      round 0: 10->8H(id10,1,done)
      round 1: 10->8H(id10,1,done)
    [gap 28] used 2 round(s) vs bound 2 -> OPTIMAL (= port bound)
    [gap 29] 4 jobs (2 hard), max-port-load lower bound = 2 round(s)
      round 0: 12->8H(id12,1,done)  8->12 (id7,1,done)
      round 1: 12->8H(id12,1,done)  8->12 (id7,1,done)
    [gap 29] used 2 round(s) vs bound 2 -> OPTIMAL (= port bound)
    [gap 30] 2 jobs (2 hard), max-port-load lower bound = 2 round(s)
      round 0: 12->8H(id12,1,done)
      round 1: 12->8H(id12,1,done)
    [gap 30] used 2 round(s) vs bound 2 -> OPTIMAL (= port bound)
    [gap 31] 2 jobs (2 hard), max-port-load lower bound = 2 round(s)
      round 0: 10->8H(id10,1,done)
      round 1: 9->8H(id9,1,done)
    [gap 31] used 2 round(s) vs bound 2 -> OPTIMAL (= port bound)
    [gap 32] 2 jobs (2 hard), max-port-load lower bound = 2 round(s)
      round 0: 11->8H(id11,1,done)
      round 1: 10->8H(id10,1,done)
    [gap 32] used 2 round(s) vs bound 2 -> OPTIMAL (= port bound)
    [gap 33] 2 jobs (2 hard), max-port-load lower bound = 2 round(s)
      round 0: 9->8H(id9,1,done)
      round 1: 9->8H(id9,1,done)
    [gap 33] used 2 round(s) vs bound 2 -> OPTIMAL (= port bound)
    [gap 34] 4 jobs (2 hard), max-port-load lower bound = 2 round(s)
      round 0: 13->8H(id13,1,done)  8->12 (id6,1,done)
      round 1: 11->8H(id11,1,done)  8->12 (id6,1,done)
    [gap 34] used 2 round(s) vs bound 2 -> OPTIMAL (= port bound)
    [gap 36] 2 jobs (0 hard), max-port-load lower bound = 2 round(s)
      round 0: 8->9 (id5,1,done)
      round 1: 8->9 (id5,1,done)
    [gap 36] used 2 round(s) vs bound 2 -> OPTIMAL (= port bound)
    [gap 37] 2 jobs (0 hard), max-port-load lower bound = 2 round(s)
      round 0: 8->12 (id5,1,done)
      round 1: 8->12 (id5,1,done)
    [gap 37] used 2 round(s) vs bound 2 -> OPTIMAL (= port bound)
    [gap 38] 2 jobs (0 hard), max-port-load lower bound = 2 round(s)
      round 0: 8->10 (id6,1,done)
      round 1: 8->10 (id6,1,done)
    [gap 38] used 2 round(s) vs bound 2 -> OPTIMAL (= port bound)
=== cell 2: 172 flows across 30 gap(s), peak 14 rounds/gap; all hard deadlines met, ports within cap ===

phase-3 intra schedule: 442 fine flows written to Schedules/coarse_hetero_alltoall_intra.json
  intra fits coarse epoch: fine epoch delta=2.778e-04s, m=72.0 rounds per coarse epoch; peak 14 rounds at cell/gap (2, 0) -> 19.4% of the budget

LP: epochs=40 finish=0.8 bw=3.75 solver_time=0.6912977695465088
=== [3/3] pipeline replay invariants ===
hierarchical pipeline replay (identity resolution + phase-3, Gurobi-free)
  allgather: Q=2 ChunkScale(bytes=0.5, chunks=2, refined x2)
    56 pieces, 110 intra demands, 311 fine intra flows
    fine-link peak occupancy: egress 100%, ingress 100%  (no violations)
    ingress gateways used: {0: 12, 1: 8, 4: 20, 8: 10, 11: 4, 13: 2}
    delivery coverage: all 308 (identity, gpu) pairs satisfied
    intra fits epoch: peak 30 rounds vs m=72 (42% of budget) at cell/gap (2, 0)
    non-native egress: 36/56 pieces
  alltoall: Q=2 ChunkScale(bytes=0.5, chunks=28, refined x2)
    256 pieces, 524 intra demands, 442 fine intra flows
    fine-link peak occupancy: egress 100%, ingress 100%  (no violations)
    ingress gateways used: {0: 56, 1: 24, 4: 80, 8: 60, 11: 18, 13: 18}
    delivery coverage: all 442 (identity, gpu) pairs satisfied
    intra fits epoch: peak 14 rounds vs m=72 (19% of budget) at cell/gap (2, 0)
    ingress landing on target: 82/256 (32%)
    non-native egress: 160/256 pieces
pipeline replay OK
