cpu-bind=MASK - lanka27, task  0  0 [1981054]: mask 0xffffffffffff set
  error: subprocess-exited-with-error
  
  × Building wheel for teccl (pyproject.toml) did not run successfully.
  │ exit code: 1
  ╰─> [6 lines of output]
      running bdist_wheel
      running build
      running build_py
      copying teccl/__init__.py -> build/lib/teccl
      copying teccl/gurobi_env.py -> build/lib/teccl
      error: could not delete 'build/lib/teccl/gurobi_env.py': No such file or directory
      [end of output]
  
  note: This error originates from a subprocess, and is likely not a problem with pip.
  ERROR: Failed building wheel for teccl
error: failed-wheel-build-for-install

× Failed to build installable wheels for some pyproject.toml based projects
╰─> teccl
cpu-bind=MASK - lanka27, task  0  0 [1981942]: mask 0xff0000ff set
cpu-bind=MASK - lanka27, task  0  0 [1982380]: mask 0xff0000ff set
cpu-bind=MASK - lanka27, task  0  0 [1982542]: mask 0xff0000ff set
cpu-bind=MASK - lanka27, task  0  0 [1982862]: mask 0xff0000ff set
