cpu-bind=MASK - lanka30, task  0  0 [3703905]: mask 0xffffffffffff set
  error: subprocess-exited-with-error
  
  × Building wheel for teccl (pyproject.toml) did not run successfully.
  │ exit code: 1
  ╰─> [70 lines of output]
      running bdist_wheel
      running build
      running build_py
      installing to build/bdist.linux-x86_64/wheel
      running install
      running install_lib
      creating build/bdist.linux-x86_64/wheel/teccl/hierarchy
      copying build/lib/teccl/hierarchy/abstract.py -> build/bdist.linux-x86_64/wheel/./teccl/hierarchy
      copying build/lib/teccl/hierarchy/flatten.py -> build/bdist.linux-x86_64/wheel/./teccl/hierarchy
      copying build/lib/teccl/hierarchy/__init__.py -> build/bdist.linux-x86_64/wheel/./teccl/hierarchy
      copying build/lib/teccl/hierarchy/problem.py -> build/bdist.linux-x86_64/wheel/./teccl/hierarchy
      copying build/lib/teccl/hierarchy/reconstruct.py -> build/bdist.linux-x86_64/wheel/./teccl/hierarchy
      copying build/lib/teccl/hierarchy/ring_solve.py -> build/bdist.linux-x86_64/wheel/./teccl/hierarchy
      copying build/lib/teccl/hierarchy/crossbar_solve.py -> build/bdist.linux-x86_64/wheel/./teccl/hierarchy
      copying build/lib/teccl/hierarchy/scale.py -> build/bdist.linux-x86_64/wheel/./teccl/hierarchy
      copying build/lib/teccl/hierarchy/solve.py -> build/bdist.linux-x86_64/wheel/./teccl/hierarchy
      copying build/lib/teccl/hierarchy/cell.py -> build/bdist.linux-x86_64/wheel/./teccl/hierarchy
      copying build/lib/teccl/hierarchy/bands.py -> build/bdist.linux-x86_64/wheel/./teccl/hierarchy
      copying build/lib/teccl/hierarchy/intra_solve.py -> build/bdist.linux-x86_64/wheel/./teccl/hierarchy
      copying build/lib/teccl/hierarchy/stitch.py -> build/bdist.linux-x86_64/wheel/./teccl/hierarchy
      copying build/lib/teccl/hierarchy/subtopology.py -> build/bdist.linux-x86_64/wheel/./teccl/hierarchy
      copying build/lib/teccl/hierarchy/flat_schedule.py -> build/bdist.linux-x86_64/wheel/./teccl/hierarchy
      copying build/lib/teccl/scheduler.py -> build/bdist.linux-x86_64/wheel/./teccl
      creating build/bdist.linux-x86_64/wheel/teccl/topologies
      copying build/lib/teccl/topologies/amd.py -> build/bdist.linux-x86_64/wheel/./teccl/topologies
      copying build/lib/teccl/topologies/ndv2.py -> build/bdist.linux-x86_64/wheel/./teccl/topologies
      copying build/lib/teccl/topologies/fat_tree_pod.py -> build/bdist.linux-x86_64/wheel/./teccl/topologies
      copying build/lib/teccl/topologies/dgx1.py -> build/bdist.linux-x86_64/wheel/./teccl/topologies
      copying build/lib/teccl/topologies/rail_optimized_spine_leaf.py -> build/bdist.linux-x86_64/wheel/./teccl/topologies
      copying build/lib/teccl/topologies/dgx2.py -> build/bdist.linux-x86_64/wheel/./teccl/topologies
      copying build/lib/teccl/topologies/fat_tree_pod_single_spine.py -> build/bdist.linux-x86_64/wheel/./teccl/topologies
      copying build/lib/teccl/topologies/fat_tree_pod_single_spine_fat_uplink.py -> build/bdist.linux-x86_64/wheel/./teccl/topologies
      copying build/lib/teccl/topologies/topology.py -> build/bdist.linux-x86_64/wheel/./teccl/topologies
      copying build/lib/teccl/topologies/mesh.py -> build/bdist.linux-x86_64/wheel/./teccl/topologies
      copying build/lib/teccl/topologies/two_pod_rail.py -> build/bdist.linux-x86_64/wheel/./teccl/topologies
      copying build/lib/teccl/topologies/__init__.py -> build/bdist.linux-x86_64/wheel/./teccl/topologies
      copying build/lib/teccl/topologies/odd_pod.py -> build/bdist.linux-x86_64/wheel/./teccl/topologies
      copying build/lib/teccl/topologies/nested_cluster.py -> build/bdist.linux-x86_64/wheel/./teccl/topologies
      copying build/lib/teccl/topologies/incast_switch.py -> build/bdist.linux-x86_64/wheel/./teccl/topologies
      copying build/lib/teccl/topologies/objective_probes.py -> build/bdist.linux-x86_64/wheel/./teccl/topologies
      copying build/lib/teccl/topologies/hetero_tapered_cluster.py -> build/bdist.linux-x86_64/wheel/./teccl/topologies
      copying build/lib/teccl/topologies/star.py -> build/bdist.linux-x86_64/wheel/./teccl/topologies
      creating build/bdist.linux-x86_64/wheel/teccl/cli
      copying build/lib/teccl/cli/__init__.py -> build/bdist.linux-x86_64/wheel/./teccl/cli
      copying build/lib/teccl/cli/solve.py -> build/bdist.linux-x86_64/wheel/./teccl/cli
      copying build/lib/teccl/gurobi_env.py -> build/bdist.linux-x86_64/wheel/./teccl
      copying build/lib/teccl/__main__.py -> build/bdist.linux-x86_64/wheel/./teccl
      copying build/lib/teccl/input_data.py -> build/bdist.linux-x86_64/wheel/./teccl
      copying build/lib/teccl/__init__.py -> build/bdist.linux-x86_64/wheel/./teccl
      creating build/bdist.linux-x86_64/wheel/teccl/solvers
      copying build/lib/teccl/solvers/alltoall.py -> build/bdist.linux-x86_64/wheel/./teccl/solvers
      copying build/lib/teccl/solvers/allgather_astar.py -> build/bdist.linux-x86_64/wheel/./teccl/solvers
      copying build/lib/teccl/solvers/base_formulation.py -> build/bdist.linux-x86_64/wheel/./teccl/solvers
      copying build/lib/teccl/solvers/allgather.py -> build/bdist.linux-x86_64/wheel/./teccl/solvers
      copying build/lib/teccl/solvers/__init__.py -> build/bdist.linux-x86_64/wheel/./teccl/solvers
      copying build/lib/teccl/solvers/lp_formulation.py -> build/bdist.linux-x86_64/wheel/./teccl/solvers
      copying build/lib/teccl/solvers/demand.py -> build/bdist.linux-x86_64/wheel/./teccl/solvers
      running install_egg_info
      running egg_info
      writing teccl.egg-info/PKG-INFO
      writing dependency_links to teccl.egg-info/dependency_links.txt
      writing entry points to teccl.egg-info/entry_points.txt
      writing requirements to teccl.egg-info/requires.txt
      writing top-level names to teccl.egg-info/top_level.txt
      reading manifest file 'teccl.egg-info/SOURCES.txt'
      adding license file 'LICENSE'
      writing manifest file 'teccl.egg-info/SOURCES.txt'
      Copying teccl.egg-info to build/bdist.linux-x86_64/wheel/./teccl-1.0.0-py3.14.egg-info
      running install_scripts
      error: [Errno 17] File exists: 'build/bdist.linux-x86_64/wheel/teccl-1.0.0.dist-info'
      [end of output]
  
  note: This error originates from a subprocess, and is likely not a problem with pip.
  ERROR: Failed building wheel for teccl
error: failed-wheel-build-for-install

× Failed to build installable wheels for some pyproject.toml based projects
╰─> teccl
cpu-bind=MASK - lanka30, task  0  0 [3704574]: mask 0xff0000ff set
WARNING:root:Not_Optimal_ALLGATHER_LP_Status-10_TwoPodRailHostBound_14-nodes_1-chunks_80-epochs_0.17500153125000004-epoch_duration
WARNING:root:Not_Optimal_ALLGATHER_LP_Status-10_TwoPodRailHostBound_14-nodes_1-chunks_80-epochs_0.08750076562500002-epoch_duration
WARNING:root:Not_Optimal_ALLGATHER_LP_Status-10_TwoPodRailHostBound_14-nodes_1-chunks_80-epochs_0.04375038281250001-epoch_duration
WARNING:root:identity-grid margin is thin: snap tolerance 4e-05 (feasibility_tol 1e-05 amplified 4x for the reconstruction chain) against a snap radius of 0.00012207 (MAX_DENOM=64). Volumes will snap, but a slightly noisier solve would not. Consider feasibility_tol <= 7.62939e-06.
