Processing ./.
  Installing build dependencies: started
  Installing build dependencies: finished with status 'done'
  Getting requirements to build wheel: started
  Getting requirements to build wheel: finished with status 'done'
  Preparing metadata (pyproject.toml): started
  Preparing metadata (pyproject.toml): finished with status 'done'
Requirement already satisfied: dataclasses in /data/commit/graphit/wangyj05/miniconda3/envs/teccl/lib/python3.14t/site-packages (from teccl==1.0.0) (0.6)
Requirement already satisfied: argcomplete in /data/commit/graphit/wangyj05/miniconda3/envs/teccl/lib/python3.14t/site-packages (from teccl==1.0.0) (3.6.3)
Requirement already satisfied: gurobipy in /data/commit/graphit/wangyj05/miniconda3/envs/teccl/lib/python3.14t/site-packages (from teccl==1.0.0) (13.0.2)
Requirement already satisfied: numpy in /data/commit/graphit/wangyj05/miniconda3/envs/teccl/lib/python3.14t/site-packages (from teccl==1.0.0) (2.4.6)
Requirement already satisfied: seaborn in /data/commit/graphit/wangyj05/miniconda3/envs/teccl/lib/python3.14t/site-packages (from teccl==1.0.0) (0.13.2)
Requirement already satisfied: pandas>=1.2 in /data/commit/graphit/wangyj05/miniconda3/envs/teccl/lib/python3.14t/site-packages (from seaborn->teccl==1.0.0) (3.0.3)
Requirement already satisfied: matplotlib!=3.6.1,>=3.4 in /data/commit/graphit/wangyj05/miniconda3/envs/teccl/lib/python3.14t/site-packages (from seaborn->teccl==1.0.0) (3.11.0)
Requirement already satisfied: contourpy>=1.0.1 in /data/commit/graphit/wangyj05/miniconda3/envs/teccl/lib/python3.14t/site-packages (from matplotlib!=3.6.1,>=3.4->seaborn->teccl==1.0.0) (1.3.3)
Requirement already satisfied: cycler>=0.10 in /data/commit/graphit/wangyj05/miniconda3/envs/teccl/lib/python3.14t/site-packages (from matplotlib!=3.6.1,>=3.4->seaborn->teccl==1.0.0) (0.12.1)
Requirement already satisfied: fonttools>=4.22.0 in /data/commit/graphit/wangyj05/miniconda3/envs/teccl/lib/python3.14t/site-packages (from matplotlib!=3.6.1,>=3.4->seaborn->teccl==1.0.0) (4.63.0)
Requirement already satisfied: kiwisolver>=1.3.1 in /data/commit/graphit/wangyj05/miniconda3/envs/teccl/lib/python3.14t/site-packages (from matplotlib!=3.6.1,>=3.4->seaborn->teccl==1.0.0) (1.5.0)
Requirement already satisfied: packaging>=20.0 in /data/commit/graphit/wangyj05/miniconda3/envs/teccl/lib/python3.14t/site-packages (from matplotlib!=3.6.1,>=3.4->seaborn->teccl==1.0.0) (26.2)
Requirement already satisfied: pillow>=9 in /data/commit/graphit/wangyj05/miniconda3/envs/teccl/lib/python3.14t/site-packages (from matplotlib!=3.6.1,>=3.4->seaborn->teccl==1.0.0) (12.2.0)
Requirement already satisfied: pyparsing>=3 in /data/commit/graphit/wangyj05/miniconda3/envs/teccl/lib/python3.14t/site-packages (from matplotlib!=3.6.1,>=3.4->seaborn->teccl==1.0.0) (3.3.2)
Requirement already satisfied: python-dateutil>=2.7 in /data/commit/graphit/wangyj05/miniconda3/envs/teccl/lib/python3.14t/site-packages (from matplotlib!=3.6.1,>=3.4->seaborn->teccl==1.0.0) (2.9.0.post0)
Requirement already satisfied: six>=1.5 in /data/commit/graphit/wangyj05/miniconda3/envs/teccl/lib/python3.14t/site-packages (from python-dateutil>=2.7->matplotlib!=3.6.1,>=3.4->seaborn->teccl==1.0.0) (1.17.0)
Building wheels for collected packages: teccl
  Building wheel for teccl (pyproject.toml): started
  Building wheel for teccl (pyproject.toml): finished with status 'error'
Failed to build teccl
coarse topology: 5 nodes (3 cells + 2 switches), collective=allgather, which=lp
coarse demand volumes (U->V): {(0, 1): 4, (0, 2): 4, (1, 0): 4, (1, 2): 4, (2, 0): 6, (2, 1): 6}

=== LP (switch_copy=False, unicast) ===
Set parameter WLSAccessID
Set parameter WLSSecret
Set parameter LicenseID to value 2766017
Academic license 2766017 - for non-commercial use only - registered to wa___@mit.edu
Set parameter LogFile to value "Logs/ALLGATHER_LP_HeteroTaperedCluster_coarse_5-nodes_1-chunks_40-epochs_2.5000875000000002-epoch_duration_ObjectiveType.PAPER.log"
Set parameter LogToConsole to value 0
Set parameter LogFile to value "Logs/ALLGATHER_LP_HeteroTaperedCluster_coarse_5-nodes_1-chunks_11-epochs_0.02-epoch_duration_ObjectiveType.PAPER.log"
Set parameter LogToConsole to value 0

==============================================================================
RAW LP FLOW VARS  f_s_i_j_k = flow[source s][link i->j][epoch k]
(continuous volume, summed over all of source s's chunks; not yet per-chunk)
==============================================================================

-- source 0 --
   epoch 0:   0(gpu) ->  3(SW)   volume = 2.0
   epoch 0:   0(gpu) ->  4(SW)   volume = 2.0
   epoch 0:   3(SW) ->  2(gpu)   volume = 1.0
   epoch 0:   3(SW) ->  4(SW)   volume = 1.0
   epoch 0:   4(SW) ->  2(gpu)   volume = 3.0
   epoch 4:   0(gpu) ->  3(SW)   volume = 1.0
   epoch 4:   3(SW) ->  1(gpu)   volume = 1.0
   epoch 6:   0(gpu) ->  3(SW)   volume = 1.0
   epoch 6:   3(SW) ->  1(gpu)   volume = 1.0
   epoch 8:   0(gpu) ->  3(SW)   volume = 1.0
   epoch 8:   3(SW) ->  1(gpu)   volume = 1.0
   epoch 9:   0(gpu) ->  3(SW)   volume = 1.0
   epoch 9:   3(SW) ->  1(gpu)   volume = 1.0

-- source 1 --
   epoch 0:   1(gpu) ->  3(SW)   volume = 1.0
   epoch 0:   3(SW) ->  2(gpu)   volume = 1.0
   epoch 1:   1(gpu) ->  3(SW)   volume = 1.0
   epoch 1:   3(SW) ->  0(gpu)   volume = 1.0
   epoch 2:   1(gpu) ->  3(SW)   volume = 1.0
   epoch 2:   3(SW) ->  0(gpu)   volume = 1.0
   epoch 3:   1(gpu) ->  3(SW)   volume = 1.0
   epoch 3:   3(SW) ->  0(gpu)   volume = 1.0
   epoch 4:   1(gpu) ->  3(SW)   volume = 1.0
   epoch 4:   3(SW) ->  2(gpu)   volume = 1.0
   epoch 5:   1(gpu) ->  3(SW)   volume = 1.0
   epoch 5:   3(SW) ->  0(gpu)   volume = 1.0
   epoch 6:   1(gpu) ->  3(SW)   volume = 1.0
   epoch 6:   3(SW) ->  2(gpu)   volume = 1.0
   epoch 7:   1(gpu) ->  3(SW)   volume = 1.0
   epoch 7:   3(SW) ->  2(gpu)   volume = 1.0

-- source 2 --
   epoch 0:   2(gpu) ->  3(SW)   volume = 2.0
   epoch 0:   2(gpu) ->  4(SW)   volume = 3.0
   epoch 0:   3(SW) ->  0(gpu)   volume = 2.0
   epoch 0:   3(SW) ->  1(gpu)   volume = 1.0
   epoch 0:   4(SW) ->  0(gpu)   volume = 2.0
   epoch 0:   4(SW) ->  3(SW)   volume = 1.0
   epoch 1:   2(gpu) ->  3(SW)   volume = 1.0
   epoch 1:   2(gpu) ->  4(SW)   volume = 2.0
   epoch 1:   3(SW) ->  1(gpu)   volume = 1.0
   epoch 1:   4(SW) ->  0(gpu)   volume = 2.0
   epoch 2:   2(gpu) ->  3(SW)   volume = 1.0
   epoch 2:   3(SW) ->  1(gpu)   volume = 1.0
   epoch 3:   2(gpu) ->  3(SW)   volume = 1.0
   epoch 3:   3(SW) ->  1(gpu)   volume = 1.0
   epoch 5:   2(gpu) ->  3(SW)   volume = 1.0
   epoch 5:   3(SW) ->  1(gpu)   volume = 1.0
   epoch 7:   2(gpu) ->  3(SW)   volume = 1.0
   epoch 7:   3(SW) ->  1(gpu)   volume = 1.0

------------------------------------------------------------------------------
RAW CONSUMED VARS  T_s_d_k = consumed_at_k[source s][dest d][epoch k]
(volume of source s's demand absorbed AT destination d during epoch k)
------------------------------------------------------------------------------
   dest  0:  from source  1  epoch 1  consumed = 1.0
   dest  0:  from source  1  epoch 2  consumed = 1.0
   dest  0:  from source  1  epoch 3  consumed = 1.0
   dest  0:  from source  1  epoch 5  consumed = 1.0
   dest  0:  from source  2  epoch 0  consumed = 4.0
   dest  0:  from source  2  epoch 1  consumed = 2.0
   dest  1:  from source  0  epoch 4  consumed = 1.0
   dest  1:  from source  0  epoch 6  consumed = 1.0
   dest  1:  from source  0  epoch 8  consumed = 1.0
   dest  1:  from source  0  epoch 9  consumed = 1.0
   dest  1:  from source  2  epoch 0  consumed = 1.0
   dest  1:  from source  2  epoch 1  consumed = 1.0
   dest  1:  from source  2  epoch 2  consumed = 1.0
   dest  1:  from source  2  epoch 3  consumed = 1.0
   dest  1:  from source  2  epoch 5  consumed = 1.0
   dest  1:  from source  2  epoch 7  consumed = 1.0
   dest  2:  from source  0  epoch 0  consumed = 4.0
   dest  2:  from source  1  epoch 0  consumed = 1.0
   dest  2:  from source  1  epoch 4  consumed = 1.0
   dest  2:  from source  1  epoch 6  consumed = 1.0
   dest  2:  from source  1  epoch 7  consumed = 1.0
==============================================================================

Schedule written to Schedules/coarse_hetero_allgather_lp.json

--- identity resolution (allgather) ---
resolved inter-cell pieces: 31
intra-cell demands: 14 egress_stage, 31 ingress_distribution, 14 self_distribution
  cell 0 egress relays: ['1->0', '2->0', '3->0', '3->1']
  cell 1 egress relays: ['5->4', '6->4', '7->4']
  cell 2 egress relays: ['10->13', '10->8', '11->8', '12->11', '12->8', '13->8', '9->8']
identity resolution written to Schedules/coarse_hetero_allgather_identities.json

LP: epochs=10 finish=0.2 bw=15.0 solver_time=0.22066617012023926
