cpu-bind=MASK - lanka27, task  0  0 [218384]: mask 0xffffffffffff set
cpu-bind=MASK - lanka27, task  0  0 [218753]: mask 0xff0000ff set
Traceback (most recent call last):
  File "/data/commit/graphit/wangyj05/miniconda3/envs/teccl/bin/teccl", line 6, in <module>
    sys.exit(main())
             ~~~~^^
  File "/data/commit/graphit/wangyj05/workspace/TE-CCL/teccl/__main__.py", line 21, in main
    if handler(args, args.command):
       ~~~~~~~^^^^^^^^^^^^^^^^^^^^
  File "/data/commit/graphit/wangyj05/workspace/TE-CCL/teccl/cli/solve.py", line 41, in handler
    solver.solve()
    ~~~~~~~~~~~~^^
  File "/data/commit/graphit/wangyj05/workspace/TE-CCL/teccl/scheduler.py", line 370, in solve
    self.solve_hierarchy(start)
    ~~~~~~~~~~~~~~~~~~~~^^^^^^^
  File "/data/commit/graphit/wangyj05/workspace/TE-CCL/teccl/scheduler.py", line 338, in solve_hierarchy
    info, solution = solve_hierarchical(
                     ~~~~~~~~~~~~~~~~~~^
        topology, level_input, instance.collective, num_chunks,
        ^^^^^^^^^^^^^^^^^^^^^^^^^^^^^^^^^^^^^^^^^^^^^^^^^^^^^^^
        prefix=prefix, debug=instance.debug, level_chunk=instance.level_chunk)
        ^^^^^^^^^^^^^^^^^^^^^^^^^^^^^^^^^^^^^^^^^^^^^^^^^^^^^^^^^^^^^^^^^^^^^^
  File "/data/commit/graphit/wangyj05/workspace/TE-CCL/teccl/hierarchy/solve.py", line 630, in solve_hierarchical
    solution = solve_level(root, ctx)
  File "/data/commit/graphit/wangyj05/workspace/TE-CCL/teccl/hierarchy/solve.py", line 311, in solve_level
    return _solve_recursive(problem, ctx)
  File "/data/commit/graphit/wangyj05/workspace/TE-CCL/teccl/hierarchy/solve.py", line 390, in _solve_recursive
    res = _lower(solution, problem, coarse, mapping, fine_tensor, g, level_demand)
  File "/data/commit/graphit/wangyj05/workspace/TE-CCL/teccl/hierarchy/solve.py", line 465, in _lower
    assignments, targets, epoch = assign_identities_free(
                                  ~~~~~~~~~~~~~~~~~~~~~~^
        solution, mapping, fine_tensor, problem.topology, level_chunk=g,
        ^^^^^^^^^^^^^^^^^^^^^^^^^^^^^^^^^^^^^^^^^^^^^^^^^^^^^^^^^^^^^^^^
        relabel=relabel, holder_of=holder)
        ^^^^^^^^^^^^^^^^^^^^^^^^^^^^^^^^^^
  File "/data/commit/graphit/wangyj05/workspace/TE-CCL/teccl/hierarchy/reconstruct.py", line 1066, in assign_identities_free
    for h, v in _pick_ingress(slot, d, vol, tgt, cap, ingress_ledger):
                ~~~~~~~~~~~~~^^^^^^^^^^^^^^^^^^^^^^^^^^^^^^^^^^^^^^^^
  File "/data/commit/graphit/wangyj05/workspace/TE-CCL/teccl/hierarchy/reconstruct.py", line 501, in _pick_ingress
    raise RuntimeError(
    ...<5 lines>...
        f"absorb.")
RuntimeError: ingress capacity exhausted for cell 1 epoch 0: identity (10, 21) needs 1 but candidates {16: 0.0, 17: 0.0, 18: 0.0, 19: 0.0, 20: 0.0, 21: 0.0, 22: 0.0, 23: 0.0, 24: 0.0, 25: 0.0, 26: 0.0, 27: 0.0, 28: 0.0, 29: 0.0, 30: 0.0, 31: 0.0} have no room (per-epoch capacities {16: 1.0, 17: 1.0, 18: 1.0, 19: 1.0, 20: 1.0, 21: 1.0, 22: 1.0, 23: 1.0, 24: 1.0, 25: 1.0, 26: 1.0, 27: 1.0, 28: 1.0, 29: 1.0, 30: 1.0, 31: 1.0}). The coarse solve routed more into this cell in one epoch than its fine downlinks can absorb.
srun: error: lanka27: task 0: Exited with exit code 1
