cpu-bind=MASK - lanka27, task  0  0 [1971991]: mask 0xffffffffffff set
cpu-bind=MASK - lanka27, task  0  0 [1972399]: mask 0xff0000ff set
WARNING:root:Not_Optimal_ALLGATHER_LP_Status-10_TwoPodRail_14-nodes_1-chunks_80-epochs_28.000245000000007-epoch_duration
WARNING:root:Not_Optimal_ALLGATHER_LP_Status-10_TwoPodRail_14-nodes_1-chunks_80-epochs_14.000122500000003-epoch_duration
WARNING:root:Not_Optimal_ALLGATHER_LP_Status-10_TwoPodRail_14-nodes_1-chunks_80-epochs_7.000061250000002-epoch_duration
WARNING:root:Not_Optimal_ALLGATHER_LP_Status-10_TwoPodRail_14-nodes_1-chunks_80-epochs_3.500030625000001-epoch_duration
WARNING:root:Not_Optimal_ALLGATHER_LP_Status-10_TwoPodRail_14-nodes_1-chunks_80-epochs_1.7500153125000004-epoch_duration
WARNING:root:Not_Optimal_ALLGATHER_LP_Status-10_TwoPodRail_14-nodes_1-chunks_80-epochs_0.8750076562500002-epoch_duration
WARNING:root:Not_Optimal_ALLGATHER_LP_Status-10_TwoPodRail_14-nodes_1-chunks_80-epochs_0.4375038281250001-epoch_duration
WARNING:root:Not_Optimal_ALLGATHER_LP_Status-10_TwoPodRail_14-nodes_1-chunks_80-epochs_0.21875191406250005-epoch_duration
WARNING:root:Not_Optimal_ALLGATHER_LP_Status-10_TwoPodRail_14-nodes_1-chunks_80-epochs_0.10937595703125003-epoch_duration
WARNING:root:Not_Optimal_ALLGATHER_LP_Status-10_TwoPodRail_14-nodes_1-chunks_80-epochs_0.05468797851562501-epoch_duration
Traceback (most recent call last):
  File "/data/commit/graphit/wangyj05/miniconda3/envs/teccl/bin/teccl", line 6, in <module>
    sys.exit(main())
             ~~~~^^
  File "/data/commit/graphit/wangyj05/miniconda3/envs/teccl/lib/python3.14t/site-packages/teccl/__main__.py", line 21, in main
    if handler(args, args.command):
       ~~~~~~~^^^^^^^^^^^^^^^^^^^^
  File "/data/commit/graphit/wangyj05/miniconda3/envs/teccl/lib/python3.14t/site-packages/teccl/cli/solve.py", line 38, in handler
    solver.solve()
    ~~~~~~~~~~~~^^
  File "/data/commit/graphit/wangyj05/miniconda3/envs/teccl/lib/python3.14t/site-packages/teccl/scheduler.py", line 359, in solve
    self.solve_hierarchy(start)
    ~~~~~~~~~~~~~~~~~~~~^^^^^^^
  File "/data/commit/graphit/wangyj05/miniconda3/envs/teccl/lib/python3.14t/site-packages/teccl/scheduler.py", line 327, in solve_hierarchy
    info, solution = solve_hierarchical(
                     ~~~~~~~~~~~~~~~~~~^
        topology, level_input, instance.collective, num_chunks,
        ^^^^^^^^^^^^^^^^^^^^^^^^^^^^^^^^^^^^^^^^^^^^^^^^^^^^^^^
        prefix=prefix, debug=instance.debug, level_chunk=instance.level_chunk)
        ^^^^^^^^^^^^^^^^^^^^^^^^^^^^^^^^^^^^^^^^^^^^^^^^^^^^^^^^^^^^^^^^^^^^^^
  File "/data/commit/graphit/wangyj05/miniconda3/envs/teccl/lib/python3.14t/site-packages/teccl/hierarchy/solve.py", line 581, in solve_hierarchical
    solution = solve_level(root, ctx)
  File "/data/commit/graphit/wangyj05/miniconda3/envs/teccl/lib/python3.14t/site-packages/teccl/hierarchy/solve.py", line 262, in solve_level
    return _solve_recursive(problem, ctx)
  File "/data/commit/graphit/wangyj05/miniconda3/envs/teccl/lib/python3.14t/site-packages/teccl/hierarchy/solve.py", line 341, in _solve_recursive
    res = _lower(solution, problem, coarse, mapping, fine_tensor, g, level_demand)
  File "/data/commit/graphit/wangyj05/miniconda3/envs/teccl/lib/python3.14t/site-packages/teccl/hierarchy/solve.py", line 416, in _lower
    assignments, targets, epoch = assign_identities_free(
                                  ~~~~~~~~~~~~~~~~~~~~~~^
        solution, mapping, fine_tensor, problem.topology, level_chunk=g,
        ^^^^^^^^^^^^^^^^^^^^^^^^^^^^^^^^^^^^^^^^^^^^^^^^^^^^^^^^^^^^^^^^
        relabel=relabel, holder_of=holder)
        ^^^^^^^^^^^^^^^^^^^^^^^^^^^^^^^^^^
  File "/data/commit/graphit/wangyj05/miniconda3/envs/teccl/lib/python3.14t/site-packages/teccl/hierarchy/reconstruct.py", line 1006, in assign_identities_free
    assert abs(total_cap - len(identities)) < 1e-3, (
           ^^^^^^^^^^^^^^^^^^^^^^^^^^^^^^^^^^^^^^^
AssertionError: pair (0, 1): egress volume 2.499996 (level chunk 2) != identity count 2. pieces filed under (0, 1) are TRANSIT legs of other flows [origin (0, 4):vol=0.125, origin (0, 5):vol=0.124998]
srun: error: lanka27: task 0: Exited with exit code 1
