Set parameter WLSAccessID
Set parameter WLSSecret
Set parameter LicenseID to value 2766017
Academic license 2766017 - for non-commercial use only - registered to wa___@mit.edu
Set parameter LogFile to value "Logs/ALLGATHER_LP_DualPlaneHeteroClusterScattered_18-nodes_1-chunks_80-epochs_36.00031500000001-epoch_duration_ObjectiveType.LEXICOGRAPHIC_dp_scattered_hier.log"
Set parameter LogToConsole to value 0
Set parameter LogFile to value "Logs/ALLGATHER_LP_DualPlaneHeteroClusterScattered_18-nodes_1-chunks_12-epochs_0.02-epoch_duration_ObjectiveType.LEXICOGRAPHIC_dp_scattered_hier.log"
Set parameter LogToConsole to value 0

==============================================================================
RAW LP FLOW VARS  f_s_i_j_k = flow[source s][link i->j][epoch k]
(continuous volume, summed over all of source s's chunks; not yet per-chunk)
==============================================================================

-- source 0 --
   epoch 0:   0(gpu) ->  8(SW)   volume = 0.75
   epoch 0:   0(gpu) ->  9(SW)   volume = 0.625
   epoch 0:   0(gpu) -> 10(SW)   volume = 0.625
   epoch 0:   0(gpu) -> 11(SW)   volume = 0.75
   epoch 0:   0(gpu) -> 12(SW)   volume = 0.625
   epoch 0:   0(gpu) -> 13(SW)   volume = 0.625
   epoch 0:   8(SW) ->  2(gpu)   volume = 0.625
   epoch 0:   8(SW) ->  3(gpu)   volume = 0.125
   epoch 0:   9(SW) ->  1(gpu)   volume = 0.25
   epoch 0:   9(SW) ->  7(gpu)   volume = 0.375
   epoch 0:  10(SW) ->  2(gpu)   volume = 0.5
   epoch 0:  10(SW) ->  5(gpu)   volume = 0.125
   epoch 0:  11(SW) ->  1(gpu)   volume = 0.375
   epoch 0:  11(SW) ->  4(gpu)   volume = 0.25
   epoch 0:  11(SW) ->  6(gpu)   volume = 0.125
   epoch 0:  12(SW) ->  1(gpu)   volume = 0.5
   epoch 0:  12(SW) ->  4(gpu)   volume = 0.125
   epoch 0:  13(SW) ->  2(gpu)   volume = 0.5
   epoch 0:  13(SW) ->  7(gpu)   volume = 0.125
   epoch 1:   0(gpu) ->  8(SW)   volume = 0.75
   epoch 1:   0(gpu) ->  9(SW)   volume = 0.625
   epoch 1:   0(gpu) -> 10(SW)   volume = 0.625
   epoch 1:   0(gpu) -> 11(SW)   volume = 0.75
   epoch 1:   0(gpu) -> 12(SW)   volume = 0.625
   epoch 1:   0(gpu) -> 13(SW)   volume = 0.625
   epoch 1:   8(SW) ->  3(gpu)   volume = 0.75
   epoch 1:   9(SW) ->  3(gpu)   volume = 0.25
   epoch 1:   9(SW) ->  5(gpu)   volume = 0.375
   epoch 1:  10(SW) ->  1(gpu)   volume = 0.5
   epoch 1:  10(SW) ->  6(gpu)   volume = 0.125
   epoch 1:  11(SW) ->  3(gpu)   volume = 0.625
   epoch 1:  11(SW) ->  5(gpu)   volume = 0.125
   epoch 1:  12(SW) ->  2(gpu)   volume = 0.375
   epoch 1:  12(SW) ->  3(gpu)   volume = 0.25
   epoch 1:  13(SW) ->  1(gpu)   volume = 0.375
   epoch 1:  13(SW) ->  6(gpu)   volume = 0.25
   epoch 2:   0(gpu) ->  8(SW)   volume = 0.75
   epoch 2:   0(gpu) ->  9(SW)   volume = 0.5
   epoch 2:   0(gpu) -> 10(SW)   volume = 0.375
   epoch 2:   0(gpu) -> 11(SW)   volume = 0.625
   epoch 2:   0(gpu) -> 12(SW)   volume = 0.375
   epoch 2:   0(gpu) -> 13(SW)   volume = 0.625
   epoch 2:   8(SW) ->  4(gpu)   volume = 0.25
   epoch 2:   8(SW) ->  5(gpu)   volume = 0.375
   epoch 2:   8(SW) ->  6(gpu)   volume = 0.125
   epoch 2:   9(SW) ->  4(gpu)   volume = 0.125
   epoch 2:   9(SW) ->  5(gpu)   volume = 0.375
   epoch 2:  10(SW) ->  6(gpu)   volume = 0.375
   epoch 2:  11(SW) ->  6(gpu)   volume = 0.375
   epoch 2:  11(SW) ->  7(gpu)   volume = 0.25
   epoch 2:  12(SW) ->  5(gpu)   volume = 0.375
   epoch 2:  13(SW) ->  6(gpu)   volume = 0.25
   epoch 2:  13(SW) ->  7(gpu)   volume = 0.375
   epoch 3:   0(gpu) ->  9(SW)   volume = 0.125
   epoch 3:   0(gpu) -> 10(SW)   volume = 0.625
   epoch 3:   0(gpu) -> 12(SW)   volume = 0.625
   epoch 3:   0(gpu) -> 13(SW)   volume = 0.625
   epoch 3:   9(SW) ->  4(gpu)   volume = 0.125
   epoch 3:  10(SW) ->  5(gpu)   volume = 0.25
   epoch 3:  10(SW) ->  7(gpu)   volume = 0.375
   epoch 3:  12(SW) ->  4(gpu)   volume = 0.375
   epoch 3:  12(SW) ->  7(gpu)   volume = 0.25
   epoch 3:  13(SW) ->  4(gpu)   volume = 0.375
   epoch 3:  13(SW) ->  6(gpu)   volume = 0.25
   epoch 4:   0(gpu) ->  8(SW)   volume = 0.125
   epoch 4:   0(gpu) ->  9(SW)   volume = 0.375
   epoch 4:   0(gpu) -> 13(SW)   volume = 0.25
   epoch 4:   8(SW) ->  6(gpu)   volume = 0.125
   epoch 4:   9(SW) ->  4(gpu)   volume = 0.375
   epoch 4:  13(SW) ->  7(gpu)   volume = 0.25

-- source 1 --
   epoch 0:   1(gpu) ->  8(SW)   volume = 0.625
   epoch 0:   1(gpu) ->  9(SW)   volume = 0.75
   epoch 0:   1(gpu) -> 10(SW)   volume = 0.625
   epoch 0:   1(gpu) -> 11(SW)   volume = 0.625
   epoch 0:   1(gpu) -> 12(SW)   volume = 0.75
   epoch 0:   1(gpu) -> 13(SW)   volume = 0.625
   epoch 0:   8(SW) ->  3(gpu)   volume = 0.125
   epoch 0:   8(SW) ->  5(gpu)   volume = 0.375
   epoch 0:   8(SW) ->  7(gpu)   volume = 0.125
   epoch 0:   9(SW) ->  3(gpu)   volume = 0.375
   epoch 0:   9(SW) ->  4(gpu)   volume = 0.375
   epoch 0:  10(SW) ->  0(gpu)   volume = 0.25
   epoch 0:  10(SW) ->  3(gpu)   volume = 0.375
   epoch 0:  11(SW) ->  0(gpu)   volume = 0.625
   epoch 0:  12(SW) ->  0(gpu)   volume = 0.25
   epoch 0:  12(SW) ->  4(gpu)   volume = 0.25
   epoch 0:  12(SW) ->  7(gpu)   volume = 0.25
   epoch 0:  13(SW) ->  3(gpu)   volume = 0.625
   epoch 1:   1(gpu) ->  8(SW)   volume = 0.625
   epoch 1:   1(gpu) ->  9(SW)   volume = 0.75
   epoch 1:   1(gpu) -> 10(SW)   volume = 0.625
   epoch 1:   1(gpu) -> 11(SW)   volume = 0.625
   epoch 1:   1(gpu) -> 12(SW)   volume = 0.75
   epoch 1:   1(gpu) -> 13(SW)   volume = 0.625
   epoch 1:   8(SW) ->  2(gpu)   volume = 0.375
   epoch 1:   8(SW) ->  7(gpu)   volume = 0.25
   epoch 1:   9(SW) ->  4(gpu)   volume = 0.375
   epoch 1:   9(SW) ->  7(gpu)   volume = 0.375
   epoch 1:  10(SW) ->  2(gpu)   volume = 0.625
   epoch 1:  11(SW) ->  2(gpu)   volume = 0.375
   epoch 1:  11(SW) ->  7(gpu)   volume = 0.25
   epoch 1:  12(SW) ->  2(gpu)   volume = 0.25
   epoch 1:  12(SW) ->  3(gpu)   volume = 0.125
   epoch 1:  12(SW) ->  7(gpu)   volume = 0.375
   epoch 1:  13(SW) ->  2(gpu)   volume = 0.375
   epoch 1:  13(SW) ->  4(gpu)   volume = 0.125
   epoch 1:  13(SW) ->  6(gpu)   volume = 0.125
   epoch 2:   1(gpu) ->  8(SW)   volume = 0.625
   epoch 2:   1(gpu) ->  9(SW)   volume = 0.625
   epoch 2:   1(gpu) -> 11(SW)   volume = 0.625
   epoch 2:   1(gpu) -> 12(SW)   volume = 0.375
   epoch 2:   8(SW) ->  0(gpu)   volume = 0.5
   epoch 2:   8(SW) ->  3(gpu)   volume = 0.125
   epoch 2:   9(SW) ->  4(gpu)   volume = 0.25
   epoch 2:   9(SW) ->  7(gpu)   volume = 0.375
   epoch 2:  11(SW) ->  0(gpu)   volume = 0.375
   epoch 2:  11(SW) ->  3(gpu)   volume = 0.25
   epoch 2:  12(SW) ->  4(gpu)   volume = 0.375
   epoch 3:   1(gpu) ->  9(SW)   volume = 0.375
   epoch 3:   1(gpu) -> 10(SW)   volume = 0.25
   epoch 3:   1(gpu) -> 11(SW)   volume = 0.5
   epoch 3:   1(gpu) -> 12(SW)   volume = 0.375
   epoch 3:   1(gpu) -> 13(SW)   volume = 0.375
   epoch 3:   9(SW) ->  5(gpu)   volume = 0.375
   epoch 3:  10(SW) ->  6(gpu)   volume = 0.25
   epoch 3:  11(SW) ->  5(gpu)   volume = 0.125
   epoch 3:  11(SW) ->  6(gpu)   volume = 0.375
   epoch 3:  12(SW) ->  5(gpu)   volume = 0.375
   epoch 3:  13(SW) ->  5(gpu)   volume = 0.25
   epoch 3:  13(SW) ->  6(gpu)   volume = 0.125
   epoch 4:   1(gpu) ->  8(SW)   volume = 0.25
   epoch 4:   1(gpu) ->  9(SW)   volume = 0.625
   epoch 4:   1(gpu) -> 12(SW)   volume = 0.25
   epoch 4:   1(gpu) -> 13(SW)   volume = 0.125
   epoch 4:   8(SW) ->  4(gpu)   volume = 0.25
   epoch 4:   9(SW) ->  5(gpu)   volume = 0.375
   epoch 4:   9(SW) ->  6(gpu)   volume = 0.25
   epoch 4:  12(SW) ->  6(gpu)   volume = 0.25
   epoch 4:  13(SW) ->  5(gpu)   volume = 0.125
   epoch 5:   1(gpu) ->  8(SW)   volume = 0.375
   epoch 5:   1(gpu) -> 12(SW)   volume = 0.25
   epoch 5:   8(SW) ->  6(gpu)   volume = 0.375
   epoch 5:  12(SW) ->  6(gpu)   volume = 0.25

-- source 2 --
   epoch 0:   2(gpu) ->  8(SW)   volume = 0.625
   epoch 0:   2(gpu) ->  9(SW)   volume = 0.625
   epoch 0:   2(gpu) -> 10(SW)   volume = 0.75
   epoch 0:   2(gpu) -> 11(SW)   volume = 0.625
   epoch 0:   2(gpu) -> 12(SW)   volume = 0.625
   epoch 0:   2(gpu) -> 13(SW)   volume = 0.75
   epoch 0:   8(SW) ->  3(gpu)   volume = 0.25
   epoch 0:   8(SW) ->  6(gpu)   volume = 0.375
   epoch 0:   9(SW) ->  0(gpu)   volume = 0.625
   epoch 0:  10(SW) ->  0(gpu)   volume = 0.375
   epoch 0:  10(SW) ->  7(gpu)   volume = 0.375
   epoch 0:  11(SW) ->  3(gpu)   volume = 0.375
   epoch 0:  11(SW) ->  6(gpu)   volume = 0.25
   epoch 0:  12(SW) ->  3(gpu)   volume = 0.625
   epoch 0:  13(SW) ->  0(gpu)   volume = 0.5
   epoch 0:  13(SW) ->  7(gpu)   volume = 0.25
   epoch 1:   2(gpu) ->  8(SW)   volume = 0.625
   epoch 1:   2(gpu) ->  9(SW)   volume = 0.625
   epoch 1:   2(gpu) -> 10(SW)   volume = 0.75
   epoch 1:   2(gpu) -> 11(SW)   volume = 0.625
   epoch 1:   2(gpu) -> 12(SW)   volume = 0.625
   epoch 1:   2(gpu) -> 13(SW)   volume = 0.75
   epoch 1:   8(SW) ->  1(gpu)   volume = 0.625
   epoch 1:   9(SW) ->  1(gpu)   volume = 0.625
   epoch 1:  10(SW) ->  4(gpu)   volume = 0.375
   epoch 1:  10(SW) ->  7(gpu)   volume = 0.375
   epoch 1:  11(SW) ->  1(gpu)   volume = 0.375
   epoch 1:  11(SW) ->  4(gpu)   volume = 0.25
   epoch 1:  12(SW) ->  0(gpu)   volume = 0.125
   epoch 1:  12(SW) ->  1(gpu)   volume = 0.375
   epoch 1:  12(SW) ->  4(gpu)   volume = 0.125
   epoch 1:  13(SW) ->  4(gpu)   volume = 0.25
   epoch 1:  13(SW) ->  5(gpu)   volume = 0.125
   epoch 1:  13(SW) ->  7(gpu)   volume = 0.375
   epoch 2:   2(gpu) ->  8(SW)   volume = 0.625
   epoch 2:   2(gpu) -> 10(SW)   volume = 0.75
   epoch 2:   2(gpu) -> 11(SW)   volume = 0.5
   epoch 2:   2(gpu) -> 13(SW)   volume = 0.375
   epoch 2:   8(SW) ->  3(gpu)   volume = 0.625
   epoch 2:  10(SW) ->  4(gpu)   volume = 0.375
   epoch 2:  10(SW) ->  7(gpu)   volume = 0.375
   epoch 2:  11(SW) ->  0(gpu)   volume = 0.375
   epoch 2:  11(SW) ->  3(gpu)   volume = 0.125
   epoch 2:  13(SW) ->  4(gpu)   volume = 0.375
   epoch 3:   2(gpu) ->  8(SW)   volume = 0.5
   epoch 3:   2(gpu) ->  9(SW)   volume = 0.25
   epoch 3:   2(gpu) -> 10(SW)   volume = 0.375
   epoch 3:   2(gpu) -> 12(SW)   volume = 0.25
   epoch 3:   8(SW) ->  5(gpu)   volume = 0.375
   epoch 3:   8(SW) ->  7(gpu)   volume = 0.125
   epoch 3:   9(SW) ->  6(gpu)   volume = 0.25
   epoch 3:  10(SW) ->  4(gpu)   volume = 0.25
   epoch 3:  10(SW) ->  6(gpu)   volume = 0.125
   epoch 3:  12(SW) ->  6(gpu)   volume = 0.25
   epoch 4:   2(gpu) -> 10(SW)   volume = 0.375
   epoch 4:   2(gpu) -> 11(SW)   volume = 0.375
   epoch 4:   2(gpu) -> 12(SW)   volume = 0.375
   epoch 4:   2(gpu) -> 13(SW)   volume = 0.25
   epoch 4:  10(SW) ->  6(gpu)   volume = 0.375
   epoch 4:  11(SW) ->  5(gpu)   volume = 0.375
   epoch 4:  12(SW) ->  5(gpu)   volume = 0.375
   epoch 4:  13(SW) ->  5(gpu)   volume = 0.125
   epoch 4:  13(SW) ->  7(gpu)   volume = 0.125
   epoch 5:   2(gpu) ->  8(SW)   volume = 0.375
   epoch 5:   2(gpu) -> 10(SW)   volume = 0.25
   epoch 5:   2(gpu) -> 13(SW)   volume = 0.375
   epoch 5:   8(SW) ->  5(gpu)   volume = 0.375
   epoch 5:  10(SW) ->  5(gpu)   volume = 0.25
   epoch 5:  13(SW) ->  6(gpu)   volume = 0.375

-- source 3 --
   epoch 0:   3(gpu) ->  8(SW)   volume = 0.75
   epoch 0:   3(gpu) ->  9(SW)   volume = 0.625
   epoch 0:   3(gpu) -> 10(SW)   volume = 0.625
   epoch 0:   3(gpu) -> 11(SW)   volume = 0.75
   epoch 0:   3(gpu) -> 12(SW)   volume = 0.625
   epoch 0:   3(gpu) -> 13(SW)   volume = 0.625
   epoch 0:   8(SW) ->  0(gpu)   volume = 0.125
   epoch 0:   8(SW) ->  1(gpu)   volume = 0.625
   epoch 0:   9(SW) ->  1(gpu)   volume = 0.5
   epoch 0:   9(SW) ->  2(gpu)   volume = 0.125
   epoch 0:  10(SW) ->  1(gpu)   volume = 0.5
   epoch 0:  10(SW) ->  4(gpu)   volume = 0.125
   epoch 0:  11(SW) ->  2(gpu)   volume = 0.5
   epoch 0:  11(SW) ->  5(gpu)   volume = 0.25
   epoch 0:  12(SW) ->  2(gpu)   volume = 0.5
   epoch 0:  12(SW) ->  7(gpu)   volume = 0.125
   epoch 0:  13(SW) ->  1(gpu)   volume = 0.25
   epoch 0:  13(SW) ->  4(gpu)   volume = 0.375
   epoch 1:   3(gpu) ->  8(SW)   volume = 0.75
   epoch 1:   3(gpu) ->  9(SW)   volume = 0.625
   epoch 1:   3(gpu) -> 10(SW)   volume = 0.625
   epoch 1:   3(gpu) -> 11(SW)   volume = 0.75
   epoch 1:   3(gpu) -> 12(SW)   volume = 0.625
   epoch 1:   3(gpu) -> 13(SW)   volume = 0.625
   epoch 1:   8(SW) ->  0(gpu)   volume = 0.375
   epoch 1:   8(SW) ->  2(gpu)   volume = 0.125
   epoch 1:   8(SW) ->  4(gpu)   volume = 0.25
   epoch 1:   9(SW) ->  2(gpu)   volume = 0.625
   epoch 1:  10(SW) ->  0(gpu)   volume = 0.5
   epoch 1:  10(SW) ->  1(gpu)   volume = 0.125
   epoch 1:  11(SW) ->  0(gpu)   volume = 0.5
   epoch 1:  11(SW) ->  2(gpu)   volume = 0.125
   epoch 1:  11(SW) ->  6(gpu)   volume = 0.125
   epoch 1:  12(SW) ->  4(gpu)   volume = 0.25
   epoch 1:  12(SW) ->  5(gpu)   volume = 0.125
   epoch 1:  12(SW) ->  6(gpu)   volume = 0.25
   epoch 1:  13(SW) ->  0(gpu)   volume = 0.5
   epoch 1:  13(SW) ->  5(gpu)   volume = 0.125
   epoch 2:   3(gpu) ->  8(SW)   volume = 0.5
   epoch 2:   3(gpu) ->  9(SW)   volume = 0.25
   epoch 2:   3(gpu) -> 10(SW)   volume = 0.25
   epoch 2:   3(gpu) -> 11(SW)   volume = 0.625
   epoch 2:   3(gpu) -> 12(SW)   volume = 0.5
   epoch 2:   3(gpu) -> 13(SW)   volume = 0.375
   epoch 2:   8(SW) ->  6(gpu)   volume = 0.25
   epoch 2:   8(SW) ->  7(gpu)   volume = 0.25
   epoch 2:   9(SW) ->  6(gpu)   volume = 0.25
   epoch 2:  10(SW) ->  5(gpu)   volume = 0.25
   epoch 2:  11(SW) ->  4(gpu)   volume = 0.25
   epoch 2:  11(SW) ->  5(gpu)   volume = 0.375
   epoch 2:  12(SW) ->  6(gpu)   volume = 0.25
   epoch 2:  12(SW) ->  7(gpu)   volume = 0.25
   epoch 2:  13(SW) ->  5(gpu)   volume = 0.25
   epoch 2:  13(SW) ->  6(gpu)   volume = 0.125
   epoch 3:   3(gpu) ->  8(SW)   volume = 0.125
   epoch 3:   3(gpu) ->  9(SW)   volume = 0.625
   epoch 3:   3(gpu) -> 10(SW)   volume = 0.125
   epoch 3:   3(gpu) -> 12(SW)   volume = 0.125
   epoch 3:   3(gpu) -> 13(SW)   volume = 0.375
   epoch 3:   8(SW) ->  6(gpu)   volume = 0.125
   epoch 3:   9(SW) ->  4(gpu)   volume = 0.25
   epoch 3:   9(SW) ->  7(gpu)   volume = 0.375
   epoch 3:  10(SW) ->  4(gpu)   volume = 0.125
   epoch 3:  12(SW) ->  7(gpu)   volume = 0.125
   epoch 3:  13(SW) ->  7(gpu)   volume = 0.375
   epoch 4:   3(gpu) ->  8(SW)   volume = 0.375
   epoch 4:   3(gpu) -> 10(SW)   volume = 0.625
   epoch 4:   3(gpu) -> 11(SW)   volume = 0.375
   epoch 4:   3(gpu) -> 12(SW)   volume = 0.375
   epoch 4:   3(gpu) -> 13(SW)   volume = 0.375
   epoch 4:   8(SW) ->  5(gpu)   volume = 0.375
   epoch 4:  10(SW) ->  4(gpu)   volume = 0.375
   epoch 4:  10(SW) ->  5(gpu)   volume = 0.25
   epoch 4:  11(SW) ->  6(gpu)   volume = 0.25
   epoch 4:  11(SW) ->  7(gpu)   volume = 0.125
   epoch 4:  12(SW) ->  7(gpu)   volume = 0.375
   epoch 4:  13(SW) ->  6(gpu)   volume = 0.375

-- source 4 --
   epoch 0:   4(gpu) ->  8(SW)   volume = 0.25
   epoch 0:   4(gpu) ->  9(SW)   volume = 0.375
   epoch 0:   4(gpu) -> 10(SW)   volume = 0.375
   epoch 0:   4(gpu) -> 11(SW)   volume = 0.25
   epoch 0:   4(gpu) -> 12(SW)   volume = 0.375
   epoch 0:   4(gpu) -> 13(SW)   volume = 0.375
   epoch 0:   8(SW) ->  3(gpu)   volume = 0.125
   epoch 0:   8(SW) ->  7(gpu)   volume = 0.125
   epoch 0:   9(SW) ->  2(gpu)   volume = 0.125
   epoch 0:   9(SW) ->  5(gpu)   volume = 0.25
   epoch 0:  10(SW) ->  6(gpu)   volume = 0.375
   epoch 0:  11(SW) ->  7(gpu)   volume = 0.25
   epoch 0:  12(SW) ->  5(gpu)   volume = 0.375
   epoch 0:  13(SW) ->  1(gpu)   volume = 0.125
   epoch 0:  13(SW) ->  6(gpu)   volume = 0.25
   epoch 1:   4(gpu) ->  8(SW)   volume = 0.25
   epoch 1:   4(gpu) ->  9(SW)   volume = 0.375
   epoch 1:   4(gpu) -> 10(SW)   volume = 0.375
   epoch 1:   4(gpu) -> 11(SW)   volume = 0.25
   epoch 1:   4(gpu) -> 12(SW)   volume = 0.375
   epoch 1:   4(gpu) -> 13(SW)   volume = 0.375
   epoch 1:   8(SW) ->  0(gpu)   volume = 0.125
   epoch 1:   8(SW) ->  5(gpu)   volume = 0.125
   epoch 1:   9(SW) ->  0(gpu)   volume = 0.25
   epoch 1:   9(SW) ->  3(gpu)   volume = 0.125
   epoch 1:  10(SW) ->  3(gpu)   volume = 0.375
   epoch 1:  11(SW) ->  0(gpu)   volume = 0.25
   epoch 1:  12(SW) ->  0(gpu)   volume = 0.375
   epoch 1:  13(SW) ->  3(gpu)   volume = 0.375
   epoch 2:   4(gpu) ->  8(SW)   volume = 0.25
   epoch 2:   4(gpu) ->  9(SW)   volume = 0.375
   epoch 2:   4(gpu) -> 10(SW)   volume = 0.375
   epoch 2:   4(gpu) -> 12(SW)   volume = 0.375
   epoch 2:   4(gpu) -> 13(SW)   volume = 0.375
   epoch 2:   8(SW) ->  1(gpu)   volume = 0.25
   epoch 2:   9(SW) ->  1(gpu)   volume = 0.375
   epoch 2:  10(SW) ->  2(gpu)   volume = 0.375
   epoch 2:  12(SW) ->  1(gpu)   volume = 0.25
   epoch 2:  12(SW) ->  2(gpu)   volume = 0.125
   epoch 2:  13(SW) ->  2(gpu)   volume = 0.375
   epoch 3:   4(gpu) ->  8(SW)   volume = 0.25
   epoch 3:   8(SW) ->  6(gpu)   volume = 0.25
   epoch 4:   4(gpu) ->  8(SW)   volume = 0.25
   epoch 4:   4(gpu) -> 11(SW)   volume = 0.25
   epoch 4:   8(SW) ->  7(gpu)   volume = 0.25
   epoch 4:  11(SW) ->  6(gpu)   volume = 0.125
   epoch 4:  11(SW) ->  7(gpu)   volume = 0.125
   epoch 5:   4(gpu) ->  9(SW)   volume = 0.25
   epoch 5:   4(gpu) -> 11(SW)   volume = 0.25
   epoch 5:   9(SW) ->  7(gpu)   volume = 0.25
   epoch 5:  11(SW) ->  5(gpu)   volume = 0.25

-- source 5 --
   epoch 0:   5(gpu) ->  8(SW)   volume = 0.375
   epoch 0:   5(gpu) ->  9(SW)   volume = 0.375
   epoch 0:   5(gpu) -> 10(SW)   volume = 0.25
   epoch 0:   5(gpu) -> 11(SW)   volume = 0.375
   epoch 0:   5(gpu) -> 12(SW)   volume = 0.375
   epoch 0:   5(gpu) -> 13(SW)   volume = 0.25
   epoch 0:   8(SW) ->  0(gpu)   volume = 0.375
   epoch 0:   9(SW) ->  2(gpu)   volume = 0.375
   epoch 0:  10(SW) ->  3(gpu)   volume = 0.25
   epoch 0:  11(SW) ->  3(gpu)   volume = 0.375
   epoch 0:  12(SW) ->  0(gpu)   volume = 0.375
   epoch 0:  13(SW) ->  2(gpu)   volume = 0.25
   epoch 1:   5(gpu) ->  8(SW)   volume = 0.375
   epoch 1:   5(gpu) ->  9(SW)   volume = 0.375
   epoch 1:   5(gpu) -> 10(SW)   volume = 0.25
   epoch 1:   5(gpu) -> 11(SW)   volume = 0.375
   epoch 1:   5(gpu) -> 12(SW)   volume = 0.375
   epoch 1:   5(gpu) -> 13(SW)   volume = 0.25
   epoch 1:   8(SW) ->  6(gpu)   volume = 0.375
   epoch 1:   9(SW) ->  1(gpu)   volume = 0.125
   epoch 1:   9(SW) ->  6(gpu)   volume = 0.25
   epoch 1:  10(SW) ->  6(gpu)   volume = 0.25
   epoch 1:  11(SW) ->  1(gpu)   volume = 0.25
   epoch 1:  11(SW) ->  6(gpu)   volume = 0.125
   epoch 1:  12(SW) ->  1(gpu)   volume = 0.375
   epoch 1:  13(SW) ->  1(gpu)   volume = 0.25
   epoch 2:   5(gpu) ->  9(SW)   volume = 0.375
   epoch 2:   5(gpu) -> 11(SW)   volume = 0.375
   epoch 2:   5(gpu) -> 12(SW)   volume = 0.375
   epoch 2:   9(SW) ->  2(gpu)   volume = 0.375
   epoch 2:  11(SW) ->  3(gpu)   volume = 0.375
   epoch 2:  12(SW) ->  0(gpu)   volume = 0.25
   epoch 2:  12(SW) ->  7(gpu)   volume = 0.125
   epoch 3:   5(gpu) ->  8(SW)   volume = 0.25
   epoch 3:   5(gpu) -> 11(SW)   volume = 0.25
   epoch 3:   8(SW) ->  4(gpu)   volume = 0.25
   epoch 3:  11(SW) ->  7(gpu)   volume = 0.25
   epoch 4:   5(gpu) ->  9(SW)   volume = 0.375
   epoch 4:   5(gpu) -> 12(SW)   volume = 0.375
   epoch 4:   9(SW) ->  7(gpu)   volume = 0.375
   epoch 4:  12(SW) ->  4(gpu)   volume = 0.375
   epoch 5:   5(gpu) -> 10(SW)   volume = 0.25
   epoch 5:   5(gpu) -> 12(SW)   volume = 0.375
   epoch 5:  10(SW) ->  4(gpu)   volume = 0.25
   epoch 5:  12(SW) ->  4(gpu)   volume = 0.125
   epoch 5:  12(SW) ->  7(gpu)   volume = 0.25

-- source 6 --
   epoch 0:   6(gpu) ->  8(SW)   volume = 0.375
   epoch 0:   6(gpu) ->  9(SW)   volume = 0.25
   epoch 0:   6(gpu) -> 10(SW)   volume = 0.375
   epoch 0:   6(gpu) -> 11(SW)   volume = 0.375
   epoch 0:   6(gpu) -> 12(SW)   volume = 0.25
   epoch 0:   6(gpu) -> 13(SW)   volume = 0.375
   epoch 0:   8(SW) ->  0(gpu)   volume = 0.25
   epoch 0:   8(SW) ->  3(gpu)   volume = 0.125
   epoch 0:   9(SW) ->  3(gpu)   volume = 0.25
   epoch 0:  10(SW) ->  1(gpu)   volume = 0.125
   epoch 0:  10(SW) ->  2(gpu)   volume = 0.25
   epoch 0:  11(SW) ->  0(gpu)   volume = 0.125
   epoch 0:  11(SW) ->  1(gpu)   volume = 0.25
   epoch 0:  12(SW) ->  1(gpu)   volume = 0.25
   epoch 0:  13(SW) ->  0(gpu)   volume = 0.125
   epoch 0:  13(SW) ->  1(gpu)   volume = 0.25
   epoch 1:   6(gpu) ->  8(SW)   volume = 0.375
   epoch 1:   6(gpu) ->  9(SW)   volume = 0.25
   epoch 1:   6(gpu) -> 10(SW)   volume = 0.375
   epoch 1:   6(gpu) -> 11(SW)   volume = 0.375
   epoch 1:   6(gpu) -> 12(SW)   volume = 0.25
   epoch 1:   6(gpu) -> 13(SW)   volume = 0.375
   epoch 1:   8(SW) ->  2(gpu)   volume = 0.125
   epoch 1:   8(SW) ->  5(gpu)   volume = 0.25
   epoch 1:   9(SW) ->  3(gpu)   volume = 0.25
   epoch 1:  10(SW) ->  2(gpu)   volume = 0.125
   epoch 1:  10(SW) ->  5(gpu)   volume = 0.25
   epoch 1:  11(SW) ->  2(gpu)   volume = 0.125
   epoch 1:  11(SW) ->  5(gpu)   volume = 0.25
   epoch 1:  12(SW) ->  5(gpu)   volume = 0.25
   epoch 1:  13(SW) ->  2(gpu)   volume = 0.375
   epoch 2:   6(gpu) ->  8(SW)   volume = 0.25
   epoch 2:   6(gpu) -> 10(SW)   volume = 0.375
   epoch 2:   6(gpu) -> 13(SW)   volume = 0.375
   epoch 2:   8(SW) ->  0(gpu)   volume = 0.25
   epoch 2:  10(SW) ->  3(gpu)   volume = 0.375
   epoch 2:  13(SW) ->  0(gpu)   volume = 0.25
   epoch 2:  13(SW) ->  1(gpu)   volume = 0.125
   epoch 3:   6(gpu) ->  8(SW)   volume = 0.125
   epoch 3:   6(gpu) -> 11(SW)   volume = 0.25
   epoch 3:   8(SW) ->  7(gpu)   volume = 0.125
   epoch 3:  11(SW) ->  4(gpu)   volume = 0.25
   epoch 4:   6(gpu) -> 10(SW)   volume = 0.375
   epoch 4:   6(gpu) -> 13(SW)   volume = 0.375
   epoch 4:  10(SW) ->  7(gpu)   volume = 0.375
   epoch 4:  13(SW) ->  4(gpu)   volume = 0.375
   epoch 5:   6(gpu) ->  9(SW)   volume = 0.125
   epoch 5:   6(gpu) -> 10(SW)   volume = 0.375
   epoch 5:   6(gpu) -> 13(SW)   volume = 0.375
   epoch 5:   9(SW) ->  7(gpu)   volume = 0.125
   epoch 5:  10(SW) ->  7(gpu)   volume = 0.375
   epoch 5:  13(SW) ->  4(gpu)   volume = 0.375

-- source 7 --
   epoch 0:   7(gpu) ->  8(SW)   volume = 0.25
   epoch 0:   7(gpu) ->  9(SW)   volume = 0.375
   epoch 0:   7(gpu) -> 10(SW)   volume = 0.375
   epoch 0:   7(gpu) -> 11(SW)   volume = 0.25
   epoch 0:   7(gpu) -> 12(SW)   volume = 0.375
   epoch 0:   7(gpu) -> 13(SW)   volume = 0.375
   epoch 0:   8(SW) ->  4(gpu)   volume = 0.25
   epoch 0:   9(SW) ->  5(gpu)   volume = 0.125
   epoch 0:   9(SW) ->  6(gpu)   volume = 0.25
   epoch 0:  10(SW) ->  4(gpu)   volume = 0.25
   epoch 0:  10(SW) ->  5(gpu)   volume = 0.125
   epoch 0:  11(SW) ->  2(gpu)   volume = 0.125
   epoch 0:  11(SW) ->  5(gpu)   volume = 0.125
   epoch 0:  12(SW) ->  2(gpu)   volume = 0.125
   epoch 0:  12(SW) ->  6(gpu)   volume = 0.25
   epoch 0:  13(SW) ->  5(gpu)   volume = 0.25
   epoch 0:  13(SW) ->  6(gpu)   volume = 0.125
   epoch 1:   7(gpu) ->  8(SW)   volume = 0.25
   epoch 1:   7(gpu) ->  9(SW)   volume = 0.375
   epoch 1:   7(gpu) -> 10(SW)   volume = 0.375
   epoch 1:   7(gpu) -> 11(SW)   volume = 0.25
   epoch 1:   7(gpu) -> 12(SW)   volume = 0.375
   epoch 1:   7(gpu) -> 13(SW)   volume = 0.375
   epoch 1:   8(SW) ->  0(gpu)   volume = 0.25
   epoch 1:   9(SW) ->  0(gpu)   volume = 0.375
   epoch 1:  10(SW) ->  0(gpu)   volume = 0.125
   epoch 1:  10(SW) ->  3(gpu)   volume = 0.25
   epoch 1:  11(SW) ->  3(gpu)   volume = 0.125
   epoch 1:  11(SW) ->  6(gpu)   volume = 0.125
   epoch 1:  12(SW) ->  0(gpu)   volume = 0.125
   epoch 1:  12(SW) ->  3(gpu)   volume = 0.25
   epoch 1:  13(SW) ->  0(gpu)   volume = 0.125
   epoch 1:  13(SW) ->  3(gpu)   volume = 0.25
   epoch 2:   7(gpu) ->  8(SW)   volume = 0.25
   epoch 2:   7(gpu) ->  9(SW)   volume = 0.375
   epoch 2:   7(gpu) -> 10(SW)   volume = 0.375
   epoch 2:   7(gpu) -> 11(SW)   volume = 0.25
   epoch 2:   7(gpu) -> 12(SW)   volume = 0.375
   epoch 2:   7(gpu) -> 13(SW)   volume = 0.25
   epoch 2:   8(SW) ->  2(gpu)   volume = 0.25
   epoch 2:   9(SW) ->  1(gpu)   volume = 0.375
   epoch 2:  10(SW) ->  2(gpu)   volume = 0.375
   epoch 2:  11(SW) ->  1(gpu)   volume = 0.25
   epoch 2:  12(SW) ->  1(gpu)   volume = 0.375
   epoch 2:  13(SW) ->  2(gpu)   volume = 0.125
   epoch 2:  13(SW) ->  3(gpu)   volume = 0.125
   epoch 3:   7(gpu) -> 11(SW)   volume = 0.25
   epoch 3:  11(SW) ->  5(gpu)   volume = 0.25
   epoch 4:   7(gpu) ->  8(SW)   volume = 0.25
   epoch 4:   7(gpu) -> 11(SW)   volume = 0.25
   epoch 4:   8(SW) ->  6(gpu)   volume = 0.25
   epoch 4:  11(SW) ->  4(gpu)   volume = 0.25
   epoch 5:   7(gpu) ->  8(SW)   volume = 0.25
   epoch 5:   7(gpu) -> 11(SW)   volume = 0.125
   epoch 5:   8(SW) ->  4(gpu)   volume = 0.25
   epoch 5:  11(SW) ->  5(gpu)   volume = 0.125

------------------------------------------------------------------------------
RAW CONSUMED VARS  T_s_d_k = consumed_at_k[source s][dest d][epoch k]
(volume of source s's demand absorbed AT destination d during epoch k)
------------------------------------------------------------------------------
   dest  0:  from source  1  epoch 0  consumed = 1.125
   dest  0:  from source  1  epoch 2  consumed = 0.875
   dest  0:  from source  2  epoch 0  consumed = 1.5
   dest  0:  from source  2  epoch 1  consumed = 0.125
   dest  0:  from source  2  epoch 2  consumed = 0.375
   dest  0:  from source  3  epoch 0  consumed = 0.125
   dest  0:  from source  3  epoch 1  consumed = 1.875
   dest  0:  from source  4  epoch 1  consumed = 1.0
   dest  0:  from source  5  epoch 0  consumed = 0.75
   dest  0:  from source  5  epoch 2  consumed = 0.25
   dest  0:  from source  6  epoch 0  consumed = 0.5
   dest  0:  from source  6  epoch 2  consumed = 0.5
   dest  0:  from source  7  epoch 1  consumed = 1.0
   dest  1:  from source  0  epoch 0  consumed = 1.125
   dest  1:  from source  0  epoch 1  consumed = 0.875
   dest  1:  from source  2  epoch 1  consumed = 2.0
   dest  1:  from source  3  epoch 0  consumed = 1.875
   dest  1:  from source  3  epoch 1  consumed = 0.125
   dest  1:  from source  4  epoch 0  consumed = 0.125
   dest  1:  from source  4  epoch 2  consumed = 0.875
   dest  1:  from source  5  epoch 1  consumed = 1.0
   dest  1:  from source  6  epoch 0  consumed = 0.875
   dest  1:  from source  6  epoch 2  consumed = 0.125
   dest  1:  from source  7  epoch 2  consumed = 1.0
   dest  2:  from source  0  epoch 0  consumed = 1.625
   dest  2:  from source  0  epoch 1  consumed = 0.375
   dest  2:  from source  1  epoch 1  consumed = 2.0
   dest  2:  from source  3  epoch 0  consumed = 1.125
   dest  2:  from source  3  epoch 1  consumed = 0.875
   dest  2:  from source  4  epoch 0  consumed = 0.125
   dest  2:  from source  4  epoch 2  consumed = 0.875
   dest  2:  from source  5  epoch 0  consumed = 0.625
   dest  2:  from source  5  epoch 2  consumed = 0.375
   dest  2:  from source  6  epoch 0  consumed = 0.25
   dest  2:  from source  6  epoch 1  consumed = 0.75
   dest  2:  from source  7  epoch 0  consumed = 0.25
   dest  2:  from source  7  epoch 2  consumed = 0.75
   dest  3:  from source  0  epoch 0  consumed = 0.125
   dest  3:  from source  0  epoch 1  consumed = 1.875
   dest  3:  from source  1  epoch 0  consumed = 1.5
   dest  3:  from source  1  epoch 1  consumed = 0.125
   dest  3:  from source  1  epoch 2  consumed = 0.375
   dest  3:  from source  2  epoch 0  consumed = 1.25
   dest  3:  from source  2  epoch 2  consumed = 0.75
   dest  3:  from source  4  epoch 0  consumed = 0.125
   dest  3:  from source  4  epoch 1  consumed = 0.875
   dest  3:  from source  5  epoch 0  consumed = 0.625
   dest  3:  from source  5  epoch 2  consumed = 0.375
   dest  3:  from source  6  epoch 0  consumed = 0.375
   dest  3:  from source  6  epoch 1  consumed = 0.25
   dest  3:  from source  6  epoch 2  consumed = 0.375
   dest  3:  from source  7  epoch 1  consumed = 0.875
   dest  3:  from source  7  epoch 2  consumed = 0.125
   dest  4:  from source  0  epoch 0  consumed = 0.375
   dest  4:  from source  0  epoch 2  consumed = 0.375
   dest  4:  from source  0  epoch 3  consumed = 0.875
   dest  4:  from source  0  epoch 4  consumed = 0.375
   dest  4:  from source  1  epoch 0  consumed = 0.625
   dest  4:  from source  1  epoch 1  consumed = 0.5
   dest  4:  from source  1  epoch 2  consumed = 0.625
   dest  4:  from source  1  epoch 4  consumed = 0.25
   dest  4:  from source  2  epoch 1  consumed = 1.0
   dest  4:  from source  2  epoch 2  consumed = 0.75
   dest  4:  from source  2  epoch 3  consumed = 0.25
   dest  4:  from source  3  epoch 0  consumed = 0.5
   dest  4:  from source  3  epoch 1  consumed = 0.5
   dest  4:  from source  3  epoch 2  consumed = 0.25
   dest  4:  from source  3  epoch 3  consumed = 0.375
   dest  4:  from source  3  epoch 4  consumed = 0.375
   dest  4:  from source  5  epoch 3  consumed = 0.25
   dest  4:  from source  5  epoch 4  consumed = 0.375
   dest  4:  from source  5  epoch 5  consumed = 0.375
   dest  4:  from source  6  epoch 3  consumed = 0.25
   dest  4:  from source  6  epoch 4  consumed = 0.375
   dest  4:  from source  6  epoch 5  consumed = 0.375
   dest  4:  from source  7  epoch 0  consumed = 0.5
   dest  4:  from source  7  epoch 4  consumed = 0.25
   dest  4:  from source  7  epoch 5  consumed = 0.25
   dest  5:  from source  0  epoch 0  consumed = 0.125
   dest  5:  from source  0  epoch 1  consumed = 0.5
   dest  5:  from source  0  epoch 2  consumed = 1.125
   dest  5:  from source  0  epoch 3  consumed = 0.25
   dest  5:  from source  1  epoch 0  consumed = 0.375
   dest  5:  from source  1  epoch 3  consumed = 1.125
   dest  5:  from source  1  epoch 4  consumed = 0.5
   dest  5:  from source  2  epoch 1  consumed = 0.125
   dest  5:  from source  2  epoch 3  consumed = 0.375
   dest  5:  from source  2  epoch 4  consumed = 0.875
   dest  5:  from source  2  epoch 5  consumed = 0.625
   dest  5:  from source  3  epoch 0  consumed = 0.25
   dest  5:  from source  3  epoch 1  consumed = 0.25
   dest  5:  from source  3  epoch 2  consumed = 0.875
   dest  5:  from source  3  epoch 4  consumed = 0.625
   dest  5:  from source  4  epoch 0  consumed = 0.625
   dest  5:  from source  4  epoch 1  consumed = 0.125
   dest  5:  from source  4  epoch 5  consumed = 0.25
   dest  5:  from source  6  epoch 1  consumed = 1.0
   dest  5:  from source  7  epoch 0  consumed = 0.625
   dest  5:  from source  7  epoch 3  consumed = 0.25
   dest  5:  from source  7  epoch 5  consumed = 0.125
   dest  6:  from source  0  epoch 0  consumed = 0.125
   dest  6:  from source  0  epoch 1  consumed = 0.375
   dest  6:  from source  0  epoch 2  consumed = 1.125
   dest  6:  from source  0  epoch 3  consumed = 0.25
   dest  6:  from source  0  epoch 4  consumed = 0.125
   dest  6:  from source  1  epoch 1  consumed = 0.125
   dest  6:  from source  1  epoch 3  consumed = 0.75
   dest  6:  from source  1  epoch 4  consumed = 0.5
   dest  6:  from source  1  epoch 5  consumed = 0.625
   dest  6:  from source  2  epoch 0  consumed = 0.625
   dest  6:  from source  2  epoch 3  consumed = 0.625
   dest  6:  from source  2  epoch 4  consumed = 0.375
   dest  6:  from source  2  epoch 5  consumed = 0.375
   dest  6:  from source  3  epoch 1  consumed = 0.375
   dest  6:  from source  3  epoch 2  consumed = 0.875
   dest  6:  from source  3  epoch 3  consumed = 0.125
   dest  6:  from source  3  epoch 4  consumed = 0.625
   dest  6:  from source  4  epoch 0  consumed = 0.625
   dest  6:  from source  4  epoch 3  consumed = 0.25
   dest  6:  from source  4  epoch 4  consumed = 0.125
   dest  6:  from source  5  epoch 1  consumed = 1.0
   dest  6:  from source  7  epoch 0  consumed = 0.625
   dest  6:  from source  7  epoch 1  consumed = 0.125
   dest  6:  from source  7  epoch 4  consumed = 0.25
   dest  7:  from source  0  epoch 0  consumed = 0.5
   dest  7:  from source  0  epoch 2  consumed = 0.625
   dest  7:  from source  0  epoch 3  consumed = 0.625
   dest  7:  from source  0  epoch 4  consumed = 0.25
   dest  7:  from source  1  epoch 0  consumed = 0.375
   dest  7:  from source  1  epoch 1  consumed = 1.25
   dest  7:  from source  1  epoch 2  consumed = 0.375
   dest  7:  from source  2  epoch 0  consumed = 0.625
   dest  7:  from source  2  epoch 1  consumed = 0.75
   dest  7:  from source  2  epoch 2  consumed = 0.375
   dest  7:  from source  2  epoch 3  consumed = 0.125
   dest  7:  from source  2  epoch 4  consumed = 0.125
   dest  7:  from source  3  epoch 0  consumed = 0.125
   dest  7:  from source  3  epoch 2  consumed = 0.5
   dest  7:  from source  3  epoch 3  consumed = 0.875
   dest  7:  from source  3  epoch 4  consumed = 0.5
   dest  7:  from source  4  epoch 0  consumed = 0.375
   dest  7:  from source  4  epoch 4  consumed = 0.375
   dest  7:  from source  4  epoch 5  consumed = 0.25
   dest  7:  from source  5  epoch 2  consumed = 0.125
   dest  7:  from source  5  epoch 3  consumed = 0.25
   dest  7:  from source  5  epoch 4  consumed = 0.375
   dest  7:  from source  5  epoch 5  consumed = 0.25
   dest  7:  from source  6  epoch 3  consumed = 0.125
   dest  7:  from source  6  epoch 4  consumed = 0.375
   dest  7:  from source  6  epoch 5  consumed = 0.5
==============================================================================

Schedule written to Schedules/dual_plane_scattered_allgather_coarse.json
