cpu-bind=MASK - lanka26, task  0  0 [4069433]: mask 0xffffffffffff set
cpu-bind=MASK - lanka26, task  0  0 [4069983]: mask 0xff0000ff set
WARNING:root:Not_Optimal_ALLTOALL_LP_Status-10_RailOptimizedSpineLeaf_300-nodes_15-chunks_80-epochs_150.00525-epoch_duration
WARNING:root:Not_Optimal_ALLTOALL_LP_Status-10_RailOptimizedSpineLeaf_300-nodes_15-chunks_80-epochs_75.002625-epoch_duration
WARNING:root:Not_Optimal_ALLTOALL_LP_Status-10_RailOptimizedSpineLeaf_300-nodes_15-chunks_80-epochs_37.5013125-epoch_duration
WARNING:root:Not_Optimal_ALLTOALL_LP_Status-10_RailOptimizedSpineLeaf_300-nodes_15-chunks_80-epochs_18.75065625-epoch_duration
WARNING:root:Not_Optimal_ALLTOALL_LP_Status-10_RailOptimizedSpineLeaf_300-nodes_15-chunks_80-epochs_9.375328125-epoch_duration
WARNING:root:Not_Optimal_ALLTOALL_LP_Status-10_RailOptimizedSpineLeaf_300-nodes_15-chunks_80-epochs_0.029297900390625-epoch_duration
WARNING:root:there is a potential bug! there is traffic unaccounted for
Traceback (most recent call last):
  File "/data/commit/graphit/wangyj05/miniconda3/envs/teccl/bin/teccl", line 6, in <module>
    sys.exit(main())
             ~~~~^^
  File "/data/commit/graphit/wangyj05/miniconda3/envs/teccl/lib/python3.14t/site-packages/teccl/__main__.py", line 21, in main
    if handler(args, args.command):
       ~~~~~~~^^^^^^^^^^^^^^^^^^^^
  File "/data/commit/graphit/wangyj05/miniconda3/envs/teccl/lib/python3.14t/site-packages/teccl/cli/solve.py", line 38, in handler
    solver.solve()
    ~~~~~~~~~~~~^^
  File "/data/commit/graphit/wangyj05/miniconda3/envs/teccl/lib/python3.14t/site-packages/teccl/scheduler.py", line 258, in solve
    epoch_result_schedule_solver = self.get_schedules(
        solver, user_input, self.topology_obj)
  File "/data/commit/graphit/wangyj05/miniconda3/envs/teccl/lib/python3.14t/site-packages/teccl/scheduler.py", line 200, in get_schedules
    schedule, schedule_json = initial_solver.get_schedule()
                              ~~~~~~~~~~~~~~~~~~~~~~~~~~~^^
  File "/data/commit/graphit/wangyj05/miniconda3/envs/teccl/lib/python3.14t/site-packages/teccl/solvers/lp_formulation.py", line 1125, in get_schedule
    return self.get_flow_schedule()
           ~~~~~~~~~~~~~~~~~~~~~~^^
  File "/data/commit/graphit/wangyj05/miniconda3/envs/teccl/lib/python3.14t/site-packages/teccl/solvers/lp_formulation.py", line 1063, in get_flow_schedule
    assert 0, "potential bug, check code"
           ^
AssertionError: potential bug, check code
srun: error: lanka26: task 0: Exited with exit code 1
