cpu-bind=MASK - lanka26, task  0  0 [1051890]: mask 0xffffffffffff set
  error: subprocess-exited-with-error
  
  × Building wheel for teccl (pyproject.toml) did not run successfully.
  │ exit code: 1
  ╰─> [78 lines of output]
      running bdist_wheel
      running build
      running build_py
      copying teccl/__init__.py -> build/lib/teccl
      copying teccl/gurobi_env.py -> build/lib/teccl
      copying teccl/scheduler.py -> build/lib/teccl
      copying teccl/__main__.py -> build/lib/teccl
      copying teccl/input_data.py -> build/lib/teccl
      copying teccl/hierarchy/abstract.py -> build/lib/teccl/hierarchy
      copying teccl/hierarchy/__init__.py -> build/lib/teccl/hierarchy
      copying teccl/hierarchy/reconstruct.py -> build/lib/teccl/hierarchy
      copying teccl/hierarchy/cell.py -> build/lib/teccl/hierarchy
      copying teccl/solvers/allgather_astar.py -> build/lib/teccl/solvers
      copying teccl/solvers/__init__.py -> build/lib/teccl/solvers
      copying teccl/solvers/lp_formulation.py -> build/lib/teccl/solvers
      copying teccl/solvers/allgather.py -> build/lib/teccl/solvers
      copying teccl/solvers/base_formulation.py -> build/lib/teccl/solvers
      copying teccl/solvers/demand.py -> build/lib/teccl/solvers
      copying teccl/topologies/__init__.py -> build/lib/teccl/topologies
      copying teccl/topologies/ndv2.py -> build/lib/teccl/topologies
      copying teccl/topologies/fat_tree_pod_single_spine.py -> build/lib/teccl/topologies
      copying teccl/topologies/topology.py -> build/lib/teccl/topologies
      copying teccl/topologies/amd.py -> build/lib/teccl/topologies
      copying teccl/topologies/fat_tree_pod.py -> build/lib/teccl/topologies
      copying teccl/topologies/hetero_tapered_cluster.py -> build/lib/teccl/topologies
      copying teccl/topologies/dgx1.py -> build/lib/teccl/topologies
      copying teccl/topologies/dgx2.py -> build/lib/teccl/topologies
      copying teccl/topologies/mesh.py -> build/lib/teccl/topologies
      copying teccl/topologies/fat_tree_pod_single_spine_fat_uplink.py -> build/lib/teccl/topologies
      copying teccl/topologies/incast_switch.py -> build/lib/teccl/topologies
      copying teccl/topologies/odd_pod.py -> build/lib/teccl/topologies
      copying teccl/topologies/star.py -> build/lib/teccl/topologies
      copying teccl/topologies/rail_optimized_spine_leaf.py -> build/lib/teccl/topologies
      copying teccl/cli/solve.py -> build/lib/teccl/cli
      copying teccl/cli/__init__.py -> build/lib/teccl/cli
      installing to build/bdist.linux-x86_64/wheel
      running install
      running install_lib
      creating build/bdist.linux-x86_64/wheel
      creating build/bdist.linux-x86_64/wheel/teccl
      creating build/bdist.linux-x86_64/wheel/teccl/hierarchy
      copying build/lib/teccl/hierarchy/abstract.py -> build/bdist.linux-x86_64/wheel/./teccl/hierarchy
      copying build/lib/teccl/hierarchy/__init__.py -> build/bdist.linux-x86_64/wheel/./teccl/hierarchy
      copying build/lib/teccl/hierarchy/reconstruct.py -> build/bdist.linux-x86_64/wheel/./teccl/hierarchy
      copying build/lib/teccl/hierarchy/cell.py -> build/bdist.linux-x86_64/wheel/./teccl/hierarchy
      copying build/lib/teccl/scheduler.py -> build/bdist.linux-x86_64/wheel/./teccl
      creating build/bdist.linux-x86_64/wheel/teccl/topologies
      copying build/lib/teccl/topologies/amd.py -> build/bdist.linux-x86_64/wheel/./teccl/topologies
      copying build/lib/teccl/topologies/ndv2.py -> build/bdist.linux-x86_64/wheel/./teccl/topologies
      copying build/lib/teccl/topologies/fat_tree_pod.py -> build/bdist.linux-x86_64/wheel/./teccl/topologies
      copying build/lib/teccl/topologies/dgx1.py -> build/bdist.linux-x86_64/wheel/./teccl/topologies
      copying build/lib/teccl/topologies/rail_optimized_spine_leaf.py -> build/bdist.linux-x86_64/wheel/./teccl/topologies
      copying build/lib/teccl/topologies/dgx2.py -> build/bdist.linux-x86_64/wheel/./teccl/topologies
      copying build/lib/teccl/topologies/fat_tree_pod_single_spine.py -> build/bdist.linux-x86_64/wheel/./teccl/topologies
      copying build/lib/teccl/topologies/fat_tree_pod_single_spine_fat_uplink.py -> build/bdist.linux-x86_64/wheel/./teccl/topologies
      copying build/lib/teccl/topologies/topology.py -> build/bdist.linux-x86_64/wheel/./teccl/topologies
      copying build/lib/teccl/topologies/mesh.py -> build/bdist.linux-x86_64/wheel/./teccl/topologies
      copying build/lib/teccl/topologies/__init__.py -> build/bdist.linux-x86_64/wheel/./teccl/topologies
      copying build/lib/teccl/topologies/odd_pod.py -> build/bdist.linux-x86_64/wheel/./teccl/topologies
      copying build/lib/teccl/topologies/incast_switch.py -> build/bdist.linux-x86_64/wheel/./teccl/topologies
      copying build/lib/teccl/topologies/hetero_tapered_cluster.py -> build/bdist.linux-x86_64/wheel/./teccl/topologies
      copying build/lib/teccl/topologies/star.py -> build/bdist.linux-x86_64/wheel/./teccl/topologies
      creating build/bdist.linux-x86_64/wheel/teccl/cli
      copying build/lib/teccl/cli/__init__.py -> build/bdist.linux-x86_64/wheel/./teccl/cli
      copying build/lib/teccl/cli/solve.py -> build/bdist.linux-x86_64/wheel/./teccl/cli
      copying build/lib/teccl/gurobi_env.py -> build/bdist.linux-x86_64/wheel/./teccl
      copying build/lib/teccl/__main__.py -> build/bdist.linux-x86_64/wheel/./teccl
      copying build/lib/teccl/input_data.py -> build/bdist.linux-x86_64/wheel/./teccl
      copying build/lib/teccl/__init__.py -> build/bdist.linux-x86_64/wheel/./teccl
      creating build/bdist.linux-x86_64/wheel/teccl/solvers
      copying build/lib/teccl/solvers/alltoall.py -> build/bdist.linux-x86_64/wheel/./teccl/solvers
      copying build/lib/teccl/solvers/allgather_astar.py -> build/bdist.linux-x86_64/wheel/./teccl/solvers
      copying build/lib/teccl/solvers/base_formulation.py -> build/bdist.linux-x86_64/wheel/./teccl/solvers
      copying build/lib/teccl/solvers/allgather.py -> build/bdist.linux-x86_64/wheel/./teccl/solvers
      copying build/lib/teccl/solvers/__init__.py -> build/bdist.linux-x86_64/wheel/./teccl/solvers
      copying build/lib/teccl/solvers/lp_formulation.py -> build/bdist.linux-x86_64/wheel/./teccl/solvers
      copying build/lib/teccl/solvers/demand.py -> build/bdist.linux-x86_64/wheel/./teccl/solvers
      error: could not read from 'build/lib/teccl/solvers/demand.py': Stale file handle
      [end of output]
  
  note: This error originates from a subprocess, and is likely not a problem with pip.
  ERROR: Failed building wheel for teccl
error: failed-wheel-build-for-install

× Failed to build installable wheels for some pyproject.toml based projects
╰─> teccl
cpu-bind=MASK - lanka26, task  0  0 [1052264]: mask 0xff0000ff set
