cpu-bind=MASK - lanka32, task  0  0 [4145224]: mask 0xffffffffffff set
cpu-bind=MASK - lanka32, task  0  0 [4145714]: mask 0xff0000ff set
Traceback (most recent call last):
  File "/data/commit/graphit/wangyj05/miniconda3/envs/teccl/bin/teccl", line 6, in <module>
    sys.exit(main())
             ~~~~^^
  File "/data/commit/graphit/wangyj05/workspace/TE-CCL/teccl/__main__.py", line 21, in main
    if handler(args, args.command):
       ~~~~~~~^^^^^^^^^^^^^^^^^^^^
  File "/data/commit/graphit/wangyj05/workspace/TE-CCL/teccl/cli/solve.py", line 41, in handler
    solver.solve()
    ~~~~~~~~~~~~^^
  File "/data/commit/graphit/wangyj05/workspace/TE-CCL/teccl/scheduler.py", line 370, in solve
    self.solve_hierarchy(start)
    ~~~~~~~~~~~~~~~~~~~~^^^^^^^
  File "/data/commit/graphit/wangyj05/workspace/TE-CCL/teccl/scheduler.py", line 338, in solve_hierarchy
    info, solution = solve_hierarchical(
                     ~~~~~~~~~~~~~~~~~~^
        topology, level_input, instance.collective, num_chunks,
        ^^^^^^^^^^^^^^^^^^^^^^^^^^^^^^^^^^^^^^^^^^^^^^^^^^^^^^^
        prefix=prefix, debug=instance.debug, level_chunk=instance.level_chunk)
        ^^^^^^^^^^^^^^^^^^^^^^^^^^^^^^^^^^^^^^^^^^^^^^^^^^^^^^^^^^^^^^^^^^^^^^
  File "/data/commit/graphit/wangyj05/workspace/TE-CCL/teccl/hierarchy/solve.py", line 630, in solve_hierarchical
    solution = solve_level(root, ctx)
  File "/data/commit/graphit/wangyj05/workspace/TE-CCL/teccl/hierarchy/solve.py", line 311, in solve_level
    return _solve_recursive(problem, ctx)
  File "/data/commit/graphit/wangyj05/workspace/TE-CCL/teccl/hierarchy/solve.py", line 390, in _solve_recursive
    res = _lower(solution, problem, coarse, mapping, fine_tensor, g, level_demand)
  File "/data/commit/graphit/wangyj05/workspace/TE-CCL/teccl/hierarchy/solve.py", line 465, in _lower
    assignments, targets, epoch = assign_identities_free(
                                  ~~~~~~~~~~~~~~~~~~~~~~^
        solution, mapping, fine_tensor, problem.topology, level_chunk=g,
        ^^^^^^^^^^^^^^^^^^^^^^^^^^^^^^^^^^^^^^^^^^^^^^^^^^^^^^^^^^^^^^^^
        relabel=relabel, holder_of=holder)
        ^^^^^^^^^^^^^^^^^^^^^^^^^^^^^^^^^^
  File "/data/commit/graphit/wangyj05/workspace/TE-CCL/teccl/hierarchy/reconstruct.py", line 1075, in assign_identities_free
    for h, v in _pick_ingress(slot, d, vol, tgt, cap, ingress_ledger):
                ~~~~~~~~~~~~~^^^^^^^^^^^^^^^^^^^^^^^^^^^^^^^^^^^^^^^^
  File "/data/commit/graphit/wangyj05/workspace/TE-CCL/teccl/hierarchy/reconstruct.py", line 510, in _pick_ingress
    raise RuntimeError(
    ...<5 lines>...
        f"absorb.")
RuntimeError: ingress capacity exhausted for cell 6 epoch 21: identity (14, 83) needs 0.6 but candidates {80: 0.0, 83: 0.199999, 86: 0.4} have no room (per-epoch capacities {80: 1.0, 83: 1.0, 86: 1.0}). The coarse solve routed more into this cell in one epoch than its fine downlinks can absorb.
srun: error: lanka32: task 0: Exited with exit code 1
