Processing ./.
  Installing build dependencies: started
  Installing build dependencies: finished with status 'done'
  Getting requirements to build wheel: started
  Getting requirements to build wheel: finished with status 'done'
  Preparing metadata (pyproject.toml): started
  Preparing metadata (pyproject.toml): finished with status 'done'
Requirement already satisfied: dataclasses in /data/commit/graphit/wangyj05/miniconda3/envs/teccl/lib/python3.14t/site-packages (from teccl==1.0.0) (0.6)
Requirement already satisfied: argcomplete in /data/commit/graphit/wangyj05/miniconda3/envs/teccl/lib/python3.14t/site-packages (from teccl==1.0.0) (3.6.3)
Requirement already satisfied: gurobipy in /data/commit/graphit/wangyj05/miniconda3/envs/teccl/lib/python3.14t/site-packages (from teccl==1.0.0) (13.0.2)
Requirement already satisfied: numpy in /data/commit/graphit/wangyj05/miniconda3/envs/teccl/lib/python3.14t/site-packages (from teccl==1.0.0) (2.4.6)
Requirement already satisfied: seaborn in /data/commit/graphit/wangyj05/miniconda3/envs/teccl/lib/python3.14t/site-packages (from teccl==1.0.0) (0.13.2)
Requirement already satisfied: pandas>=1.2 in /data/commit/graphit/wangyj05/miniconda3/envs/teccl/lib/python3.14t/site-packages (from seaborn->teccl==1.0.0) (3.0.3)
Requirement already satisfied: matplotlib!=3.6.1,>=3.4 in /data/commit/graphit/wangyj05/miniconda3/envs/teccl/lib/python3.14t/site-packages (from seaborn->teccl==1.0.0) (3.11.0)
Requirement already satisfied: contourpy>=1.0.1 in /data/commit/graphit/wangyj05/miniconda3/envs/teccl/lib/python3.14t/site-packages (from matplotlib!=3.6.1,>=3.4->seaborn->teccl==1.0.0) (1.3.3)
Requirement already satisfied: cycler>=0.10 in /data/commit/graphit/wangyj05/miniconda3/envs/teccl/lib/python3.14t/site-packages (from matplotlib!=3.6.1,>=3.4->seaborn->teccl==1.0.0) (0.12.1)
Requirement already satisfied: fonttools>=4.22.0 in /data/commit/graphit/wangyj05/miniconda3/envs/teccl/lib/python3.14t/site-packages (from matplotlib!=3.6.1,>=3.4->seaborn->teccl==1.0.0) (4.63.0)
Requirement already satisfied: kiwisolver>=1.3.1 in /data/commit/graphit/wangyj05/miniconda3/envs/teccl/lib/python3.14t/site-packages (from matplotlib!=3.6.1,>=3.4->seaborn->teccl==1.0.0) (1.5.0)
Requirement already satisfied: packaging>=20.0 in /data/commit/graphit/wangyj05/miniconda3/envs/teccl/lib/python3.14t/site-packages (from matplotlib!=3.6.1,>=3.4->seaborn->teccl==1.0.0) (26.2)
Requirement already satisfied: pillow>=9 in /data/commit/graphit/wangyj05/miniconda3/envs/teccl/lib/python3.14t/site-packages (from matplotlib!=3.6.1,>=3.4->seaborn->teccl==1.0.0) (12.2.0)
Requirement already satisfied: pyparsing>=3 in /data/commit/graphit/wangyj05/miniconda3/envs/teccl/lib/python3.14t/site-packages (from matplotlib!=3.6.1,>=3.4->seaborn->teccl==1.0.0) (3.3.2)
Requirement already satisfied: python-dateutil>=2.7 in /data/commit/graphit/wangyj05/miniconda3/envs/teccl/lib/python3.14t/site-packages (from matplotlib!=3.6.1,>=3.4->seaborn->teccl==1.0.0) (2.9.0.post0)
Requirement already satisfied: six>=1.5 in /data/commit/graphit/wangyj05/miniconda3/envs/teccl/lib/python3.14t/site-packages (from python-dateutil>=2.7->matplotlib!=3.6.1,>=3.4->seaborn->teccl==1.0.0) (1.17.0)
Building wheels for collected packages: teccl
  Building wheel for teccl (pyproject.toml): started
  Building wheel for teccl (pyproject.toml): finished with status 'error'
Failed to build teccl
=== running hetero phase-3 pipeline: collective=allgather, LP arm, intra-debug on ===
coarse topology: 5 nodes (3 cells + 2 switches), collective=allgather, which=lp
coarse demand volumes (U->V): {(0, 1): 4, (0, 2): 4, (1, 0): 4, (1, 2): 4, (2, 0): 6, (2, 1): 6}

=== LP (switch_copy=False, unicast) ===
Set parameter WLSAccessID
Set parameter WLSSecret
Set parameter LicenseID to value 2766017
Academic license 2766017 - for non-commercial use only - registered to wa___@mit.edu
Set parameter LogFile to value "Logs/ALLGATHER_LP_HeteroTaperedCluster_coarse_5-nodes_1-chunks_40-epochs_2.5000875000000002-epoch_duration_ObjectiveType.PAPER.log"
Set parameter LogToConsole to value 0
Set parameter LogFile to value "Logs/ALLGATHER_LP_HeteroTaperedCluster_coarse_5-nodes_1-chunks_11-epochs_0.02-epoch_duration_ObjectiveType.PAPER.log"
Set parameter LogToConsole to value 0

==============================================================================
RAW LP FLOW VARS  f_s_i_j_k = flow[source s][link i->j][epoch k]
(continuous volume, summed over all of source s's chunks; not yet per-chunk)
==============================================================================

-- source 0 --
   epoch 0:   0(gpu) ->  3(SW)   volume = 2.0
   epoch 0:   0(gpu) ->  4(SW)   volume = 2.0
   epoch 0:   3(SW) ->  2(gpu)   volume = 1.0
   epoch 0:   3(SW) ->  4(SW)   volume = 1.0
   epoch 0:   4(SW) ->  2(gpu)   volume = 3.0
   epoch 4:   0(gpu) ->  3(SW)   volume = 1.0
   epoch 4:   3(SW) ->  1(gpu)   volume = 1.0
   epoch 6:   0(gpu) ->  3(SW)   volume = 1.0
   epoch 6:   3(SW) ->  1(gpu)   volume = 1.0
   epoch 8:   0(gpu) ->  3(SW)   volume = 1.0
   epoch 8:   3(SW) ->  1(gpu)   volume = 1.0
   epoch 9:   0(gpu) ->  3(SW)   volume = 1.0
   epoch 9:   3(SW) ->  1(gpu)   volume = 1.0

-- source 1 --
   epoch 0:   1(gpu) ->  3(SW)   volume = 1.0
   epoch 0:   3(SW) ->  2(gpu)   volume = 1.0
   epoch 1:   1(gpu) ->  3(SW)   volume = 1.0
   epoch 1:   3(SW) ->  0(gpu)   volume = 1.0
   epoch 2:   1(gpu) ->  3(SW)   volume = 1.0
   epoch 2:   3(SW) ->  0(gpu)   volume = 1.0
   epoch 3:   1(gpu) ->  3(SW)   volume = 1.0
   epoch 3:   3(SW) ->  0(gpu)   volume = 1.0
   epoch 4:   1(gpu) ->  3(SW)   volume = 1.0
   epoch 4:   3(SW) ->  2(gpu)   volume = 1.0
   epoch 5:   1(gpu) ->  3(SW)   volume = 1.0
   epoch 5:   3(SW) ->  0(gpu)   volume = 1.0
   epoch 6:   1(gpu) ->  3(SW)   volume = 1.0
   epoch 6:   3(SW) ->  2(gpu)   volume = 1.0
   epoch 7:   1(gpu) ->  3(SW)   volume = 1.0
   epoch 7:   3(SW) ->  2(gpu)   volume = 1.0

-- source 2 --
   epoch 0:   2(gpu) ->  3(SW)   volume = 2.0
   epoch 0:   2(gpu) ->  4(SW)   volume = 3.0
   epoch 0:   3(SW) ->  0(gpu)   volume = 2.0
   epoch 0:   3(SW) ->  1(gpu)   volume = 1.0
   epoch 0:   4(SW) ->  0(gpu)   volume = 2.0
   epoch 0:   4(SW) ->  3(SW)   volume = 1.0
   epoch 1:   2(gpu) ->  3(SW)   volume = 1.0
   epoch 1:   2(gpu) ->  4(SW)   volume = 2.0
   epoch 1:   3(SW) ->  1(gpu)   volume = 1.0
   epoch 1:   4(SW) ->  0(gpu)   volume = 2.0
   epoch 2:   2(gpu) ->  3(SW)   volume = 1.0
   epoch 2:   3(SW) ->  1(gpu)   volume = 1.0
   epoch 3:   2(gpu) ->  3(SW)   volume = 1.0
   epoch 3:   3(SW) ->  1(gpu)   volume = 1.0
   epoch 5:   2(gpu) ->  3(SW)   volume = 1.0
   epoch 5:   3(SW) ->  1(gpu)   volume = 1.0
   epoch 7:   2(gpu) ->  3(SW)   volume = 1.0
   epoch 7:   3(SW) ->  1(gpu)   volume = 1.0

------------------------------------------------------------------------------
RAW CONSUMED VARS  T_s_d_k = consumed_at_k[source s][dest d][epoch k]
(volume of source s's demand absorbed AT destination d during epoch k)
------------------------------------------------------------------------------
   dest  0:  from source  1  epoch 1  consumed = 1.0
   dest  0:  from source  1  epoch 2  consumed = 1.0
   dest  0:  from source  1  epoch 3  consumed = 1.0
   dest  0:  from source  1  epoch 5  consumed = 1.0
   dest  0:  from source  2  epoch 0  consumed = 4.0
   dest  0:  from source  2  epoch 1  consumed = 2.0
   dest  1:  from source  0  epoch 4  consumed = 1.0
   dest  1:  from source  0  epoch 6  consumed = 1.0
   dest  1:  from source  0  epoch 8  consumed = 1.0
   dest  1:  from source  0  epoch 9  consumed = 1.0
   dest  1:  from source  2  epoch 0  consumed = 1.0
   dest  1:  from source  2  epoch 1  consumed = 1.0
   dest  1:  from source  2  epoch 2  consumed = 1.0
   dest  1:  from source  2  epoch 3  consumed = 1.0
   dest  1:  from source  2  epoch 5  consumed = 1.0
   dest  1:  from source  2  epoch 7  consumed = 1.0
   dest  2:  from source  0  epoch 0  consumed = 4.0
   dest  2:  from source  1  epoch 0  consumed = 1.0
   dest  2:  from source  1  epoch 4  consumed = 1.0
   dest  2:  from source  1  epoch 6  consumed = 1.0
   dest  2:  from source  1  epoch 7  consumed = 1.0
==============================================================================

Schedule written to Schedules/coarse_hetero_allgather_lp.json

--- identity resolution (allgather) ---
resolved inter-cell pieces: 31
intra-cell demands: 14 egress_stage, 31 ingress_distribution, 14 self_distribution
  cell 0 egress relays: ['1->0', '2->0', '3->0', '3->1']
  cell 1 egress relays: ['5->4', '6->4', '7->4']
  cell 2 egress relays: ['10->13', '10->8', '11->8', '12->11', '12->8', '13->8', '9->8']
identity resolution written to Schedules/coarse_hetero_allgather_identities.json

=== phase-3 intra-cell scheduling (allgather) ===

=== schedule_cell 0: gpus=[0, 1, 2, 3] nvswitch=14, 18 intra demands ===
  [_to_jobs] 18 demands ({'egress_stage': 4, 'ingress_distribution': 10, 'self_distribution': 4}), max intra-recv load = 16
    fan-out id=(4, 0) ingress_distribution src=0 -> 3 wanters: binomial TREE (send=27 > max_recv=16)
        tree edge r0: 0->1
        tree edge r1: 0->2
        tree edge r1: 1->3 (after 1 receives)
    fan-out id=(5, 0) ingress_distribution src=0 -> 3 wanters: binomial TREE (send=27 > max_recv=16)
        tree edge r0: 0->1
        tree edge r1: 0->2
        tree edge r1: 1->3 (after 1 receives)
    fan-out id=(6, 0) ingress_distribution src=0 -> 3 wanters: binomial TREE (send=27 > max_recv=16)
        tree edge r0: 0->1
        tree edge r1: 0->2
        tree edge r1: 1->3 (after 1 receives)
    fan-out id=(7, 0) ingress_distribution src=0 -> 3 wanters: binomial TREE (send=27 > max_recv=16)
        tree edge r0: 0->1
        tree edge r1: 0->2
        tree edge r1: 1->3 (after 1 receives)
    fan-out id=(8, 0) ingress_distribution src=0 -> 3 wanters: binomial TREE (send=27 > max_recv=16)
        tree edge r0: 0->1
        tree edge r1: 0->2
        tree edge r1: 1->3 (after 1 receives)
    fan-out id=(9, 0) ingress_distribution src=0 -> 3 wanters: binomial TREE (send=27 > max_recv=16)
        tree edge r0: 0->1
        tree edge r1: 0->2
        tree edge r1: 1->3 (after 1 receives)
    fan-out id=(11, 0) ingress_distribution src=1 -> 3 wanters: binomial TREE (send=20 > max_recv=16)
        tree edge r0: 1->0
        tree edge r1: 1->2
        tree edge r1: 0->3 (after 0 receives)
    fan-out id=(12, 0) ingress_distribution src=1 -> 3 wanters: binomial TREE (send=20 > max_recv=16)
        tree edge r0: 1->0
        tree edge r1: 1->2
        tree edge r1: 0->3 (after 0 receives)
    fan-out id=(13, 0) ingress_distribution src=1 -> 3 wanters: binomial TREE (send=20 > max_recv=16)
        tree edge r0: 1->0
        tree edge r1: 1->2
        tree edge r1: 0->3 (after 0 receives)
    fan-out id=(10, 0) ingress_distribution src=1 -> 3 wanters: binomial TREE (send=20 > max_recv=16)
        tree edge r0: 1->0
        tree edge r1: 1->2
        tree edge r1: 0->3 (after 0 receives)
    fan-out id=(0, 0) self_distribution src=0 -> 3 wanters: binomial TREE (send=27 > max_recv=16)
        tree edge r0: 0->1
        tree edge r1: 0->2
        tree edge r1: 1->3 (after 1 receives)
    fan-out id=(1, 0) self_distribution src=1 -> 3 wanters: binomial TREE (send=20 > max_recv=16)
        tree edge r0: 1->0
        tree edge r1: 1->2
        tree edge r1: 0->3 (after 0 receives)
    fan-out id=(2, 0) self_distribution src=2 -> 3 wanters: DIRECT/ring (send=4 <= max_recv=16)
      dedup delivery 2->0 id=(2, 0): egress_stage + self_distribution (one send satisfies both)
    fan-out id=(3, 0) self_distribution src=3 -> 3 wanters: DIRECT/ring (send=5 <= max_recv=16)
      dedup delivery 3->0 id=(3, 0): egress_stage + self_distribution (one send satisfies both)
      dedup delivery 3->1 id=(3, 0): egress_stage + self_distribution (one send satisfies both)
  [_to_jobs] -> 43 jobs (4 hard, 39 soft; 7 direct, 36 tree)
    [gap 0] 23 jobs (2 hard), max-port-load lower bound = 9 round(s)
      round 0: 2->0H(id2,1,done)  3->1H(id3,1,done)  1->2 (id11,1,done)
      round 1: 0->1 (id8,1,done)  1->2 (id13,1,done)  2->3 (id2,1,done)
      round 2: 0->1 (id9,1,done)  1->2 (id1,1,done)
      round 3: 0->1 (id0,1,done)  1->3 (id8,1,done)  3->2 (id3,1,done)
      round 4: 0->2 (id8,1,done)  1->3 (id9,1,done)  2->1 (id2,1,done)
      round 5: 0->2 (id9,1,done)  1->3 (id0,1,done)
      round 6: 0->2 (id0,1,done)  1->0 (id11,1,done)
      round 7: 0->3 (id11,1,done)  1->0 (id13,1,done)
      round 8: 0->3 (id13,1,done)  1->0 (id1,1,done)
      round 9: 0->3 (id1,1,done)
    [gap 0] used 10 round(s) vs bound 9 -> above bound (tree/precedence depth)
    [gap 1] 9 jobs (0 hard), max-port-load lower bound = 5 round(s)
      round 0: 0->1 (id4,1,done)  1->2 (id12,1,done)
      round 1: 1->2 (id10,1,done)
      round 2: 0->2 (id4,1,done)  1->3 (id4,1,done)
      round 3: 1->0 (id12,1,done)
      round 4: 0->3 (id12,1,done)  1->0 (id10,1,done)
      round 5: 0->3 (id10,1,done)
    [gap 1] used 6 round(s) vs bound 5 -> above bound (tree/precedence depth)
    [gap 2] 3 jobs (0 hard), max-port-load lower bound = 2 round(s)
      round 0: 0->1 (id5,1,done)
      round 1: 0->2 (id5,1,done)  1->3 (id5,1,done)
    [gap 2] used 2 round(s) vs bound 2 -> OPTIMAL (= port bound)
    [gap 3] 3 jobs (0 hard), max-port-load lower bound = 2 round(s)
      round 0: 0->1 (id6,1,done)
      round 1: 0->2 (id6,1,done)  1->3 (id6,1,done)
    [gap 3] used 2 round(s) vs bound 2 -> OPTIMAL (= port bound)
    [gap 5] 3 jobs (0 hard), max-port-load lower bound = 2 round(s)
      round 0: 0->1 (id7,1,done)
      round 1: 0->2 (id7,1,done)  1->3 (id7,1,done)
    [gap 5] used 2 round(s) vs bound 2 -> OPTIMAL (= port bound)
    [gap 6] 1 jobs (1 hard), max-port-load lower bound = 1 round(s)
      round 0: 1->0H(id1,1,done)
    [gap 6] used 1 round(s) vs bound 1 -> OPTIMAL (= port bound)
    [gap 9] 1 jobs (1 hard), max-port-load lower bound = 1 round(s)
      round 0: 3->0H(id3,1,done)
    [gap 9] used 1 round(s) vs bound 1 -> OPTIMAL (= port bound)
=== cell 0: 43 flows across 7 gap(s), peak 10 rounds/gap; all hard deadlines met, ports within cap ===

=== schedule_cell 1: gpus=[4, 5, 6, 7] nvswitch=15, 20 intra demands ===
  [_to_jobs] 20 demands ({'egress_stage': 3, 'ingress_distribution': 13, 'self_distribution': 4}), max intra-recv load = 16
    fan-out id=(0, 0) ingress_distribution src=4 -> 3 wanters: binomial TREE (send=43 > max_recv=16)
        tree edge r0: 4->5
        tree edge r1: 4->6
        tree edge r1: 5->7 (after 5 receives)
    fan-out id=(1, 0) ingress_distribution src=4 -> 3 wanters: binomial TREE (send=43 > max_recv=16)
        tree edge r0: 4->5
        tree edge r1: 4->6
        tree edge r1: 5->7 (after 5 receives)
    fan-out id=(2, 0) ingress_distribution src=4 -> 3 wanters: binomial TREE (send=43 > max_recv=16)
        tree edge r0: 4->5
        tree edge r1: 4->6
        tree edge r1: 5->7 (after 5 receives)
    fan-out id=(3, 0) ingress_distribution src=4 -> 3 wanters: binomial TREE (send=43 > max_recv=16)
        tree edge r0: 4->5
        tree edge r1: 4->6
        tree edge r1: 5->7 (after 5 receives)
    fan-out id=(8, 0) ingress_distribution src=4 -> 3 wanters: binomial TREE (send=43 > max_recv=16)
        tree edge r0: 4->5
        tree edge r1: 4->6
        tree edge r1: 5->7 (after 5 receives)
    fan-out id=(9, 0) ingress_distribution src=4 -> 3 wanters: binomial TREE (send=43 > max_recv=16)
        tree edge r0: 4->5
        tree edge r1: 4->6
        tree edge r1: 5->7 (after 5 receives)
    fan-out id=(10, 0) ingress_distribution src=4 -> 3 wanters: binomial TREE (send=43 > max_recv=16)
        tree edge r0: 4->5
        tree edge r1: 4->6
        tree edge r1: 5->7 (after 5 receives)
    fan-out id=(11, 0) ingress_distribution src=4 -> 3 wanters: binomial TREE (send=43 > max_recv=16)
        tree edge r0: 4->5
        tree edge r1: 4->6
        tree edge r1: 5->7 (after 5 receives)
    fan-out id=(12, 0) ingress_distribution src=4 -> 3 wanters: binomial TREE (send=43 > max_recv=16)
        tree edge r0: 4->5
        tree edge r1: 4->6
        tree edge r1: 5->7 (after 5 receives)
    fan-out id=(12, 0) ingress_distribution src=4 -> 3 wanters: binomial TREE (send=43 > max_recv=16)
        tree edge r0: 4->5
        tree edge r1: 4->6
        tree edge r1: 5->7 (after 5 receives)
    fan-out id=(13, 0) ingress_distribution src=4 -> 3 wanters: binomial TREE (send=43 > max_recv=16)
        tree edge r0: 4->5
        tree edge r1: 4->6
        tree edge r1: 5->7 (after 5 receives)
    fan-out id=(11, 0) ingress_distribution src=4 -> 3 wanters: binomial TREE (send=43 > max_recv=16)
        tree edge r0: 4->5
        tree edge r1: 4->6
        tree edge r1: 5->7 (after 5 receives)
    fan-out id=(13, 0) ingress_distribution src=4 -> 3 wanters: binomial TREE (send=43 > max_recv=16)
        tree edge r0: 4->5
        tree edge r1: 4->6
        tree edge r1: 5->7 (after 5 receives)
    fan-out id=(4, 0) self_distribution src=4 -> 3 wanters: binomial TREE (send=43 > max_recv=16)
        tree edge r0: 4->5
        tree edge r1: 4->6
        tree edge r1: 5->7 (after 5 receives)
    fan-out id=(5, 0) self_distribution src=5 -> 3 wanters: DIRECT/ring (send=4 <= max_recv=16)
      dedup delivery 5->4 id=(5, 0): egress_stage + self_distribution (one send satisfies both)
    fan-out id=(6, 0) self_distribution src=6 -> 3 wanters: DIRECT/ring (send=4 <= max_recv=16)
      dedup delivery 6->4 id=(6, 0): egress_stage + self_distribution (one send satisfies both)
    fan-out id=(7, 0) self_distribution src=7 -> 3 wanters: DIRECT/ring (send=4 <= max_recv=16)
      dedup delivery 7->4 id=(7, 0): egress_stage + self_distribution (one send satisfies both)
  [_to_jobs] -> 51 jobs (3 hard, 48 soft; 9 direct, 42 tree)
    [gap 0] 15 jobs (0 hard), max-port-load lower bound = 4 round(s)
      round 0: 4->5 (id11,0.5,done)  4->5 (id13,0.5,done)  5->6 (id5,1,done)  6->7 (id6,1,done)
      round 1: 4->5 (id4,1,done)  5->7 (id5,1,done)  7->6 (id7,1,done)
      round 2: 4->6 (id11,0.5,done)  4->6 (id13,0.5,done)  5->7 (id11,0.5,done)  5->7 (id13,0.5,done)  7->5 (id7,1,done)
      round 3: 4->6 (id4,1,done)  5->7 (id4,1,done)  6->5 (id6,1,done)
    [gap 0] used 4 round(s) vs bound 4 -> OPTIMAL (= port bound)
    [gap 1] 3 jobs (0 hard), max-port-load lower bound = 2 round(s)
      round 0: 4->5 (id8,1,done)
      round 1: 4->6 (id8,1,done)  5->7 (id8,1,done)
    [gap 1] used 2 round(s) vs bound 2 -> OPTIMAL (= port bound)
    [gap 2] 4 jobs (1 hard), max-port-load lower bound = 2 round(s)
      round 0: 5->4H(id5,1,done)  4->5 (id9,1,done)
      round 1: 4->6 (id9,1,done)  5->7 (id9,1,done)
    [gap 2] used 2 round(s) vs bound 2 -> OPTIMAL (= port bound)
    [gap 3] 4 jobs (1 hard), max-port-load lower bound = 2 round(s)
      round 0: 6->4H(id6,1,done)  4->5 (id10,1,done)
      round 1: 4->6 (id10,1,done)  5->7 (id10,1,done)
    [gap 3] used 2 round(s) vs bound 2 -> OPTIMAL (= port bound)
    [gap 4] 3 jobs (0 hard), max-port-load lower bound = 2 round(s)
      round 0: 4->5 (id0,1,done)
      round 1: 4->6 (id0,1,done)  5->7 (id0,1,done)
    [gap 4] used 2 round(s) vs bound 2 -> OPTIMAL (= port bound)
    [gap 5] 7 jobs (1 hard), max-port-load lower bound = 2 round(s)
      round 0: 7->4H(id7,1,done)  4->5 (id11,0.5,done)  4->5 (id12,0.5,done)
      round 1: 4->6 (id11,0.5,done)  4->6 (id12,0.5,done)  5->7 (id11,0.5,done)  5->7 (id12,0.5,done)
    [gap 5] used 2 round(s) vs bound 2 -> OPTIMAL (= port bound)
    [gap 6] 3 jobs (0 hard), max-port-load lower bound = 2 round(s)
      round 0: 4->5 (id1,1,done)
      round 1: 4->6 (id1,1,done)  5->7 (id1,1,done)
    [gap 6] used 2 round(s) vs bound 2 -> OPTIMAL (= port bound)
    [gap 7] 6 jobs (0 hard), max-port-load lower bound = 2 round(s)
      round 0: 4->5 (id12,0.5,done)  4->5 (id13,0.5,done)
      round 1: 4->6 (id12,0.5,done)  4->6 (id13,0.5,done)  5->7 (id12,0.5,done)  5->7 (id13,0.5,done)
    [gap 7] used 2 round(s) vs bound 2 -> OPTIMAL (= port bound)
    [gap 8] 3 jobs (0 hard), max-port-load lower bound = 2 round(s)
      round 0: 4->5 (id2,1,done)
      round 1: 4->6 (id2,1,done)  5->7 (id2,1,done)
    [gap 8] used 2 round(s) vs bound 2 -> OPTIMAL (= port bound)
    [gap 9] 3 jobs (0 hard), max-port-load lower bound = 2 round(s)
      round 0: 4->5 (id3,1,done)
      round 1: 4->6 (id3,1,done)  5->7 (id3,1,done)
    [gap 9] used 2 round(s) vs bound 2 -> OPTIMAL (= port bound)
=== cell 1: 51 flows across 10 gap(s), peak 4 rounds/gap; all hard deadlines met, ports within cap ===

=== schedule_cell 2: gpus=[8, 9, 10, 11, 12, 13] nvswitch=16, 21 intra demands ===
  [_to_jobs] 21 demands ({'egress_stage': 7, 'ingress_distribution': 8, 'self_distribution': 6}), max intra-recv load = 17
    fan-out id=(0, 0) ingress_distribution src=8 -> 5 wanters: binomial TREE (send=35 > max_recv=17)
        tree edge r0: 8->9
        tree edge r1: 8->10
        tree edge r1: 9->11 (after 9 receives)
        tree edge r2: 8->12
        tree edge r2: 9->13 (after 9 receives)
    fan-out id=(2, 0) ingress_distribution src=11 -> 5 wanters: binomial TREE (send=23.5 > max_recv=17)
        tree edge r0: 11->8
        tree edge r1: 11->9
        tree edge r1: 8->10 (after 8 receives)
        tree edge r2: 11->12
        tree edge r2: 8->13 (after 8 receives)
    fan-out id=(1, 0) ingress_distribution src=11 -> 5 wanters: binomial TREE (send=23.5 > max_recv=17)
        tree edge r0: 11->8
        tree edge r1: 11->9
        tree edge r1: 8->10 (after 8 receives)
        tree edge r2: 11->12
        tree edge r2: 8->13 (after 8 receives)
    fan-out id=(3, 0) ingress_distribution src=11 -> 5 wanters: binomial TREE (send=23.5 > max_recv=17)
        tree edge r0: 11->8
        tree edge r1: 11->9
        tree edge r1: 8->10 (after 8 receives)
        tree edge r2: 11->12
        tree edge r2: 8->13 (after 8 receives)
    fan-out id=(4, 0) ingress_distribution src=8 -> 5 wanters: binomial TREE (send=35 > max_recv=17)
        tree edge r0: 8->9
        tree edge r1: 8->10
        tree edge r1: 9->11 (after 9 receives)
        tree edge r2: 8->12
        tree edge r2: 9->13 (after 9 receives)
    fan-out id=(5, 0) ingress_distribution src=8 -> 5 wanters: binomial TREE (send=35 > max_recv=17)
        tree edge r0: 8->9
        tree edge r1: 8->10
        tree edge r1: 9->11 (after 9 receives)
        tree edge r2: 8->12
        tree edge r2: 9->13 (after 9 receives)
    fan-out id=(6, 0) ingress_distribution src=8 -> 5 wanters: binomial TREE (send=35 > max_recv=17)
        tree edge r0: 8->9
        tree edge r1: 8->10
        tree edge r1: 9->11 (after 9 receives)
        tree edge r2: 8->12
        tree edge r2: 9->13 (after 9 receives)
    fan-out id=(7, 0) ingress_distribution src=8 -> 5 wanters: binomial TREE (send=35 > max_recv=17)
        tree edge r0: 8->9
        tree edge r1: 8->10
        tree edge r1: 9->11 (after 9 receives)
        tree edge r2: 8->12
        tree edge r2: 9->13 (after 9 receives)
    fan-out id=(8, 0) self_distribution src=8 -> 5 wanters: binomial TREE (send=35 > max_recv=17)
        tree edge r0: 8->9
        tree edge r1: 8->10
        tree edge r1: 9->11 (after 9 receives)
        tree edge r2: 8->12
        tree edge r2: 9->13 (after 9 receives)
    fan-out id=(9, 0) self_distribution src=9 -> 5 wanters: DIRECT/ring (send=6 <= max_recv=17)
      dedup delivery 9->8 id=(9, 0): egress_stage + self_distribution (one send satisfies both)
    fan-out id=(10, 0) self_distribution src=10 -> 5 wanters: DIRECT/ring (send=7 <= max_recv=17)
      dedup delivery 10->8 id=(10, 0): egress_stage + self_distribution (one send satisfies both)
      dedup delivery 10->13 id=(10, 0): egress_stage + self_distribution (one send satisfies both)
    fan-out id=(11, 0) self_distribution src=11 -> 5 wanters: binomial TREE (send=23.5 > max_recv=17)
        tree edge r0: 11->8
        tree edge r1: 11->9
        tree edge r1: 8->10 (after 8 receives)
        tree edge r2: 11->12
        tree edge r2: 8->13 (after 8 receives)
    fan-out id=(12, 0) self_distribution src=12 -> 5 wanters: DIRECT/ring (send=7 <= max_recv=17)
      dedup delivery 12->8 id=(12, 0): egress_stage + self_distribution (one send satisfies both)
      dedup delivery 12->11 id=(12, 0): egress_stage + self_distribution (one send satisfies both)
    fan-out id=(13, 0) self_distribution src=13 -> 5 wanters: DIRECT/ring (send=5.5 <= max_recv=17)
      dedup delivery 13->8 id=(13, 0): egress_stage + self_distribution (one send satisfies both)
  [_to_jobs] -> 71 jobs (7 hard, 64 soft; 21 direct, 50 tree)
    [gap 0] 50 jobs (1 hard), max-port-load lower bound = 17 round(s)
      round 0: 9->8H(id9,1,done)  8->9 (id0,1,done)  10->11 (id10,1,done)  11->12 (id2,1,done)  12->13 (id12,1,done)  13->10 (id13,1,done)
      round 1: 8->9 (id4,1,done)  9->10 (id9,1,done)  11->12 (id1,1,done)  13->11 (id13,1,done)
      round 2: 8->9 (id8,1,done)  11->12 (id3,1,done)  9->11 (id9,1,done)  12->10 (id12,1,done)
      round 3: 11->12 (id11,1,done)  8->10 (id0,1,done)  9->11 (id0,1,done)  13->9 (id13,1,done)
      round 4: 8->10 (id4,1,done)  9->11 (id4,1,done)  10->12 (id10,1,done)  11->8 (id2,1,done)  12->9 (id12,1,done)
      round 5: 8->10 (id2,1,done)  9->11 (id8,1,done)  11->8 (id1,1,done)  10->9 (id10,1,done)  13->12 (id13,1,done)
      round 6: 8->10 (id1,1,done)  9->12 (id9,1,done)  11->8 (id3,1,done)
      round 7: 8->10 (id3,1,done)  11->8 (id11,1,done)  9->13 (id9,1,done)
      round 8: 8->10 (id8,1,done)  9->13 (id0,1,done)  11->9 (id2,1,done)
      round 9: 8->10 (id11,1,done)  9->13 (id4,1,done)  11->9 (id1,1,done)
      round 10: 8->12 (id0,1,done)  9->13 (id8,1,done)  11->9 (id3,1,done)
      round 11: 8->12 (id4,1,done)  11->9 (id11,1,done)
      round 12: 8->12 (id8,1,done)
      round 13: 8->13 (id2,1,done)
      round 14: 8->13 (id1,1,done)
      round 15: 8->13 (id3,1,done)
      round 16: 8->13 (id11,1,done)
    [gap 0] used 17 round(s) vs bound 17 -> OPTIMAL (= port bound)
    [gap 1] 2 jobs (2 hard), max-port-load lower bound = 1 round(s)
      round 0: 10->13H(id10,1,done)  12->11H(id12,1,done)
    [gap 1] used 1 round(s) vs bound 1 -> OPTIMAL (= port bound)
    [gap 3] 1 jobs (1 hard), max-port-load lower bound = 1 round(s)
      round 0: 10->8H(id10,1,done)
    [gap 3] used 1 round(s) vs bound 1 -> OPTIMAL (= port bound)
    [gap 4] 5 jobs (0 hard), max-port-load lower bound = 3 round(s)
      round 0: 8->9 (id5,1,done)
      round 1: 8->10 (id5,1,done)  9->11 (id5,1,done)
      round 2: 8->12 (id5,1,done)  9->13 (id5,1,done)
    [gap 4] used 3 round(s) vs bound 3 -> OPTIMAL (= port bound)
    [gap 5] 2 jobs (2 hard), max-port-load lower bound = 2 round(s)
      round 0: 12->8H(id12,1,done)
      round 1: 11->8H(id11,0.5,done)
    [gap 5] used 2 round(s) vs bound 2 -> OPTIMAL (= port bound)
    [gap 6] 5 jobs (0 hard), max-port-load lower bound = 3 round(s)
      round 0: 8->9 (id6,1,done)
      round 1: 8->10 (id6,1,done)  9->11 (id6,1,done)
      round 2: 8->12 (id6,1,done)  9->13 (id6,1,done)
    [gap 6] used 3 round(s) vs bound 3 -> OPTIMAL (= port bound)
    [gap 7] 6 jobs (1 hard), max-port-load lower bound = 3 round(s)
      round 0: 13->8H(id13,1,done)  8->9 (id7,1,done)
      round 1: 8->10 (id7,1,done)  9->11 (id7,1,done)
      round 2: 8->12 (id7,1,done)  9->13 (id7,1,done)
    [gap 7] used 3 round(s) vs bound 3 -> OPTIMAL (= port bound)
=== cell 2: 71 flows across 7 gap(s), peak 17 rounds/gap; all hard deadlines met, ports within cap ===

phase-3 intra schedule: 165 fine flows written to Schedules/coarse_hetero_allgather_intra.json

LP: epochs=10 finish=0.2 bw=15.0 solver_time=0.3301718235015869
