cpu-bind=MASK - lanka26, task  0  0 [3130584]: mask 0xffffffffffff set
  error: subprocess-exited-with-error
  
  × Building wheel for teccl (pyproject.toml) did not run successfully.
  │ exit code: 1
  ╰─> [21 lines of output]
      running bdist_wheel
      running build
      running build_py
      copying teccl/__init__.py -> build/lib/teccl
      copying teccl/gurobi_env.py -> build/lib/teccl
      copying teccl/scheduler.py -> build/lib/teccl
      copying teccl/__main__.py -> build/lib/teccl
      copying teccl/input_data.py -> build/lib/teccl
      copying teccl/hierarchy/intra_solve.py -> build/lib/teccl/hierarchy
      copying teccl/hierarchy/abstract.py -> build/lib/teccl/hierarchy
      copying teccl/hierarchy/reconstruct.py -> build/lib/teccl/hierarchy
      copying teccl/hierarchy/cell.py -> build/lib/teccl/hierarchy
      copying teccl/solvers/allgather_astar.py -> build/lib/teccl/solvers
      copying teccl/solvers/__init__.py -> build/lib/teccl/solvers
      copying teccl/solvers/lp_formulation.py -> build/lib/teccl/solvers
      copying teccl/solvers/allgather.py -> build/lib/teccl/solvers
      copying teccl/solvers/base_formulation.py -> build/lib/teccl/solvers
      copying teccl/topologies/__init__.py -> build/lib/teccl/topologies
      copying teccl/topologies/ndv2.py -> build/lib/teccl/topologies
      copying teccl/topologies/topology.py -> build/lib/teccl/topologies
      error: [Errno 116] Stale file handle
      [end of output]
  
  note: This error originates from a subprocess, and is likely not a problem with pip.
  ERROR: Failed building wheel for teccl
error: failed-wheel-build-for-install

× Failed to build installable wheels for some pyproject.toml based projects
╰─> teccl
cpu-bind=MASK - lanka26, task  0  0 [3131239]: mask 0xff0000ff set
